### stage canary start 2026-09-23T00:44:06Z
### load at start: 0.10 0.03 0.01
### kernel 7.0.0-1011-gcp aarch64  cpus server=0-9 client=10-15
### os Ubuntu 24.04.4 LTS  memtotal 62.7 GiB
### seedstone seedstone 0.2.0  benchmark redis-benchmark 8.10.0

### canary: redis io-threads 1, GET 64 B, depth 64, 50 clients, 100 000 spread keys, populated
### reference 2551021 ops/s, tolerance +-5 %
--- redis-iot1 [populate] pid=2258 threads=6 load:0.10
    cmd: /home/stefanobaldo/redis-8.10.0/src/redis-server --port 6391 --save  --appendonly no --io-threads 1
    redis_version:8.10.0
    os:Linux 7.0.0-1011-gcp aarch64
    gcc_version:13.3.0
    probe: 46/50 hits on key:%012d  dbsize=95023
    io-threads=1
cell arm=redis-iot1 kind=kept shape=get arg=- depth=64 clients=50 keyspace=100000 payload=64 n=1000000 ops=2659574.50 user_us=0.290 sys_us=0.090 total_us=0.380 cores=1.01 client_cores=0.54 evicted=0 evicted_per_op=0.000
cell arm=redis-iot1 kind=kept shape=get arg=- depth=64 clients=50 keyspace=100000 payload=64 n=1000000 ops=2666666.75 user_us=0.310 sys_us=0.070 total_us=0.380 cores=1.01 client_cores=0.54 evicted=0 evicted_per_op=0.000
cell arm=redis-iot1 kind=kept shape=get arg=- depth=64 clients=50 keyspace=100000 payload=64 n=1000000 ops=2638522.25 user_us=0.300 sys_us=0.070 total_us=0.370 cores=0.98 client_cores=0.55 evicted=0 evicted_per_op=0.000

### CANARY median=2659574.50 reference=2551021 delta=+4.26% tolerance=+-5%
### CANARY PASSED
### stage canary done 2026-09-23T00:44:10Z  load:0.09 0.03 0.01
