### stage eviction start 2026-09-23T00:53:49Z
### load at start: 4.76 3.41 1.66
### kernel 7.0.0-1011-gcp aarch64  cpus server=0-9 client=10-15
### os Ubuntu 24.04.4 LTS  memtotal 62.7 GiB
### seedstone seedstone 0.2.0  benchmark redis-benchmark 8.10.0

### eviction: SET 10 240 B at depth 64 under a 384mb ceiling, LRU where the engine has it;
### the keyspace is filled past the ceiling first (discarded), then W discarded runs, then
### three kept, so every kept run is in steady-state eviction. evicted_keys per operation
### is on every row. Two engines do not take part, for reasons that are theirs and not
### this cell's. Garnet: its memory bound is a log size with tail reclamation, not a
### ceiling with LRU, so a comparable cell does not exist. Dragonfly (v1.40.2): it
### requires 256 MiB of maxmemory per proactor thread and refuses to start below that,
### so at the ten threads this hardware gives it the smallest ceiling it accepts is
### 2.50 GiB - above the ~0.95 GiB this cell's keyspace can hold, which would mean no
### eviction at all in any arm. The ceiling was declared before the run and stands.
--- seedstone [clean] pid=14062 threads=11 load:4.76
    cmd: /home/stefanobaldo/src/seedstone-v0.2.0/target/release/seedstone --bind 127.0.0.1:6390 --max-clients 2000 --no-auth --maxmemory 384mb --maxmemory-policy allkeys-lru
    redis_version:0.2.0
    filled past the ceiling: evicted_keys:6597
cell arm=seedstone kind=warmup shape=set-large arg=10240 depth=64 clients=50 keyspace=100000 payload=10240 n=1000000 ops=630119.69 user_us=4.590 sys_us=2.960 total_us=7.550 cores=4.76 client_cores=1.01 evicted=612454 evicted_per_op=0.612
cell arm=seedstone kind=warmup shape=set-large arg=10240 depth=64 clients=50 keyspace=100000 payload=10240 n=1000000 ops=613496.94 user_us=4.810 sys_us=2.830 total_us=7.640 cores=4.69 client_cores=1.01 evicted=613095 evicted_per_op=0.613
cell arm=seedstone kind=warmup shape=set-large arg=10240 depth=64 clients=50 keyspace=100000 payload=10240 n=1000000 ops=620347.38 user_us=4.750 sys_us=2.910 total_us=7.660 cores=4.75 client_cores=1.01 evicted=612694 evicted_per_op=0.613
cell arm=seedstone kind=kept shape=set-large arg=10240 depth=64 clients=50 keyspace=100000 payload=10240 n=1000000 ops=627352.56 user_us=4.660 sys_us=2.980 total_us=7.640 cores=4.79 client_cores=1.01 evicted=612547 evicted_per_op=0.613
cell arm=seedstone kind=kept shape=set-large arg=10240 depth=64 clients=50 keyspace=100000 payload=10240 n=1000000 ops=615006.12 user_us=4.690 sys_us=2.980 total_us=7.670 cores=4.72 client_cores=1.01 evicted=612484 evicted_per_op=0.612
cell arm=seedstone kind=kept shape=set-large arg=10240 depth=64 clients=50 keyspace=100000 payload=10240 n=1000000 ops=601322.94 user_us=4.790 sys_us=2.890 total_us=7.680 cores=4.62 client_cores=1.01 evicted=612704 evicted_per_op=0.613

--- redis-iot1 [clean] pid=14237 threads=6 load:4.48
    cmd: /home/stefanobaldo/redis-8.10.0/src/redis-server --port 6391 --save  --appendonly no --io-threads 1 --maxmemory 384mb --maxmemory-policy allkeys-lru
    redis_version:8.10.0
    os:Linux 7.0.0-1011-gcp aarch64
    gcc_version:13.3.0
    filled past the ceiling: evicted_keys:14319
cell arm=redis-iot1 kind=warmup shape=set-large arg=10240 depth=64 clients=50 keyspace=100000 payload=10240 n=1000000 ops=265674.81 user_us=1.710 sys_us=2.060 total_us=3.770 cores=1.00 client_cores=0.54 evicted=677604 evicted_per_op=0.678
cell arm=redis-iot1 kind=warmup shape=set-large arg=10240 depth=64 clients=50 keyspace=100000 payload=10240 n=1000000 ops=266382.53 user_us=1.710 sys_us=2.040 total_us=3.750 cores=1.00 client_cores=0.54 evicted=676698 evicted_per_op=0.677
cell arm=redis-iot1 kind=warmup shape=set-large arg=10240 depth=64 clients=50 keyspace=100000 payload=10240 n=1000000 ops=266028.19 user_us=1.730 sys_us=2.030 total_us=3.760 cores=1.00 client_cores=0.54 evicted=676732 evicted_per_op=0.677
cell arm=redis-iot1 kind=kept shape=set-large arg=10240 depth=64 clients=50 keyspace=100000 payload=10240 n=1000000 ops=265463.25 user_us=1.700 sys_us=2.070 total_us=3.770 cores=1.00 client_cores=0.53 evicted=677579 evicted_per_op=0.678
cell arm=redis-iot1 kind=kept shape=set-large arg=10240 depth=64 clients=50 keyspace=100000 payload=10240 n=1000000 ops=267379.69 user_us=1.650 sys_us=2.090 total_us=3.740 cores=1.00 client_cores=0.53 evicted=677426 evicted_per_op=0.677
cell arm=redis-iot1 kind=kept shape=set-large arg=10240 depth=64 clients=50 keyspace=100000 payload=10240 n=1000000 ops=267094.03 user_us=1.680 sys_us=2.060 total_us=3.740 cores=1.00 client_cores=0.54 evicted=677930 evicted_per_op=0.678

--- redis-iot4 [clean] pid=14410 threads=9 load:3.58
    cmd: /home/stefanobaldo/redis-8.10.0/src/redis-server --port 6391 --save  --appendonly no --io-threads 4 --maxmemory 384mb --maxmemory-policy allkeys-lru
    redis_version:8.10.0
    os:Linux 7.0.0-1011-gcp aarch64
    gcc_version:13.3.0
    filled past the ceiling: evicted_keys:14409
cell arm=redis-iot4 kind=warmup shape=set-large arg=10240 depth=64 clients=50 keyspace=100000 payload=10240 n=1000000 ops=632111.25 user_us=2.930 sys_us=3.030 total_us=5.960 cores=3.77 client_cores=1.01 evicted=677558 evicted_per_op=0.678
cell arm=redis-iot4 kind=warmup shape=set-large arg=10240 depth=64 clients=50 keyspace=100000 payload=10240 n=1000000 ops=671591.69 user_us=2.720 sys_us=2.890 total_us=5.610 cores=3.77 client_cores=1.01 evicted=678223 evicted_per_op=0.678
cell arm=redis-iot4 kind=warmup shape=set-large arg=10240 depth=64 clients=50 keyspace=100000 payload=10240 n=1000000 ops=635324.00 user_us=2.870 sys_us=2.970 total_us=5.840 cores=3.71 client_cores=1.01 evicted=678127 evicted_per_op=0.678
cell arm=redis-iot4 kind=kept shape=set-large arg=10240 depth=64 clients=50 keyspace=100000 payload=10240 n=1000000 ops=640204.88 user_us=2.830 sys_us=3.040 total_us=5.870 cores=3.76 client_cores=1.01 evicted=677622 evicted_per_op=0.678
cell arm=redis-iot4 kind=kept shape=set-large arg=10240 depth=64 clients=50 keyspace=100000 payload=10240 n=1000000 ops=637348.62 user_us=2.810 sys_us=2.970 total_us=5.780 cores=3.68 client_cores=1.01 evicted=677514 evicted_per_op=0.678
cell arm=redis-iot4 kind=kept shape=set-large arg=10240 depth=64 clients=50 keyspace=100000 payload=10240 n=1000000 ops=653167.88 user_us=2.840 sys_us=2.940 total_us=5.780 cores=3.78 client_cores=1.01 evicted=678821 evicted_per_op=0.679

--- valkey-iot1 [clean] pid=14588 threads=7 load:3.72
    cmd: /home/stefanobaldo/valkey-9.1.1/src/valkey-server --port 6393 --save  --appendonly no --io-threads 1 --maxmemory 384mb --maxmemory-policy allkeys-lru
    redis_version:7.2.4
    valkey_version:9.1.1
    os:Linux 7.0.0-1011-gcp aarch64
    gcc_version:13.3.0
    filled past the ceiling: evicted_keys:14449
cell arm=valkey-iot1 kind=warmup shape=set-large arg=10240 depth=64 clients=50 keyspace=100000 payload=10240 n=1000000 ops=263088.66 user_us=1.760 sys_us=2.030 total_us=3.790 cores=1.00 client_cores=0.54 evicted=676147 evicted_per_op=0.676
cell arm=valkey-iot1 kind=warmup shape=set-large arg=10240 depth=64 clients=50 keyspace=100000 payload=10240 n=1000000 ops=262398.31 user_us=1.760 sys_us=2.060 total_us=3.820 cores=1.00 client_cores=0.54 evicted=677073 evicted_per_op=0.677
cell arm=valkey-iot1 kind=warmup shape=set-large arg=10240 depth=64 clients=50 keyspace=100000 payload=10240 n=1000000 ops=262674.03 user_us=1.780 sys_us=2.020 total_us=3.800 cores=1.00 client_cores=0.53 evicted=677444 evicted_per_op=0.677
cell arm=valkey-iot1 kind=kept shape=set-large arg=10240 depth=64 clients=50 keyspace=100000 payload=10240 n=1000000 ops=262605.03 user_us=1.690 sys_us=2.130 total_us=3.820 cores=1.00 client_cores=0.53 evicted=678067 evicted_per_op=0.678
cell arm=valkey-iot1 kind=kept shape=set-large arg=10240 depth=64 clients=50 keyspace=100000 payload=10240 n=1000000 ops=261437.91 user_us=1.760 sys_us=2.060 total_us=3.820 cores=1.00 client_cores=0.52 evicted=675905 evicted_per_op=0.676
cell arm=valkey-iot1 kind=kept shape=set-large arg=10240 depth=64 clients=50 keyspace=100000 payload=10240 n=1000000 ops=262743.03 user_us=1.710 sys_us=2.100 total_us=3.810 cores=1.00 client_cores=0.53 evicted=677624 evicted_per_op=0.678

--- valkey-iot4 [clean] pid=14765 threads=13 load:2.91
    cmd: /home/stefanobaldo/valkey-9.1.1/src/valkey-server --port 6393 --save  --appendonly no --io-threads 4 --maxmemory 384mb --maxmemory-policy allkeys-lru
    redis_version:7.2.4
    valkey_version:9.1.1
    os:Linux 7.0.0-1011-gcp aarch64
    gcc_version:13.3.0
    filled past the ceiling: evicted_keys:14284
cell arm=valkey-iot4 kind=warmup shape=set-large arg=10240 depth=64 clients=50 keyspace=100000 payload=10240 n=1000000 ops=575705.25 user_us=4.680 sys_us=1.930 total_us=6.610 cores=3.81 client_cores=0.97 evicted=678413 evicted_per_op=0.678
cell arm=valkey-iot4 kind=warmup shape=set-large arg=10240 depth=64 clients=50 keyspace=100000 payload=10240 n=1000000 ops=702247.19 user_us=3.960 sys_us=1.790 total_us=5.750 cores=4.04 client_cores=1.01 evicted=678728 evicted_per_op=0.679
cell arm=valkey-iot4 kind=warmup shape=set-large arg=10240 depth=64 clients=50 keyspace=100000 payload=10240 n=1000000 ops=637348.62 user_us=4.560 sys_us=1.780 total_us=6.340 cores=4.04 client_cores=1.01 evicted=679007 evicted_per_op=0.679
cell arm=valkey-iot4 kind=kept shape=set-large arg=10240 depth=64 clients=50 keyspace=100000 payload=10240 n=1000000 ops=638569.62 user_us=4.290 sys_us=1.870 total_us=6.160 cores=3.93 client_cores=1.01 evicted=679044 evicted_per_op=0.679
cell arm=valkey-iot4 kind=kept shape=set-large arg=10240 depth=64 clients=50 keyspace=100000 payload=10240 n=1000000 ops=632511.06 user_us=4.410 sys_us=1.810 total_us=6.220 cores=3.93 client_cores=1.01 evicted=678191 evicted_per_op=0.678
cell arm=valkey-iot4 kind=kept shape=set-large arg=10240 depth=64 clients=50 keyspace=100000 payload=10240 n=1000000 ops=648929.25 user_us=4.440 sys_us=1.770 total_us=6.210 cores=4.03 client_cores=1.01 evicted=678508 evicted_per_op=0.679

### dragonfly skipped in this stage, by design

### garnet skipped in this stage, by design

### stage eviction done 2026-09-23T00:55:16Z  load:2.88 3.15 1.73
