### stage expiry start 2026-10-10T17:26:52Z
### load at start: 6.16 4.30 2.29
### kernel 7.0.0-1011-gcp aarch64  cpus server=0-9 client=10-15
### os Ubuntu 24.04.4 LTS  memtotal 62.7 GiB
### seedstone seedstone 0.3.1  benchmark redis-benchmark 8.10.0

### expiry: SET 64 B at depth 64, without and with EX 60; 50 clients; 100 000 spread keys; W=7
--- seedstone [populate] pid=16291 threads=11 load:6.16
    cmd: /home/stefanobaldo/src/seedstone-v0.3.1/target/release/seedstone --bind 127.0.0.1:6390 --max-clients 2000 --no-auth
    redis_version:0.3.1
    probe: 45/50 hits on key:%012d  dbsize=94947
cell arm=seedstone kind=warmup shape=set arg=- depth=64 clients=50 keyspace=100000 payload=64 n=1000000 ops=4587156.00 user_us=1.400 sys_us=0.250 total_us=1.650 cores=7.57 client_cores=1.01 evicted=0 evicted_per_op=0.000
cell arm=seedstone kind=warmup shape=set arg=- depth=64 clients=50 keyspace=100000 payload=64 n=1000000 ops=4444444.50 user_us=1.390 sys_us=0.250 total_us=1.640 cores=7.29 client_cores=1.01 evicted=0 evicted_per_op=0.000
cell arm=seedstone kind=warmup shape=set arg=- depth=64 clients=50 keyspace=100000 payload=64 n=1000000 ops=4504504.50 user_us=1.350 sys_us=0.290 total_us=1.640 cores=7.39 client_cores=1.01 evicted=0 evicted_per_op=0.000
cell arm=seedstone kind=warmup shape=set arg=- depth=64 clients=50 keyspace=100000 payload=64 n=1000000 ops=4566210.00 user_us=1.420 sys_us=0.220 total_us=1.640 cores=7.49 client_cores=1.01 evicted=0 evicted_per_op=0.000
cell arm=seedstone kind=warmup shape=set arg=- depth=64 clients=50 keyspace=100000 payload=64 n=1000000 ops=4504504.50 user_us=1.400 sys_us=0.240 total_us=1.640 cores=7.39 client_cores=1.01 evicted=0 evicted_per_op=0.000
cell arm=seedstone kind=warmup shape=set arg=- depth=64 clients=50 keyspace=100000 payload=64 n=1000000 ops=4587156.00 user_us=1.380 sys_us=0.260 total_us=1.640 cores=7.52 client_cores=1.01 evicted=0 evicted_per_op=0.000
cell arm=seedstone kind=warmup shape=set arg=- depth=64 clients=50 keyspace=100000 payload=64 n=1000000 ops=4587156.00 user_us=1.400 sys_us=0.240 total_us=1.640 cores=7.52 client_cores=1.01 evicted=0 evicted_per_op=0.000
cell arm=seedstone kind=kept shape=set arg=- depth=64 clients=50 keyspace=100000 payload=64 n=1000000 ops=4524887.00 user_us=1.400 sys_us=0.250 total_us=1.650 cores=7.47 client_cores=1.01 evicted=0 evicted_per_op=0.000
cell arm=seedstone kind=kept shape=set arg=- depth=64 clients=50 keyspace=100000 payload=64 n=1000000 ops=4484305.00 user_us=1.400 sys_us=0.240 total_us=1.640 cores=7.35 client_cores=1.01 evicted=0 evicted_per_op=0.000
cell arm=seedstone kind=kept shape=set arg=- depth=64 clients=50 keyspace=100000 payload=64 n=1000000 ops=4587156.00 user_us=1.370 sys_us=0.260 total_us=1.630 cores=7.48 client_cores=1.01 evicted=0 evicted_per_op=0.000
cell arm=seedstone kind=warmup shape=set-ex arg=60 depth=64 clients=50 keyspace=100000 payload=64 n=1000000 ops=4366812.00 user_us=1.550 sys_us=0.230 total_us=1.780 cores=7.77 client_cores=1.01 evicted=0 evicted_per_op=0.000
cell arm=seedstone kind=warmup shape=set-ex arg=60 depth=64 clients=50 keyspace=100000 payload=64 n=1000000 ops=4566210.00 user_us=1.520 sys_us=0.240 total_us=1.760 cores=8.04 client_cores=1.01 evicted=0 evicted_per_op=0.000
cell arm=seedstone kind=warmup shape=set-ex arg=60 depth=64 clients=50 keyspace=100000 payload=64 n=1000000 ops=4629629.50 user_us=1.510 sys_us=0.240 total_us=1.750 cores=8.10 client_cores=1.01 evicted=0 evicted_per_op=0.000
cell arm=seedstone kind=warmup shape=set-ex arg=60 depth=64 clients=50 keyspace=100000 payload=64 n=1000000 ops=4484305.00 user_us=1.550 sys_us=0.210 total_us=1.760 cores=7.89 client_cores=1.01 evicted=0 evicted_per_op=0.000
cell arm=seedstone kind=warmup shape=set-ex arg=60 depth=64 clients=50 keyspace=100000 payload=64 n=1000000 ops=4464285.50 user_us=1.530 sys_us=0.240 total_us=1.770 cores=7.90 client_cores=1.01 evicted=0 evicted_per_op=0.000
cell arm=seedstone kind=warmup shape=set-ex arg=60 depth=64 clients=50 keyspace=100000 payload=64 n=1000000 ops=4310345.00 user_us=1.560 sys_us=0.230 total_us=1.790 cores=7.72 client_cores=1.01 evicted=0 evicted_per_op=0.000
cell arm=seedstone kind=warmup shape=set-ex arg=60 depth=64 clients=50 keyspace=100000 payload=64 n=1000000 ops=4545454.50 user_us=1.540 sys_us=0.230 total_us=1.770 cores=8.05 client_cores=1.01 evicted=0 evicted_per_op=0.000
cell arm=seedstone kind=kept shape=set-ex arg=60 depth=64 clients=50 keyspace=100000 payload=64 n=1000000 ops=4464285.50 user_us=1.540 sys_us=0.220 total_us=1.760 cores=7.86 client_cores=1.01 evicted=0 evicted_per_op=0.000
cell arm=seedstone kind=kept shape=set-ex arg=60 depth=64 clients=50 keyspace=100000 payload=64 n=1000000 ops=4608295.00 user_us=1.550 sys_us=0.200 total_us=1.750 cores=8.06 client_cores=1.01 evicted=0 evicted_per_op=0.000
cell arm=seedstone kind=kept shape=set-ex arg=60 depth=64 clients=50 keyspace=100000 payload=64 n=1000000 ops=4464285.50 user_us=1.540 sys_us=0.230 total_us=1.770 cores=7.90 client_cores=1.01 evicted=0 evicted_per_op=0.000
    ttl probe: 60 (a deadline reached the server)

--- redis-iot1 [populate] pid=16937 threads=6 load:6.31
    cmd: /home/stefanobaldo/redis-8.10.0/src/redis-server --port 6391 --save  --appendonly no --io-threads 1
    redis_version:8.10.0
    os:Linux 7.0.0-1011-gcp aarch64
    gcc_version:13.3.0
    probe: 46/50 hits on key:%012d  dbsize=94992
cell arm=redis-iot1 kind=warmup shape=set arg=- depth=64 clients=50 keyspace=100000 payload=64 n=1000000 ops=2070393.38 user_us=0.410 sys_us=0.070 total_us=0.480 cores=0.99 client_cores=0.44 evicted=0 evicted_per_op=0.000
cell arm=redis-iot1 kind=warmup shape=set arg=- depth=64 clients=50 keyspace=100000 payload=64 n=1000000 ops=2074688.88 user_us=0.410 sys_us=0.080 total_us=0.490 cores=1.02 client_cores=0.43 evicted=0 evicted_per_op=0.000
cell arm=redis-iot1 kind=warmup shape=set arg=- depth=64 clients=50 keyspace=100000 payload=64 n=1000000 ops=2061855.62 user_us=0.400 sys_us=0.090 total_us=0.490 cores=1.01 client_cores=0.45 evicted=0 evicted_per_op=0.000
cell arm=redis-iot1 kind=warmup shape=set arg=- depth=64 clients=50 keyspace=100000 payload=64 n=1000000 ops=2074688.88 user_us=0.400 sys_us=0.080 total_us=0.480 cores=1.00 client_cores=0.43 evicted=0 evicted_per_op=0.000
cell arm=redis-iot1 kind=warmup shape=set arg=- depth=64 clients=50 keyspace=100000 payload=64 n=1000000 ops=2074688.88 user_us=0.400 sys_us=0.090 total_us=0.490 cores=1.02 client_cores=0.44 evicted=0 evicted_per_op=0.000
cell arm=redis-iot1 kind=warmup shape=set arg=- depth=64 clients=50 keyspace=100000 payload=64 n=1000000 ops=2079002.00 user_us=0.410 sys_us=0.070 total_us=0.480 cores=1.00 client_cores=0.43 evicted=0 evicted_per_op=0.000
cell arm=redis-iot1 kind=warmup shape=set arg=- depth=64 clients=50 keyspace=100000 payload=64 n=1000000 ops=2070393.38 user_us=0.400 sys_us=0.080 total_us=0.480 cores=0.99 client_cores=0.44 evicted=0 evicted_per_op=0.000
cell arm=redis-iot1 kind=kept shape=set arg=- depth=64 clients=50 keyspace=100000 payload=64 n=1000000 ops=2066115.75 user_us=0.410 sys_us=0.080 total_us=0.490 cores=1.01 client_cores=0.43 evicted=0 evicted_per_op=0.000
cell arm=redis-iot1 kind=kept shape=set arg=- depth=64 clients=50 keyspace=100000 payload=64 n=1000000 ops=2079002.00 user_us=0.410 sys_us=0.070 total_us=0.480 cores=1.00 client_cores=0.43 evicted=0 evicted_per_op=0.000
cell arm=redis-iot1 kind=kept shape=set arg=- depth=64 clients=50 keyspace=100000 payload=64 n=1000000 ops=2074688.88 user_us=0.400 sys_us=0.080 total_us=0.480 cores=1.00 client_cores=0.44 evicted=0 evicted_per_op=0.000
cell arm=redis-iot1 kind=warmup shape=set-ex arg=60 depth=64 clients=50 keyspace=100000 payload=64 n=1000000 ops=1490313.00 user_us=0.590 sys_us=0.090 total_us=0.680 cores=1.01 client_cores=0.32 evicted=0 evicted_per_op=0.000
cell arm=redis-iot1 kind=warmup shape=set-ex arg=60 depth=64 clients=50 keyspace=100000 payload=64 n=1000000 ops=1557632.38 user_us=0.560 sys_us=0.080 total_us=0.640 cores=1.00 client_cores=0.33 evicted=0 evicted_per_op=0.000
cell arm=redis-iot1 kind=warmup shape=set-ex arg=60 depth=64 clients=50 keyspace=100000 payload=64 n=1000000 ops=1552795.00 user_us=0.560 sys_us=0.080 total_us=0.640 cores=0.99 client_cores=0.33 evicted=0 evicted_per_op=0.000
cell arm=redis-iot1 kind=warmup shape=set-ex arg=60 depth=64 clients=50 keyspace=100000 payload=64 n=1000000 ops=1557632.38 user_us=0.550 sys_us=0.100 total_us=0.650 cores=1.01 client_cores=0.33 evicted=0 evicted_per_op=0.000
cell arm=redis-iot1 kind=warmup shape=set-ex arg=60 depth=64 clients=50 keyspace=100000 payload=64 n=1000000 ops=1562500.00 user_us=0.550 sys_us=0.090 total_us=0.640 cores=1.00 client_cores=0.33 evicted=0 evicted_per_op=0.000
cell arm=redis-iot1 kind=warmup shape=set-ex arg=60 depth=64 clients=50 keyspace=100000 payload=64 n=1000000 ops=1555209.88 user_us=0.560 sys_us=0.090 total_us=0.650 cores=1.01 client_cores=0.34 evicted=0 evicted_per_op=0.000
cell arm=redis-iot1 kind=warmup shape=set-ex arg=60 depth=64 clients=50 keyspace=100000 payload=64 n=1000000 ops=1560062.50 user_us=0.550 sys_us=0.080 total_us=0.630 cores=0.98 client_cores=0.33 evicted=0 evicted_per_op=0.000
cell arm=redis-iot1 kind=kept shape=set-ex arg=60 depth=64 clients=50 keyspace=100000 payload=64 n=1000000 ops=1562500.00 user_us=0.560 sys_us=0.080 total_us=0.640 cores=1.00 client_cores=0.33 evicted=0 evicted_per_op=0.000
cell arm=redis-iot1 kind=kept shape=set-ex arg=60 depth=64 clients=50 keyspace=100000 payload=64 n=1000000 ops=1562500.00 user_us=0.550 sys_us=0.090 total_us=0.640 cores=1.00 client_cores=0.33 evicted=0 evicted_per_op=0.000
cell arm=redis-iot1 kind=kept shape=set-ex arg=60 depth=64 clients=50 keyspace=100000 payload=64 n=1000000 ops=1567398.12 user_us=0.560 sys_us=0.080 total_us=0.640 cores=1.00 client_cores=0.33 evicted=0 evicted_per_op=0.000
    ttl probe: 60 (a deadline reached the server)

--- redis-iot4 [populate] pid=17637 threads=9 load:5.28
    cmd: /home/stefanobaldo/redis-8.10.0/src/redis-server --port 6391 --save  --appendonly no --io-threads 4
    redis_version:8.10.0
    os:Linux 7.0.0-1011-gcp aarch64
    gcc_version:13.3.0
    probe: 48/50 hits on key:%012d  dbsize=94972
cell arm=redis-iot4 kind=warmup shape=set arg=- depth=64 clients=50 keyspace=100000 payload=64 n=1000000 ops=2457002.50 user_us=0.510 sys_us=0.100 total_us=0.610 cores=1.50 client_cores=0.59 evicted=0 evicted_per_op=0.000
cell arm=redis-iot4 kind=warmup shape=set arg=- depth=64 clients=50 keyspace=100000 payload=64 n=1000000 ops=2457002.50 user_us=0.480 sys_us=0.110 total_us=0.590 cores=1.45 client_cores=0.58 evicted=0 evicted_per_op=0.000
cell arm=redis-iot4 kind=warmup shape=set arg=- depth=64 clients=50 keyspace=100000 payload=64 n=1000000 ops=2463054.25 user_us=0.480 sys_us=0.110 total_us=0.590 cores=1.45 client_cores=0.58 evicted=0 evicted_per_op=0.000
cell arm=redis-iot4 kind=warmup shape=set arg=- depth=64 clients=50 keyspace=100000 payload=64 n=1000000 ops=2475247.50 user_us=0.490 sys_us=0.100 total_us=0.590 cores=1.46 client_cores=0.59 evicted=0 evicted_per_op=0.000
cell arm=redis-iot4 kind=warmup shape=set arg=- depth=64 clients=50 keyspace=100000 payload=64 n=1000000 ops=2463054.25 user_us=0.490 sys_us=0.110 total_us=0.600 cores=1.48 client_cores=0.61 evicted=0 evicted_per_op=0.000
cell arm=redis-iot4 kind=warmup shape=set arg=- depth=64 clients=50 keyspace=100000 payload=64 n=1000000 ops=2469135.75 user_us=0.490 sys_us=0.110 total_us=0.600 cores=1.48 client_cores=0.59 evicted=0 evicted_per_op=0.000
cell arm=redis-iot4 kind=warmup shape=set arg=- depth=64 clients=50 keyspace=100000 payload=64 n=1000000 ops=2469135.75 user_us=0.480 sys_us=0.110 total_us=0.590 cores=1.46 client_cores=0.63 evicted=0 evicted_per_op=0.000
cell arm=redis-iot4 kind=kept shape=set arg=- depth=64 clients=50 keyspace=100000 payload=64 n=1000000 ops=2463054.25 user_us=0.480 sys_us=0.120 total_us=0.600 cores=1.48 client_cores=0.59 evicted=0 evicted_per_op=0.000
cell arm=redis-iot4 kind=kept shape=set arg=- depth=64 clients=50 keyspace=100000 payload=64 n=1000000 ops=2469135.75 user_us=0.490 sys_us=0.110 total_us=0.600 cores=1.48 client_cores=0.58 evicted=0 evicted_per_op=0.000
cell arm=redis-iot4 kind=kept shape=set arg=- depth=64 clients=50 keyspace=100000 payload=64 n=1000000 ops=2450980.50 user_us=0.500 sys_us=0.100 total_us=0.600 cores=1.47 client_cores=0.58 evicted=0 evicted_per_op=0.000
cell arm=redis-iot4 kind=warmup shape=set-ex arg=60 depth=64 clients=50 keyspace=100000 payload=64 n=1000000 ops=1703577.50 user_us=0.690 sys_us=0.110 total_us=0.800 cores=1.36 client_cores=0.42 evicted=0 evicted_per_op=0.000
cell arm=redis-iot4 kind=warmup shape=set-ex arg=60 depth=64 clients=50 keyspace=100000 payload=64 n=1000000 ops=1795332.25 user_us=0.660 sys_us=0.100 total_us=0.760 cores=1.36 client_cores=0.43 evicted=0 evicted_per_op=0.000
cell arm=redis-iot4 kind=warmup shape=set-ex arg=60 depth=64 clients=50 keyspace=100000 payload=64 n=1000000 ops=1801801.75 user_us=0.660 sys_us=0.100 total_us=0.760 cores=1.37 client_cores=0.43 evicted=0 evicted_per_op=0.000
cell arm=redis-iot4 kind=warmup shape=set-ex arg=60 depth=64 clients=50 keyspace=100000 payload=64 n=1000000 ops=1811594.25 user_us=0.650 sys_us=0.110 total_us=0.760 cores=1.38 client_cores=0.44 evicted=0 evicted_per_op=0.000
cell arm=redis-iot4 kind=warmup shape=set-ex arg=60 depth=64 clients=50 keyspace=100000 payload=64 n=1000000 ops=1801801.75 user_us=0.650 sys_us=0.120 total_us=0.770 cores=1.39 client_cores=0.43 evicted=0 evicted_per_op=0.000
cell arm=redis-iot4 kind=warmup shape=set-ex arg=60 depth=64 clients=50 keyspace=100000 payload=64 n=1000000 ops=1801801.75 user_us=0.660 sys_us=0.100 total_us=0.760 cores=1.37 client_cores=0.46 evicted=0 evicted_per_op=0.000
cell arm=redis-iot4 kind=warmup shape=set-ex arg=60 depth=64 clients=50 keyspace=100000 payload=64 n=1000000 ops=1808318.38 user_us=0.650 sys_us=0.100 total_us=0.750 cores=1.36 client_cores=0.42 evicted=0 evicted_per_op=0.000
cell arm=redis-iot4 kind=kept shape=set-ex arg=60 depth=64 clients=50 keyspace=100000 payload=64 n=1000000 ops=1801801.75 user_us=0.660 sys_us=0.100 total_us=0.760 cores=1.37 client_cores=0.43 evicted=0 evicted_per_op=0.000
cell arm=redis-iot4 kind=kept shape=set-ex arg=60 depth=64 clients=50 keyspace=100000 payload=64 n=1000000 ops=1801801.75 user_us=0.650 sys_us=0.120 total_us=0.770 cores=1.39 client_cores=0.43 evicted=0 evicted_per_op=0.000
cell arm=redis-iot4 kind=kept shape=set-ex arg=60 depth=64 clients=50 keyspace=100000 payload=64 n=1000000 ops=1795332.25 user_us=0.670 sys_us=0.100 total_us=0.770 cores=1.38 client_cores=0.43 evicted=0 evicted_per_op=0.000
    ttl probe: 60 (a deadline reached the server)

--- valkey-iot1 [populate] pid=18284 threads=7 load:4.62
    cmd: /home/stefanobaldo/valkey-9.1.1/src/valkey-server --port 6393 --save  --appendonly no --io-threads 1
    redis_version:7.2.4
    valkey_version:9.1.1
    os:Linux 7.0.0-1011-gcp aarch64
    gcc_version:13.3.0
    probe: 48/50 hits on key:%012d  dbsize=94984
cell arm=valkey-iot1 kind=warmup shape=set arg=- depth=64 clients=50 keyspace=100000 payload=64 n=1000000 ops=1757469.25 user_us=0.510 sys_us=0.070 total_us=0.580 cores=1.02 client_cores=0.38 evicted=0 evicted_per_op=0.000
cell arm=valkey-iot1 kind=warmup shape=set arg=- depth=64 clients=50 keyspace=100000 payload=64 n=1000000 ops=1751313.50 user_us=0.490 sys_us=0.080 total_us=0.570 cores=1.00 client_cores=0.38 evicted=0 evicted_per_op=0.000
cell arm=valkey-iot1 kind=warmup shape=set arg=- depth=64 clients=50 keyspace=100000 payload=64 n=1000000 ops=1763668.50 user_us=0.490 sys_us=0.080 total_us=0.570 cores=1.01 client_cores=0.37 evicted=0 evicted_per_op=0.000
cell arm=valkey-iot1 kind=warmup shape=set arg=- depth=64 clients=50 keyspace=100000 payload=64 n=1000000 ops=1766784.50 user_us=0.500 sys_us=0.070 total_us=0.570 cores=1.01 client_cores=0.37 evicted=0 evicted_per_op=0.000
cell arm=valkey-iot1 kind=warmup shape=set arg=- depth=64 clients=50 keyspace=100000 payload=64 n=1000000 ops=1760563.38 user_us=0.500 sys_us=0.070 total_us=0.570 cores=1.00 client_cores=0.37 evicted=0 evicted_per_op=0.000
cell arm=valkey-iot1 kind=warmup shape=set arg=- depth=64 clients=50 keyspace=100000 payload=64 n=1000000 ops=1760563.38 user_us=0.490 sys_us=0.080 total_us=0.570 cores=1.00 client_cores=0.37 evicted=0 evicted_per_op=0.000
cell arm=valkey-iot1 kind=warmup shape=set arg=- depth=64 clients=50 keyspace=100000 payload=64 n=1000000 ops=1763668.50 user_us=0.480 sys_us=0.080 total_us=0.560 cores=0.99 client_cores=0.37 evicted=0 evicted_per_op=0.000
cell arm=valkey-iot1 kind=kept shape=set arg=- depth=64 clients=50 keyspace=100000 payload=64 n=1000000 ops=1757469.25 user_us=0.490 sys_us=0.080 total_us=0.570 cores=1.00 client_cores=0.38 evicted=0 evicted_per_op=0.000
cell arm=valkey-iot1 kind=kept shape=set arg=- depth=64 clients=50 keyspace=100000 payload=64 n=1000000 ops=1766784.50 user_us=0.500 sys_us=0.070 total_us=0.570 cores=1.01 client_cores=0.37 evicted=0 evicted_per_op=0.000
cell arm=valkey-iot1 kind=kept shape=set arg=- depth=64 clients=50 keyspace=100000 payload=64 n=1000000 ops=1766784.50 user_us=0.500 sys_us=0.070 total_us=0.570 cores=1.01 client_cores=0.37 evicted=0 evicted_per_op=0.000
cell arm=valkey-iot1 kind=warmup shape=set-ex arg=60 depth=64 clients=50 keyspace=100000 payload=64 n=1000000 ops=1145475.38 user_us=0.780 sys_us=0.090 total_us=0.870 cores=1.00 client_cores=0.25 evicted=0 evicted_per_op=0.000
cell arm=valkey-iot1 kind=warmup shape=set-ex arg=60 depth=64 clients=50 keyspace=100000 payload=64 n=1000000 ops=1170960.25 user_us=0.780 sys_us=0.070 total_us=0.850 cores=1.00 client_cores=0.25 evicted=0 evicted_per_op=0.000
cell arm=valkey-iot1 kind=warmup shape=set-ex arg=60 depth=64 clients=50 keyspace=100000 payload=64 n=1000000 ops=1165501.25 user_us=0.790 sys_us=0.080 total_us=0.870 cores=1.01 client_cores=0.26 evicted=0 evicted_per_op=0.000
cell arm=valkey-iot1 kind=warmup shape=set-ex arg=60 depth=64 clients=50 keyspace=100000 payload=64 n=1000000 ops=1176470.50 user_us=0.770 sys_us=0.080 total_us=0.850 cores=1.00 client_cores=0.25 evicted=0 evicted_per_op=0.000
cell arm=valkey-iot1 kind=warmup shape=set-ex arg=60 depth=64 clients=50 keyspace=100000 payload=64 n=1000000 ops=1170960.25 user_us=0.770 sys_us=0.080 total_us=0.850 cores=1.00 client_cores=0.25 evicted=0 evicted_per_op=0.000
cell arm=valkey-iot1 kind=warmup shape=set-ex arg=60 depth=64 clients=50 keyspace=100000 payload=64 n=1000000 ops=1172333.00 user_us=0.770 sys_us=0.080 total_us=0.850 cores=1.00 client_cores=0.25 evicted=0 evicted_per_op=0.000
cell arm=valkey-iot1 kind=warmup shape=set-ex arg=60 depth=64 clients=50 keyspace=100000 payload=64 n=1000000 ops=1176470.50 user_us=0.780 sys_us=0.070 total_us=0.850 cores=1.00 client_cores=0.25 evicted=0 evicted_per_op=0.000
cell arm=valkey-iot1 kind=kept shape=set-ex arg=60 depth=64 clients=50 keyspace=100000 payload=64 n=1000000 ops=1172333.00 user_us=0.770 sys_us=0.090 total_us=0.860 cores=1.01 client_cores=0.25 evicted=0 evicted_per_op=0.000
cell arm=valkey-iot1 kind=kept shape=set-ex arg=60 depth=64 clients=50 keyspace=100000 payload=64 n=1000000 ops=1175088.12 user_us=0.760 sys_us=0.090 total_us=0.850 cores=1.00 client_cores=0.25 evicted=0 evicted_per_op=0.000
cell arm=valkey-iot1 kind=kept shape=set-ex arg=60 depth=64 clients=50 keyspace=100000 payload=64 n=1000000 ops=1175088.12 user_us=0.780 sys_us=0.080 total_us=0.860 cores=1.01 client_cores=0.25 evicted=0 evicted_per_op=0.000
    ttl probe: 60 (a deadline reached the server)

--- valkey-iot4 [populate] pid=18927 threads=13 load:3.64
    cmd: /home/stefanobaldo/valkey-9.1.1/src/valkey-server --port 6393 --save  --appendonly no --io-threads 4
    redis_version:7.2.4
    valkey_version:9.1.1
    os:Linux 7.0.0-1011-gcp aarch64
    gcc_version:13.3.0
    probe: 50/50 hits on key:%012d  dbsize=95112
cell arm=valkey-iot4 kind=warmup shape=set arg=- depth=64 clients=50 keyspace=100000 payload=64 n=1000000 ops=2386634.75 user_us=0.870 sys_us=0.080 total_us=0.950 cores=2.27 client_cores=0.53 evicted=0 evicted_per_op=0.000
cell arm=valkey-iot4 kind=warmup shape=set arg=- depth=64 clients=50 keyspace=100000 payload=64 n=1000000 ops=2557544.75 user_us=1.110 sys_us=0.080 total_us=1.190 cores=3.04 client_cores=0.59 evicted=0 evicted_per_op=0.000
cell arm=valkey-iot4 kind=warmup shape=set arg=- depth=64 clients=50 keyspace=100000 payload=64 n=1000000 ops=2551020.50 user_us=1.120 sys_us=0.080 total_us=1.200 cores=3.06 client_cores=0.60 evicted=0 evicted_per_op=0.000
cell arm=valkey-iot4 kind=warmup shape=set arg=- depth=64 clients=50 keyspace=100000 payload=64 n=1000000 ops=2544529.25 user_us=1.230 sys_us=0.090 total_us=1.320 cores=3.36 client_cores=0.61 evicted=0 evicted_per_op=0.000
cell arm=valkey-iot4 kind=warmup shape=set arg=- depth=64 clients=50 keyspace=100000 payload=64 n=1000000 ops=2577319.50 user_us=1.480 sys_us=0.090 total_us=1.570 cores=4.05 client_cores=0.62 evicted=0 evicted_per_op=0.000
cell arm=valkey-iot4 kind=warmup shape=set arg=- depth=64 clients=50 keyspace=100000 payload=64 n=1000000 ops=2577319.50 user_us=1.460 sys_us=0.120 total_us=1.580 cores=4.07 client_cores=0.61 evicted=0 evicted_per_op=0.000
cell arm=valkey-iot4 kind=warmup shape=set arg=- depth=64 clients=50 keyspace=100000 payload=64 n=1000000 ops=2577319.50 user_us=1.460 sys_us=0.120 total_us=1.580 cores=4.07 client_cores=0.62 evicted=0 evicted_per_op=0.000
cell arm=valkey-iot4 kind=kept shape=set arg=- depth=64 clients=50 keyspace=100000 payload=64 n=1000000 ops=2570694.00 user_us=1.470 sys_us=0.100 total_us=1.570 cores=4.04 client_cores=0.63 evicted=0 evicted_per_op=0.000
cell arm=valkey-iot4 kind=kept shape=set arg=- depth=64 clients=50 keyspace=100000 payload=64 n=1000000 ops=2577319.50 user_us=1.470 sys_us=0.110 total_us=1.580 cores=4.07 client_cores=0.62 evicted=0 evicted_per_op=0.000
cell arm=valkey-iot4 kind=kept shape=set arg=- depth=64 clients=50 keyspace=100000 payload=64 n=1000000 ops=2570694.00 user_us=1.470 sys_us=0.110 total_us=1.580 cores=4.06 client_cores=0.62 evicted=0 evicted_per_op=0.000
cell arm=valkey-iot4 kind=warmup shape=set-ex arg=60 depth=64 clients=50 keyspace=100000 payload=64 n=1000000 ops=1594896.38 user_us=2.400 sys_us=0.130 total_us=2.530 cores=4.04 client_cores=0.39 evicted=0 evicted_per_op=0.000
cell arm=valkey-iot4 kind=warmup shape=set-ex arg=60 depth=64 clients=50 keyspace=100000 payload=64 n=1000000 ops=1636661.25 user_us=2.380 sys_us=0.080 total_us=2.460 cores=4.03 client_cores=0.40 evicted=0 evicted_per_op=0.000
cell arm=valkey-iot4 kind=warmup shape=set-ex arg=60 depth=64 clients=50 keyspace=100000 payload=64 n=1000000 ops=1639344.25 user_us=2.340 sys_us=0.120 total_us=2.460 cores=4.03 client_cores=0.40 evicted=0 evicted_per_op=0.000
cell arm=valkey-iot4 kind=warmup shape=set-ex arg=60 depth=64 clients=50 keyspace=100000 payload=64 n=1000000 ops=1636661.25 user_us=2.340 sys_us=0.130 total_us=2.470 cores=4.04 client_cores=0.40 evicted=0 evicted_per_op=0.000
cell arm=valkey-iot4 kind=warmup shape=set-ex arg=60 depth=64 clients=50 keyspace=100000 payload=64 n=1000000 ops=1633987.00 user_us=2.370 sys_us=0.110 total_us=2.480 cores=4.05 client_cores=0.41 evicted=0 evicted_per_op=0.000
cell arm=valkey-iot4 kind=warmup shape=set-ex arg=60 depth=64 clients=50 keyspace=100000 payload=64 n=1000000 ops=1639344.25 user_us=2.340 sys_us=0.120 total_us=2.460 cores=4.03 client_cores=0.41 evicted=0 evicted_per_op=0.000
cell arm=valkey-iot4 kind=warmup shape=set-ex arg=60 depth=64 clients=50 keyspace=100000 payload=64 n=1000000 ops=1639344.25 user_us=2.350 sys_us=0.110 total_us=2.460 cores=4.03 client_cores=0.40 evicted=0 evicted_per_op=0.000
cell arm=valkey-iot4 kind=kept shape=set-ex arg=60 depth=64 clients=50 keyspace=100000 payload=64 n=1000000 ops=1642036.00 user_us=2.330 sys_us=0.130 total_us=2.460 cores=4.04 client_cores=0.41 evicted=0 evicted_per_op=0.000
cell arm=valkey-iot4 kind=kept shape=set-ex arg=60 depth=64 clients=50 keyspace=100000 payload=64 n=1000000 ops=1642036.00 user_us=2.360 sys_us=0.100 total_us=2.460 cores=4.04 client_cores=0.40 evicted=0 evicted_per_op=0.000
cell arm=valkey-iot4 kind=kept shape=set-ex arg=60 depth=64 clients=50 keyspace=100000 payload=64 n=1000000 ops=1636661.25 user_us=2.340 sys_us=0.130 total_us=2.470 cores=4.04 client_cores=0.41 evicted=0 evicted_per_op=0.000
    ttl probe: 60 (a deadline reached the server)

--- dragonfly [populate] pid=19576 threads=11 load:3.78
    cmd: /home/stefanobaldo/dragonfly/dragonfly-aarch64 --port=6392 --proactor_threads=10 --dbfilename= --logtostderr=false
    redis_version:7.4.0
    dragonfly_version:df-v1.40.2
    os:Linux 7.0.0-1011-gcp aarch64
    probe: 47/50 hits on key:%012d  dbsize=95077
cell arm=dragonfly kind=warmup shape=set arg=- depth=64 clients=50 keyspace=100000 payload=64 n=1000000 ops=4651162.50 user_us=1.290 sys_us=0.240 total_us=1.530 cores=7.12 client_cores=1.01 evicted=0 evicted_per_op=0.000
cell arm=dragonfly kind=warmup shape=set arg=- depth=64 clients=50 keyspace=100000 payload=64 n=1000000 ops=4329004.00 user_us=1.320 sys_us=0.260 total_us=1.580 cores=6.84 client_cores=1.01 evicted=0 evicted_per_op=0.000
cell arm=dragonfly kind=warmup shape=set arg=- depth=64 clients=50 keyspace=100000 payload=64 n=1000000 ops=4587156.00 user_us=1.290 sys_us=0.250 total_us=1.540 cores=7.06 client_cores=1.01 evicted=0 evicted_per_op=0.000
cell arm=dragonfly kind=warmup shape=set arg=- depth=64 clients=50 keyspace=100000 payload=64 n=1000000 ops=4587156.00 user_us=1.290 sys_us=0.270 total_us=1.560 cores=7.16 client_cores=1.01 evicted=0 evicted_per_op=0.000
cell arm=dragonfly kind=warmup shape=set arg=- depth=64 clients=50 keyspace=100000 payload=64 n=1000000 ops=4504504.50 user_us=1.310 sys_us=0.250 total_us=1.560 cores=7.03 client_cores=1.01 evicted=0 evicted_per_op=0.000
cell arm=dragonfly kind=warmup shape=set arg=- depth=64 clients=50 keyspace=100000 payload=64 n=1000000 ops=4608295.00 user_us=1.310 sys_us=0.240 total_us=1.550 cores=7.14 client_cores=1.01 evicted=0 evicted_per_op=0.000
cell arm=dragonfly kind=warmup shape=set arg=- depth=64 clients=50 keyspace=100000 payload=64 n=1000000 ops=4587156.00 user_us=1.310 sys_us=0.250 total_us=1.560 cores=7.16 client_cores=1.01 evicted=0 evicted_per_op=0.000
cell arm=dragonfly kind=kept shape=set arg=- depth=64 clients=50 keyspace=100000 payload=64 n=1000000 ops=4566210.00 user_us=1.310 sys_us=0.260 total_us=1.570 cores=7.17 client_cores=1.01 evicted=0 evicted_per_op=0.000
cell arm=dragonfly kind=kept shape=set arg=- depth=64 clients=50 keyspace=100000 payload=64 n=1000000 ops=4545454.50 user_us=1.320 sys_us=0.240 total_us=1.560 cores=7.09 client_cores=1.01 evicted=0 evicted_per_op=0.000
cell arm=dragonfly kind=kept shape=set arg=- depth=64 clients=50 keyspace=100000 payload=64 n=1000000 ops=4587156.00 user_us=1.320 sys_us=0.240 total_us=1.560 cores=7.16 client_cores=1.01 evicted=0 evicted_per_op=0.000
cell arm=dragonfly kind=warmup shape=set-ex arg=60 depth=64 clients=50 keyspace=100000 payload=64 n=1000000 ops=4504504.50 user_us=1.470 sys_us=0.220 total_us=1.690 cores=7.61 client_cores=1.01 evicted=0 evicted_per_op=0.000
cell arm=dragonfly kind=warmup shape=set-ex arg=60 depth=64 clients=50 keyspace=100000 payload=64 n=1000000 ops=4587156.00 user_us=1.470 sys_us=0.210 total_us=1.680 cores=7.71 client_cores=1.01 evicted=0 evicted_per_op=0.000
cell arm=dragonfly kind=warmup shape=set-ex arg=60 depth=64 clients=50 keyspace=100000 payload=64 n=1000000 ops=4504504.50 user_us=1.490 sys_us=0.200 total_us=1.690 cores=7.61 client_cores=1.01 evicted=0 evicted_per_op=0.000
cell arm=dragonfly kind=warmup shape=set-ex arg=60 depth=64 clients=50 keyspace=100000 payload=64 n=1000000 ops=4545454.50 user_us=1.470 sys_us=0.220 total_us=1.690 cores=7.68 client_cores=1.01 evicted=0 evicted_per_op=0.000
cell arm=dragonfly kind=warmup shape=set-ex arg=60 depth=64 clients=50 keyspace=100000 payload=64 n=1000000 ops=4629629.50 user_us=1.490 sys_us=0.190 total_us=1.680 cores=7.78 client_cores=1.01 evicted=0 evicted_per_op=0.000
cell arm=dragonfly kind=warmup shape=set-ex arg=60 depth=64 clients=50 keyspace=100000 payload=64 n=1000000 ops=4629629.50 user_us=1.480 sys_us=0.200 total_us=1.680 cores=7.78 client_cores=1.01 evicted=0 evicted_per_op=0.000
cell arm=dragonfly kind=warmup shape=set-ex arg=60 depth=64 clients=50 keyspace=100000 payload=64 n=1000000 ops=4608295.00 user_us=1.480 sys_us=0.190 total_us=1.670 cores=7.70 client_cores=1.01 evicted=0 evicted_per_op=0.000
cell arm=dragonfly kind=kept shape=set-ex arg=60 depth=64 clients=50 keyspace=100000 payload=64 n=1000000 ops=4444444.50 user_us=1.480 sys_us=0.220 total_us=1.700 cores=7.56 client_cores=1.01 evicted=0 evicted_per_op=0.000
cell arm=dragonfly kind=kept shape=set-ex arg=60 depth=64 clients=50 keyspace=100000 payload=64 n=1000000 ops=4464285.50 user_us=1.480 sys_us=0.210 total_us=1.690 cores=7.54 client_cores=1.01 evicted=0 evicted_per_op=0.000
cell arm=dragonfly kind=kept shape=set-ex arg=60 depth=64 clients=50 keyspace=100000 payload=64 n=1000000 ops=4444444.50 user_us=1.500 sys_us=0.200 total_us=1.700 cores=7.56 client_cores=1.01 evicted=0 evicted_per_op=0.000
    ttl probe: 60 (a deadline reached the server)

--- garnet [populate] pid=20223 threads=27 load:3.71
    cmd: /home/stefanobaldo/garnet/net8.0/GarnetServer --port 6394
    garnet_version:2.1.5
    os:Unix 7.0.0.1011
    redis_version:7.4.3
    probe: 46/50 hits on key:%012d  dbsize=95087
cell arm=garnet kind=warmup shape=set arg=- depth=64 clients=50 keyspace=100000 payload=64 n=1000000 ops=2985074.50 user_us=3.110 sys_us=0.250 total_us=3.360 cores=10.03 client_cores=0.65 evicted=- evicted_per_op=-
cell arm=garnet kind=warmup shape=set arg=- depth=64 clients=50 keyspace=100000 payload=64 n=1000000 ops=4273504.50 user_us=1.460 sys_us=0.550 total_us=2.010 cores=8.59 client_cores=0.99 evicted=- evicted_per_op=-
cell arm=garnet kind=warmup shape=set arg=- depth=64 clients=50 keyspace=100000 payload=64 n=1000000 ops=4310345.00 user_us=0.900 sys_us=0.540 total_us=1.440 cores=6.21 client_cores=1.01 evicted=- evicted_per_op=-
cell arm=garnet kind=warmup shape=set arg=- depth=64 clients=50 keyspace=100000 payload=64 n=1000000 ops=4310345.00 user_us=1.040 sys_us=0.640 total_us=1.680 cores=7.24 client_cores=1.01 evicted=- evicted_per_op=-
cell arm=garnet kind=warmup shape=set arg=- depth=64 clients=50 keyspace=100000 payload=64 n=1000000 ops=4219409.00 user_us=1.050 sys_us=0.680 total_us=1.730 cores=7.30 client_cores=1.01 evicted=- evicted_per_op=-
cell arm=garnet kind=warmup shape=set arg=- depth=64 clients=50 keyspace=100000 payload=64 n=1000000 ops=4329004.00 user_us=0.950 sys_us=0.560 total_us=1.510 cores=6.54 client_cores=1.01 evicted=- evicted_per_op=-
cell arm=garnet kind=warmup shape=set arg=- depth=64 clients=50 keyspace=100000 payload=64 n=1000000 ops=4166666.75 user_us=0.990 sys_us=0.600 total_us=1.590 cores=6.63 client_cores=1.01 evicted=- evicted_per_op=-
cell arm=garnet kind=kept shape=set arg=- depth=64 clients=50 keyspace=100000 payload=64 n=1000000 ops=4081632.50 user_us=0.990 sys_us=0.580 total_us=1.570 cores=6.41 client_cores=1.01 evicted=- evicted_per_op=-
cell arm=garnet kind=kept shape=set arg=- depth=64 clients=50 keyspace=100000 payload=64 n=1000000 ops=3968254.00 user_us=1.050 sys_us=0.580 total_us=1.630 cores=6.47 client_cores=1.01 evicted=- evicted_per_op=-
cell arm=garnet kind=kept shape=set arg=- depth=64 clients=50 keyspace=100000 payload=64 n=1000000 ops=4000000.00 user_us=1.060 sys_us=0.710 total_us=1.770 cores=7.08 client_cores=1.01 evicted=- evicted_per_op=-
cell arm=garnet kind=warmup shape=set-ex arg=60 depth=64 clients=50 keyspace=100000 payload=64 n=1000000 ops=3571428.50 user_us=1.980 sys_us=0.620 total_us=2.600 cores=9.29 client_cores=0.89 evicted=- evicted_per_op=-
cell arm=garnet kind=warmup shape=set-ex arg=60 depth=64 clients=50 keyspace=100000 payload=64 n=1000000 ops=4000000.00 user_us=1.030 sys_us=0.580 total_us=1.610 cores=6.44 client_cores=1.01 evicted=- evicted_per_op=-
cell arm=garnet kind=warmup shape=set-ex arg=60 depth=64 clients=50 keyspace=100000 payload=64 n=1000000 ops=3952569.25 user_us=1.120 sys_us=1.060 total_us=2.180 cores=8.62 client_cores=1.01 evicted=- evicted_per_op=-
cell arm=garnet kind=warmup shape=set-ex arg=60 depth=64 clients=50 keyspace=100000 payload=64 n=1000000 ops=4132231.50 user_us=0.980 sys_us=0.530 total_us=1.510 cores=6.24 client_cores=1.01 evicted=- evicted_per_op=-
cell arm=garnet kind=warmup shape=set-ex arg=60 depth=64 clients=50 keyspace=100000 payload=64 n=1000000 ops=4219409.00 user_us=1.000 sys_us=0.530 total_us=1.530 cores=6.46 client_cores=1.00 evicted=- evicted_per_op=-
cell arm=garnet kind=warmup shape=set-ex arg=60 depth=64 clients=50 keyspace=100000 payload=64 n=1000000 ops=3952569.25 user_us=1.060 sys_us=0.550 total_us=1.610 cores=6.36 client_cores=1.01 evicted=- evicted_per_op=-
cell arm=garnet kind=warmup shape=set-ex arg=60 depth=64 clients=50 keyspace=100000 payload=64 n=1000000 ops=4166666.75 user_us=1.130 sys_us=1.180 total_us=2.310 cores=9.63 client_cores=1.01 evicted=- evicted_per_op=-
cell arm=garnet kind=kept shape=set-ex arg=60 depth=64 clients=50 keyspace=100000 payload=64 n=1000000 ops=4000000.00 user_us=1.040 sys_us=0.580 total_us=1.620 cores=6.48 client_cores=1.01 evicted=- evicted_per_op=-
cell arm=garnet kind=kept shape=set-ex arg=60 depth=64 clients=50 keyspace=100000 payload=64 n=1000000 ops=4273504.50 user_us=1.010 sys_us=0.510 total_us=1.520 cores=6.50 client_cores=1.01 evicted=- evicted_per_op=-
cell arm=garnet kind=kept shape=set-ex arg=60 depth=64 clients=50 keyspace=100000 payload=64 n=1000000 ops=4291845.50 user_us=1.150 sys_us=1.030 total_us=2.180 cores=9.36 client_cores=1.01 evicted=- evicted_per_op=-
    ttl probe: 60 (a deadline reached the server)

### stage expiry done 2026-10-10T17:28:11Z  load:4.06 4.00 2.34
