### stage eviction start 2026-10-10T17:28:11Z
### load at start: 4.06 4.00 2.34
### kernel 7.0.0-1011-gcp aarch64  cpus server=0-9 client=10-15
### os Ubuntu 24.04.4 LTS  memtotal 62.7 GiB
### seedstone seedstone 0.3.1  benchmark redis-benchmark 8.10.0

### eviction: SET 10 240 B at depth 64 under a 384mb ceiling, LRU where the engine has it;
### the keyspace is filled past the ceiling first (discarded), then W discarded runs, then
### three kept, so every kept run is in steady-state eviction. evicted_keys per operation
### is on every row. Two engines do not take part, for reasons that are theirs and not
### this cell's. Garnet: its memory bound is a log size with tail reclamation, not a
### ceiling with LRU, so a comparable cell does not exist. Dragonfly (v1.40.2): it
### requires 256 MiB of maxmemory per proactor thread and refuses to start below that,
### so at the ten threads this hardware gives it the smallest ceiling it accepts is
### 2.50 GiB - above the ~0.95 GiB this cell's keyspace can hold, which would mean no
### eviction at all in any arm. The ceiling was declared before the run and stands.
--- seedstone [clean] pid=20948 threads=11 load:4.06
    cmd: /home/stefanobaldo/src/seedstone-v0.3.1/target/release/seedstone --bind 127.0.0.1:6390 --max-clients 2000 --no-auth --maxmemory 384mb --maxmemory-policy allkeys-lru
    redis_version:0.3.1
    filled past the ceiling: evicted_keys:6536
cell arm=seedstone kind=warmup shape=set-large arg=10240 depth=64 clients=50 keyspace=100000 payload=10240 n=1000000 ops=622665.00 user_us=5.030 sys_us=2.960 total_us=7.990 cores=4.98 client_cores=1.01 evicted=613153 evicted_per_op=0.613
cell arm=seedstone kind=warmup shape=set-large arg=10240 depth=64 clients=50 keyspace=100000 payload=10240 n=1000000 ops=606428.12 user_us=5.060 sys_us=3.010 total_us=8.070 cores=4.89 client_cores=1.01 evicted=612793 evicted_per_op=0.613
cell arm=seedstone kind=warmup shape=set-large arg=10240 depth=64 clients=50 keyspace=100000 payload=10240 n=1000000 ops=603500.31 user_us=4.980 sys_us=3.090 total_us=8.070 cores=4.87 client_cores=1.01 evicted=612909 evicted_per_op=0.613
cell arm=seedstone kind=warmup shape=set-large arg=10240 depth=64 clients=50 keyspace=100000 payload=10240 n=1000000 ops=583771.12 user_us=5.050 sys_us=3.100 total_us=8.150 cores=4.76 client_cores=1.01 evicted=611542 evicted_per_op=0.612
cell arm=seedstone kind=warmup shape=set-large arg=10240 depth=64 clients=50 keyspace=100000 payload=10240 n=1000000 ops=618046.94 user_us=5.010 sys_us=3.080 total_us=8.090 cores=5.00 client_cores=1.01 evicted=612814 evicted_per_op=0.613
cell arm=seedstone kind=warmup shape=set-large arg=10240 depth=64 clients=50 keyspace=100000 payload=10240 n=1000000 ops=618429.19 user_us=5.100 sys_us=3.000 total_us=8.100 cores=5.01 client_cores=1.01 evicted=612945 evicted_per_op=0.613
cell arm=seedstone kind=warmup shape=set-large arg=10240 depth=64 clients=50 keyspace=100000 payload=10240 n=1000000 ops=620347.38 user_us=5.070 sys_us=3.030 total_us=8.100 cores=5.02 client_cores=1.01 evicted=613108 evicted_per_op=0.613
cell arm=seedstone kind=kept shape=set-large arg=10240 depth=64 clients=50 keyspace=100000 payload=10240 n=1000000 ops=585137.50 user_us=5.040 sys_us=3.090 total_us=8.130 cores=4.76 client_cores=1.01 evicted=612406 evicted_per_op=0.612
cell arm=seedstone kind=kept shape=set-large arg=10240 depth=64 clients=50 keyspace=100000 payload=10240 n=1000000 ops=616142.94 user_us=5.010 sys_us=3.090 total_us=8.100 cores=4.99 client_cores=1.01 evicted=612429 evicted_per_op=0.612
cell arm=seedstone kind=kept shape=set-large arg=10240 depth=64 clients=50 keyspace=100000 payload=10240 n=1000000 ops=622277.56 user_us=5.070 sys_us=3.020 total_us=8.090 cores=5.03 client_cores=1.01 evicted=612781 evicted_per_op=0.613

--- redis-iot1 [clean] pid=21213 threads=6 load:4.89
    cmd: /home/stefanobaldo/redis-8.10.0/src/redis-server --port 6391 --save  --appendonly no --io-threads 1 --maxmemory 384mb --maxmemory-policy allkeys-lru
    redis_version:8.10.0
    os:Linux 7.0.0-1011-gcp aarch64
    gcc_version:13.3.0
    filled past the ceiling: evicted_keys:14303
cell arm=redis-iot1 kind=warmup shape=set-large arg=10240 depth=64 clients=50 keyspace=100000 payload=10240 n=1000000 ops=260756.19 user_us=1.690 sys_us=2.150 total_us=3.840 cores=1.00 client_cores=0.56 evicted=677289 evicted_per_op=0.677
cell arm=redis-iot1 kind=warmup shape=set-large arg=10240 depth=64 clients=50 keyspace=100000 payload=10240 n=1000000 ops=262191.94 user_us=1.720 sys_us=2.100 total_us=3.820 cores=1.00 client_cores=0.53 evicted=676770 evicted_per_op=0.677
cell arm=redis-iot1 kind=warmup shape=set-large arg=10240 depth=64 clients=50 keyspace=100000 payload=10240 n=1000000 ops=263227.16 user_us=1.700 sys_us=2.100 total_us=3.800 cores=1.00 client_cores=0.53 evicted=677328 evicted_per_op=0.677
cell arm=redis-iot1 kind=warmup shape=set-large arg=10240 depth=64 clients=50 keyspace=100000 payload=10240 n=1000000 ops=264550.28 user_us=1.680 sys_us=2.100 total_us=3.780 cores=1.00 client_cores=0.53 evicted=676947 evicted_per_op=0.677
cell arm=redis-iot1 kind=warmup shape=set-large arg=10240 depth=64 clients=50 keyspace=100000 payload=10240 n=1000000 ops=265604.25 user_us=1.640 sys_us=2.120 total_us=3.760 cores=1.00 client_cores=0.57 evicted=677214 evicted_per_op=0.677
cell arm=redis-iot1 kind=warmup shape=set-large arg=10240 depth=64 clients=50 keyspace=100000 payload=10240 n=1000000 ops=263782.66 user_us=1.660 sys_us=2.130 total_us=3.790 cores=1.00 client_cores=0.53 evicted=678115 evicted_per_op=0.678
cell arm=redis-iot1 kind=warmup shape=set-large arg=10240 depth=64 clients=50 keyspace=100000 payload=10240 n=1000000 ops=265041.09 user_us=1.630 sys_us=2.150 total_us=3.780 cores=1.00 client_cores=0.54 evicted=676911 evicted_per_op=0.677
cell arm=redis-iot1 kind=kept shape=set-large arg=10240 depth=64 clients=50 keyspace=100000 payload=10240 n=1000000 ops=263921.88 user_us=1.730 sys_us=2.060 total_us=3.790 cores=1.00 client_cores=0.56 evicted=676600 evicted_per_op=0.677
cell arm=redis-iot1 kind=kept shape=set-large arg=10240 depth=64 clients=50 keyspace=100000 payload=10240 n=1000000 ops=263019.47 user_us=1.700 sys_us=2.110 total_us=3.810 cores=1.00 client_cores=0.53 evicted=677166 evicted_per_op=0.677
cell arm=redis-iot1 kind=kept shape=set-large arg=10240 depth=64 clients=50 keyspace=100000 payload=10240 n=1000000 ops=263019.47 user_us=1.740 sys_us=2.060 total_us=3.800 cores=1.00 client_cores=0.53 evicted=677396 evicted_per_op=0.677

--- redis-iot4 [clean] pid=21476 threads=9 load:3.02
    cmd: /home/stefanobaldo/redis-8.10.0/src/redis-server --port 6391 --save  --appendonly no --io-threads 4 --maxmemory 384mb --maxmemory-policy allkeys-lru
    redis_version:8.10.0
    os:Linux 7.0.0-1011-gcp aarch64
    gcc_version:13.3.0
    filled past the ceiling: evicted_keys:14365
cell arm=redis-iot4 kind=warmup shape=set-large arg=10240 depth=64 clients=50 keyspace=100000 payload=10240 n=1000000 ops=648929.25 user_us=2.860 sys_us=2.980 total_us=5.840 cores=3.79 client_cores=1.01 evicted=678629 evicted_per_op=0.679
cell arm=redis-iot4 kind=warmup shape=set-large arg=10240 depth=64 clients=50 keyspace=100000 payload=10240 n=1000000 ops=646830.50 user_us=2.830 sys_us=3.010 total_us=5.840 cores=3.78 client_cores=1.01 evicted=678080 evicted_per_op=0.678
cell arm=redis-iot4 kind=warmup shape=set-large arg=10240 depth=64 clients=50 keyspace=100000 payload=10240 n=1000000 ops=652315.75 user_us=2.770 sys_us=3.010 total_us=5.780 cores=3.77 client_cores=1.01 evicted=677628 evicted_per_op=0.678
cell arm=redis-iot4 kind=warmup shape=set-large arg=10240 depth=64 clients=50 keyspace=100000 payload=10240 n=1000000 ops=646412.38 user_us=2.860 sys_us=2.840 total_us=5.700 cores=3.68 client_cores=1.01 evicted=677582 evicted_per_op=0.678
cell arm=redis-iot4 kind=warmup shape=set-large arg=10240 depth=64 clients=50 keyspace=100000 payload=10240 n=1000000 ops=650195.06 user_us=2.800 sys_us=2.960 total_us=5.760 cores=3.75 client_cores=1.01 evicted=678867 evicted_per_op=0.679
cell arm=redis-iot4 kind=warmup shape=set-large arg=10240 depth=64 clients=50 keyspace=100000 payload=10240 n=1000000 ops=653167.88 user_us=2.780 sys_us=2.980 total_us=5.760 cores=3.76 client_cores=1.01 evicted=678380 evicted_per_op=0.678
cell arm=redis-iot4 kind=warmup shape=set-large arg=10240 depth=64 clients=50 keyspace=100000 payload=10240 n=1000000 ops=635324.00 user_us=2.850 sys_us=2.980 total_us=5.830 cores=3.70 client_cores=1.01 evicted=678366 evicted_per_op=0.678
cell arm=redis-iot4 kind=kept shape=set-large arg=10240 depth=64 clients=50 keyspace=100000 payload=10240 n=1000000 ops=654450.25 user_us=2.740 sys_us=3.020 total_us=5.760 cores=3.77 client_cores=1.01 evicted=677327 evicted_per_op=0.677
cell arm=redis-iot4 kind=kept shape=set-large arg=10240 depth=64 clients=50 keyspace=100000 payload=10240 n=1000000 ops=653167.88 user_us=2.760 sys_us=3.010 total_us=5.770 cores=3.77 client_cores=1.01 evicted=677419 evicted_per_op=0.677
cell arm=redis-iot4 kind=kept shape=set-large arg=10240 depth=64 clients=50 keyspace=100000 payload=10240 n=1000000 ops=625000.00 user_us=2.900 sys_us=3.060 total_us=5.960 cores=3.72 client_cores=1.01 evicted=678510 evicted_per_op=0.679

--- valkey-iot1 [clean] pid=21799 threads=7 load:3.39
    cmd: /home/stefanobaldo/valkey-9.1.1/src/valkey-server --port 6393 --save  --appendonly no --io-threads 1 --maxmemory 384mb --maxmemory-policy allkeys-lru
    redis_version:7.2.4
    valkey_version:9.1.1
    os:Linux 7.0.0-1011-gcp aarch64
    gcc_version:13.3.0
    filled past the ceiling: evicted_keys:14229
cell arm=valkey-iot1 kind=warmup shape=set-large arg=10240 depth=64 clients=50 keyspace=100000 payload=10240 n=1000000 ops=264061.28 user_us=1.730 sys_us=2.060 total_us=3.790 cores=1.00 client_cores=0.56 evicted=677302 evicted_per_op=0.677
cell arm=valkey-iot1 kind=warmup shape=set-large arg=10240 depth=64 clients=50 keyspace=100000 payload=10240 n=1000000 ops=260348.86 user_us=1.740 sys_us=2.100 total_us=3.840 cores=1.00 client_cores=0.53 evicted=677252 evicted_per_op=0.677
cell arm=valkey-iot1 kind=warmup shape=set-large arg=10240 depth=64 clients=50 keyspace=100000 payload=10240 n=1000000 ops=261096.61 user_us=1.710 sys_us=2.130 total_us=3.840 cores=1.00 client_cores=0.53 evicted=677341 evicted_per_op=0.677
cell arm=valkey-iot1 kind=warmup shape=set-large arg=10240 depth=64 clients=50 keyspace=100000 payload=10240 n=1000000 ops=261096.61 user_us=1.730 sys_us=2.100 total_us=3.830 cores=1.00 client_cores=0.53 evicted=676593 evicted_per_op=0.677
cell arm=valkey-iot1 kind=warmup shape=set-large arg=10240 depth=64 clients=50 keyspace=100000 payload=10240 n=1000000 ops=260620.28 user_us=1.740 sys_us=2.090 total_us=3.830 cores=1.00 client_cores=0.53 evicted=677070 evicted_per_op=0.677
cell arm=valkey-iot1 kind=warmup shape=set-large arg=10240 depth=64 clients=50 keyspace=100000 payload=10240 n=1000000 ops=261780.11 user_us=1.740 sys_us=2.090 total_us=3.830 cores=1.00 client_cores=0.54 evicted=677286 evicted_per_op=0.677
cell arm=valkey-iot1 kind=warmup shape=set-large arg=10240 depth=64 clients=50 keyspace=100000 payload=10240 n=1000000 ops=261643.11 user_us=1.710 sys_us=2.110 total_us=3.820 cores=1.00 client_cores=0.55 evicted=677465 evicted_per_op=0.677
cell arm=valkey-iot1 kind=kept shape=set-large arg=10240 depth=64 clients=50 keyspace=100000 payload=10240 n=1000000 ops=262123.19 user_us=1.780 sys_us=2.040 total_us=3.820 cores=1.00 client_cores=0.56 evicted=677100 evicted_per_op=0.677
cell arm=valkey-iot1 kind=kept shape=set-large arg=10240 depth=64 clients=50 keyspace=100000 payload=10240 n=1000000 ops=261164.80 user_us=1.770 sys_us=2.060 total_us=3.830 cores=1.00 client_cores=0.53 evicted=677689 evicted_per_op=0.678
cell arm=valkey-iot1 kind=kept shape=set-large arg=10240 depth=64 clients=50 keyspace=100000 payload=10240 n=1000000 ops=262605.03 user_us=1.750 sys_us=2.050 total_us=3.800 cores=1.00 client_cores=0.55 evicted=677511 evicted_per_op=0.678

--- valkey-iot4 [clean] pid=22061 threads=13 load:2.71
    cmd: /home/stefanobaldo/valkey-9.1.1/src/valkey-server --port 6393 --save  --appendonly no --io-threads 4 --maxmemory 384mb --maxmemory-policy allkeys-lru
    redis_version:7.2.4
    valkey_version:9.1.1
    os:Linux 7.0.0-1011-gcp aarch64
    gcc_version:13.3.0
    filled past the ceiling: evicted_keys:14373
cell arm=valkey-iot4 kind=warmup shape=set-large arg=10240 depth=64 clients=50 keyspace=100000 payload=10240 n=1000000 ops=582750.62 user_us=4.550 sys_us=1.830 total_us=6.380 cores=3.72 client_cores=0.97 evicted=678584 evicted_per_op=0.679
cell arm=valkey-iot4 kind=warmup shape=set-large arg=10240 depth=64 clients=50 keyspace=100000 payload=10240 n=1000000 ops=613873.56 user_us=4.570 sys_us=1.840 total_us=6.410 cores=3.93 client_cores=1.01 evicted=677586 evicted_per_op=0.678
cell arm=valkey-iot4 kind=warmup shape=set-large arg=10240 depth=64 clients=50 keyspace=100000 payload=10240 n=1000000 ops=664010.62 user_us=4.250 sys_us=1.830 total_us=6.080 cores=4.04 client_cores=1.01 evicted=678800 evicted_per_op=0.679
cell arm=valkey-iot4 kind=warmup shape=set-large arg=10240 depth=64 clients=50 keyspace=100000 payload=10240 n=1000000 ops=605326.88 user_us=4.600 sys_us=1.770 total_us=6.370 cores=3.86 client_cores=1.01 evicted=678164 evicted_per_op=0.678
cell arm=valkey-iot4 kind=warmup shape=set-large arg=10240 depth=64 clients=50 keyspace=100000 payload=10240 n=1000000 ops=656167.94 user_us=4.240 sys_us=1.880 total_us=6.120 cores=4.02 client_cores=1.01 evicted=677954 evicted_per_op=0.678
cell arm=valkey-iot4 kind=warmup shape=set-large arg=10240 depth=64 clients=50 keyspace=100000 payload=10240 n=1000000 ops=611246.94 user_us=4.510 sys_us=1.820 total_us=6.330 cores=3.87 client_cores=1.01 evicted=678433 evicted_per_op=0.678
cell arm=valkey-iot4 kind=warmup shape=set-large arg=10240 depth=64 clients=50 keyspace=100000 payload=10240 n=1000000 ops=678426.06 user_us=4.120 sys_us=1.830 total_us=5.950 cores=4.04 client_cores=1.01 evicted=677575 evicted_per_op=0.678
cell arm=valkey-iot4 kind=kept shape=set-large arg=10240 depth=64 clients=50 keyspace=100000 payload=10240 n=1000000 ops=642673.50 user_us=4.450 sys_us=1.820 total_us=6.270 cores=4.03 client_cores=1.01 evicted=678055 evicted_per_op=0.678
cell arm=valkey-iot4 kind=kept shape=set-large arg=10240 depth=64 clients=50 keyspace=100000 payload=10240 n=1000000 ops=591366.06 user_us=4.720 sys_us=1.790 total_us=6.510 cores=3.85 client_cores=1.01 evicted=678069 evicted_per_op=0.678
cell arm=valkey-iot4 kind=kept shape=set-large arg=10240 depth=64 clients=50 keyspace=100000 payload=10240 n=1000000 ops=660938.50 user_us=4.210 sys_us=1.850 total_us=6.060 cores=4.01 client_cores=1.01 evicted=678454 evicted_per_op=0.678

### dragonfly skipped in this stage, by design

### garnet skipped in this stage, by design

### stage eviction done 2026-10-10T17:30:29Z  load:3.30 3.69 2.46
