### stage multikey start 2026-09-05T19:24:18Z
### load at start: 1.45 2.61 1.61
### kernel 6.17.0-1022-gcp aarch64  cpus server=0-9 client=10-15
### os Ubuntu 24.04.4 LTS  memtotal 62.7 GiB
### seedstone seedstone 0.1.0  benchmark redis-benchmark 8.10.0

### multikey: MGET of 1, 4, 16 spread keys at depth 64; 50 clients; populated; W=3
### ops is requests per second: the 16-key row moves sixteen times the keys of the 1-key row.
--- seedstone [populate] pid=16417 threads=11 load:1.45
    cmd: /home/stefanobaldo/src/seedstone-v0.1.0/target/release/seedstone --bind 127.0.0.1:6390 --max-clients 2000 --no-auth
    redis_version:0.1.0
    probe: 46/50 hits on key:%012d  dbsize=95040
cell arm=seedstone kind=warmup shape=mget arg=1 depth=64 clients=50 keyspace=100000 payload=64 n=1000000 ops=2762431.00 user_us=3.410 sys_us=0.210 total_us=3.620 cores=10.00 client_cores=0.74 evicted=0 evicted_per_op=0.000
cell arm=seedstone kind=warmup shape=mget arg=1 depth=64 clients=50 keyspace=100000 payload=64 n=1000000 ops=2762431.00 user_us=3.410 sys_us=0.210 total_us=3.620 cores=10.00 client_cores=0.74 evicted=0 evicted_per_op=0.000
cell arm=seedstone kind=warmup shape=mget arg=1 depth=64 clients=50 keyspace=100000 payload=64 n=1000000 ops=2754821.00 user_us=3.430 sys_us=0.180 total_us=3.610 cores=9.94 client_cores=0.76 evicted=0 evicted_per_op=0.000
cell arm=seedstone kind=kept shape=mget arg=1 depth=64 clients=50 keyspace=100000 payload=64 n=1000000 ops=2770083.00 user_us=3.420 sys_us=0.180 total_us=3.600 cores=9.97 client_cores=0.75 evicted=0 evicted_per_op=0.000
cell arm=seedstone kind=kept shape=mget arg=1 depth=64 clients=50 keyspace=100000 payload=64 n=1000000 ops=2770083.00 user_us=3.400 sys_us=0.210 total_us=3.610 cores=10.00 client_cores=0.75 evicted=0 evicted_per_op=0.000
cell arm=seedstone kind=kept shape=mget arg=1 depth=64 clients=50 keyspace=100000 payload=64 n=1000000 ops=2770083.00 user_us=3.420 sys_us=0.190 total_us=3.610 cores=10.00 client_cores=0.76 evicted=0 evicted_per_op=0.000
cell arm=seedstone kind=warmup shape=mget arg=4 depth=64 clients=50 keyspace=100000 payload=64 n=1000000 ops=806451.62 user_us=11.280 sys_us=0.890 total_us=12.170 cores=9.81 client_cores=0.45 evicted=0 evicted_per_op=0.000
cell arm=seedstone kind=warmup shape=mget arg=4 depth=64 clients=50 keyspace=100000 payload=64 n=1000000 ops=806451.62 user_us=11.280 sys_us=0.870 total_us=12.150 cores=9.80 client_cores=0.45 evicted=0 evicted_per_op=0.000
cell arm=seedstone kind=warmup shape=mget arg=4 depth=64 clients=50 keyspace=100000 payload=64 n=1000000 ops=805801.75 user_us=11.300 sys_us=0.850 total_us=12.150 cores=9.79 client_cores=0.45 evicted=0 evicted_per_op=0.000
cell arm=seedstone kind=kept shape=mget arg=4 depth=64 clients=50 keyspace=100000 payload=64 n=1000000 ops=805153.00 user_us=11.270 sys_us=0.890 total_us=12.160 cores=9.79 client_cores=0.45 evicted=0 evicted_per_op=0.000
cell arm=seedstone kind=kept shape=mget arg=4 depth=64 clients=50 keyspace=100000 payload=64 n=1000000 ops=805153.00 user_us=11.310 sys_us=0.860 total_us=12.170 cores=9.80 client_cores=0.45 evicted=0 evicted_per_op=0.000
cell arm=seedstone kind=kept shape=mget arg=4 depth=64 clients=50 keyspace=100000 payload=64 n=1000000 ops=805801.75 user_us=11.250 sys_us=0.930 total_us=12.180 cores=9.81 client_cores=0.45 evicted=0 evicted_per_op=0.000
cell arm=seedstone kind=warmup shape=mget arg=16 depth=64 clients=50 keyspace=100000 payload=64 n=1000000 ops=246305.42 user_us=34.020 sys_us=4.470 total_us=38.490 cores=9.48 client_cores=0.41 evicted=0 evicted_per_op=0.000
cell arm=seedstone kind=warmup shape=mget arg=16 depth=64 clients=50 keyspace=100000 payload=64 n=1000000 ops=245459.02 user_us=34.020 sys_us=4.570 total_us=38.590 cores=9.47 client_cores=0.41 evicted=0 evicted_per_op=0.000
cell arm=seedstone kind=warmup shape=mget arg=16 depth=64 clients=50 keyspace=100000 payload=64 n=1000000 ops=249004.00 user_us=33.930 sys_us=4.270 total_us=38.200 cores=9.51 client_cores=0.41 evicted=0 evicted_per_op=0.000
cell arm=seedstone kind=kept shape=mget arg=16 depth=64 clients=50 keyspace=100000 payload=64 n=1000000 ops=246487.55 user_us=33.980 sys_us=4.510 total_us=38.490 cores=9.49 client_cores=0.41 evicted=0 evicted_per_op=0.000
cell arm=seedstone kind=kept shape=mget arg=16 depth=64 clients=50 keyspace=100000 payload=64 n=1000000 ops=247096.62 user_us=33.890 sys_us=4.510 total_us=38.400 cores=9.49 client_cores=0.41 evicted=0 evicted_per_op=0.000
cell arm=seedstone kind=kept shape=mget arg=16 depth=64 clients=50 keyspace=100000 payload=64 n=1000000 ops=255232.27 user_us=33.360 sys_us=4.100 total_us=37.460 cores=9.56 client_cores=0.42 evicted=0 evicted_per_op=0.000

--- redis-iot1 [populate] pid=16978 threads=6 load:5.08
    cmd: /home/stefanobaldo/redis-8.10.0/src/redis-server --port 6391 --save  --appendonly no --io-threads 1
    redis_version:8.10.0
    os:Linux 6.17.0-1022-gcp aarch64
    gcc_version:13.3.0
    probe: 49/50 hits on key:%012d  dbsize=95031
cell arm=redis-iot1 kind=warmup shape=mget arg=1 depth=64 clients=50 keyspace=100000 payload=64 n=1000000 ops=2500000.00 user_us=0.330 sys_us=0.080 total_us=0.410 cores=1.03 client_cores=0.62 evicted=0 evicted_per_op=0.000
cell arm=redis-iot1 kind=warmup shape=mget arg=1 depth=64 clients=50 keyspace=100000 payload=64 n=1000000 ops=2493765.75 user_us=0.330 sys_us=0.060 total_us=0.390 cores=0.97 client_cores=0.63 evicted=0 evicted_per_op=0.000
cell arm=redis-iot1 kind=warmup shape=mget arg=1 depth=64 clients=50 keyspace=100000 payload=64 n=1000000 ops=2493765.75 user_us=0.340 sys_us=0.070 total_us=0.410 cores=1.02 client_cores=0.62 evicted=0 evicted_per_op=0.000
cell arm=redis-iot1 kind=kept shape=mget arg=1 depth=64 clients=50 keyspace=100000 payload=64 n=1000000 ops=2500000.00 user_us=0.330 sys_us=0.070 total_us=0.400 cores=1.00 client_cores=0.63 evicted=0 evicted_per_op=0.000
cell arm=redis-iot1 kind=kept shape=mget arg=1 depth=64 clients=50 keyspace=100000 payload=64 n=1000000 ops=2493765.75 user_us=0.320 sys_us=0.080 total_us=0.400 cores=1.00 client_cores=0.62 evicted=0 evicted_per_op=0.000
cell arm=redis-iot1 kind=kept shape=mget arg=1 depth=64 clients=50 keyspace=100000 payload=64 n=1000000 ops=2475247.50 user_us=0.330 sys_us=0.070 total_us=0.400 cores=0.99 client_cores=0.63 evicted=0 evicted_per_op=0.000
cell arm=redis-iot1 kind=warmup shape=mget arg=4 depth=64 clients=50 keyspace=100000 payload=64 n=1000000 ops=1028806.56 user_us=0.870 sys_us=0.110 total_us=0.980 cores=1.01 client_cores=0.53 evicted=0 evicted_per_op=0.000
cell arm=redis-iot1 kind=warmup shape=mget arg=4 depth=64 clients=50 keyspace=100000 payload=64 n=1000000 ops=1024590.12 user_us=0.870 sys_us=0.100 total_us=0.970 cores=0.99 client_cores=0.53 evicted=0 evicted_per_op=0.000
cell arm=redis-iot1 kind=warmup shape=mget arg=4 depth=64 clients=50 keyspace=100000 payload=64 n=1000000 ops=1023541.44 user_us=0.880 sys_us=0.100 total_us=0.980 cores=1.00 client_cores=0.54 evicted=0 evicted_per_op=0.000
cell arm=redis-iot1 kind=kept shape=mget arg=4 depth=64 clients=50 keyspace=100000 payload=64 n=1000000 ops=1029866.12 user_us=0.870 sys_us=0.100 total_us=0.970 cores=1.00 client_cores=0.53 evicted=0 evicted_per_op=0.000
cell arm=redis-iot1 kind=kept shape=mget arg=4 depth=64 clients=50 keyspace=100000 payload=64 n=1000000 ops=1027749.25 user_us=0.870 sys_us=0.110 total_us=0.980 cores=1.01 client_cores=0.53 evicted=0 evicted_per_op=0.000
cell arm=redis-iot1 kind=kept shape=mget arg=4 depth=64 clients=50 keyspace=100000 payload=64 n=1000000 ops=1027749.25 user_us=0.880 sys_us=0.100 total_us=0.980 cores=1.01 client_cores=0.53 evicted=0 evicted_per_op=0.000
cell arm=redis-iot1 kind=warmup shape=mget arg=16 depth=64 clients=50 keyspace=100000 payload=64 n=1000000 ops=320000.00 user_us=2.880 sys_us=0.250 total_us=3.130 cores=1.00 client_cores=0.51 evicted=0 evicted_per_op=0.000
cell arm=redis-iot1 kind=warmup shape=mget arg=16 depth=64 clients=50 keyspace=100000 payload=64 n=1000000 ops=320821.28 user_us=2.800 sys_us=0.310 total_us=3.110 cores=1.00 client_cores=0.51 evicted=0 evicted_per_op=0.000
cell arm=redis-iot1 kind=warmup shape=mget arg=16 depth=64 clients=50 keyspace=100000 payload=64 n=1000000 ops=321130.38 user_us=2.820 sys_us=0.290 total_us=3.110 cores=1.00 client_cores=0.51 evicted=0 evicted_per_op=0.000
cell arm=redis-iot1 kind=kept shape=mget arg=16 depth=64 clients=50 keyspace=100000 payload=64 n=1000000 ops=320718.41 user_us=2.850 sys_us=0.270 total_us=3.120 cores=1.00 client_cores=0.51 evicted=0 evicted_per_op=0.000
cell arm=redis-iot1 kind=kept shape=mget arg=16 depth=64 clients=50 keyspace=100000 payload=64 n=1000000 ops=320821.28 user_us=2.740 sys_us=0.380 total_us=3.120 cores=1.00 client_cores=0.51 evicted=0 evicted_per_op=0.000
cell arm=redis-iot1 kind=kept shape=mget arg=16 depth=64 clients=50 keyspace=100000 payload=64 n=1000000 ops=320821.28 user_us=2.790 sys_us=0.330 total_us=3.120 cores=1.00 client_cores=0.51 evicted=0 evicted_per_op=0.000

--- redis-iot4 [populate] pid=17560 threads=9 load:3.66
    cmd: /home/stefanobaldo/redis-8.10.0/src/redis-server --port 6391 --save  --appendonly no --io-threads 4
    redis_version:8.10.0
    os:Linux 6.17.0-1022-gcp aarch64
    gcc_version:13.3.0
    probe: 49/50 hits on key:%012d  dbsize=95071
cell arm=redis-iot4 kind=warmup shape=mget arg=1 depth=64 clients=50 keyspace=100000 payload=64 n=1000000 ops=3030303.00 user_us=0.400 sys_us=0.110 total_us=0.510 cores=1.55 client_cores=0.85 evicted=0 evicted_per_op=0.000
cell arm=redis-iot4 kind=warmup shape=mget arg=1 depth=64 clients=50 keyspace=100000 payload=64 n=1000000 ops=3039513.75 user_us=0.390 sys_us=0.110 total_us=0.500 cores=1.52 client_cores=0.86 evicted=0 evicted_per_op=0.000
cell arm=redis-iot4 kind=warmup shape=mget arg=1 depth=64 clients=50 keyspace=100000 payload=64 n=1000000 ops=3039513.75 user_us=0.400 sys_us=0.100 total_us=0.500 cores=1.52 client_cores=0.86 evicted=0 evicted_per_op=0.000
cell arm=redis-iot4 kind=kept shape=mget arg=1 depth=64 clients=50 keyspace=100000 payload=64 n=1000000 ops=3039513.75 user_us=0.410 sys_us=0.090 total_us=0.500 cores=1.52 client_cores=0.85 evicted=0 evicted_per_op=0.000
cell arm=redis-iot4 kind=kept shape=mget arg=1 depth=64 clients=50 keyspace=100000 payload=64 n=1000000 ops=3039513.75 user_us=0.410 sys_us=0.090 total_us=0.500 cores=1.52 client_cores=0.85 evicted=0 evicted_per_op=0.000
cell arm=redis-iot4 kind=kept shape=mget arg=1 depth=64 clients=50 keyspace=100000 payload=64 n=1000000 ops=3039513.75 user_us=0.410 sys_us=0.100 total_us=0.510 cores=1.55 client_cores=0.85 evicted=0 evicted_per_op=0.000
cell arm=redis-iot4 kind=warmup shape=mget arg=4 depth=64 clients=50 keyspace=100000 payload=64 n=1000000 ops=1133786.75 user_us=1.010 sys_us=0.140 total_us=1.150 cores=1.30 client_cores=0.62 evicted=0 evicted_per_op=0.000
cell arm=redis-iot4 kind=warmup shape=mget arg=4 depth=64 clients=50 keyspace=100000 payload=64 n=1000000 ops=1140250.88 user_us=1.000 sys_us=0.140 total_us=1.140 cores=1.30 client_cores=0.62 evicted=0 evicted_per_op=0.000
cell arm=redis-iot4 kind=warmup shape=mget arg=4 depth=64 clients=50 keyspace=100000 payload=64 n=1000000 ops=1136363.62 user_us=1.010 sys_us=0.120 total_us=1.130 cores=1.28 client_cores=0.62 evicted=0 evicted_per_op=0.000
cell arm=redis-iot4 kind=kept shape=mget arg=4 depth=64 clients=50 keyspace=100000 payload=64 n=1000000 ops=1133786.75 user_us=1.020 sys_us=0.120 total_us=1.140 cores=1.29 client_cores=0.64 evicted=0 evicted_per_op=0.000
cell arm=redis-iot4 kind=kept shape=mget arg=4 depth=64 clients=50 keyspace=100000 payload=64 n=1000000 ops=1136363.62 user_us=1.010 sys_us=0.130 total_us=1.140 cores=1.30 client_cores=0.64 evicted=0 evicted_per_op=0.000
cell arm=redis-iot4 kind=kept shape=mget arg=4 depth=64 clients=50 keyspace=100000 payload=64 n=1000000 ops=1136363.62 user_us=1.000 sys_us=0.150 total_us=1.150 cores=1.31 client_cores=0.63 evicted=0 evicted_per_op=0.000
cell arm=redis-iot4 kind=warmup shape=mget arg=16 depth=64 clients=50 keyspace=100000 payload=64 n=1000000 ops=372995.16 user_us=4.730 sys_us=5.130 total_us=9.860 cores=3.68 client_cores=0.59 evicted=0 evicted_per_op=0.000
cell arm=redis-iot4 kind=warmup shape=mget arg=16 depth=64 clients=50 keyspace=100000 payload=64 n=1000000 ops=373273.62 user_us=4.890 sys_us=5.230 total_us=10.120 cores=3.78 client_cores=0.60 evicted=0 evicted_per_op=0.000
cell arm=redis-iot4 kind=warmup shape=mget arg=16 depth=64 clients=50 keyspace=100000 payload=64 n=1000000 ops=372578.25 user_us=4.950 sys_us=5.300 total_us=10.250 cores=3.82 client_cores=0.60 evicted=0 evicted_per_op=0.000
cell arm=redis-iot4 kind=kept shape=mget arg=16 depth=64 clients=50 keyspace=100000 payload=64 n=1000000 ops=373413.00 user_us=4.920 sys_us=5.270 total_us=10.190 cores=3.81 client_cores=0.60 evicted=0 evicted_per_op=0.000
cell arm=redis-iot4 kind=kept shape=mget arg=16 depth=64 clients=50 keyspace=100000 payload=64 n=1000000 ops=372995.16 user_us=4.970 sys_us=5.170 total_us=10.140 cores=3.78 client_cores=0.60 evicted=0 evicted_per_op=0.000
cell arm=redis-iot4 kind=kept shape=mget arg=16 depth=64 clients=50 keyspace=100000 payload=64 n=1000000 ops=372717.09 user_us=4.980 sys_us=5.240 total_us=10.220 cores=3.81 client_cores=0.60 evicted=0 evicted_per_op=0.000

--- valkey-iot1 [populate] pid=18228 threads=7 load:3.27
    cmd: /home/stefanobaldo/valkey-9.1.1/src/valkey-server --port 6393 --save  --appendonly no --io-threads 1
    redis_version:7.2.4
    valkey_version:9.1.1
    os:Linux 6.17.0-1022-gcp aarch64
    gcc_version:13.3.0
    probe: 46/50 hits on key:%012d  dbsize=94974
cell arm=valkey-iot1 kind=warmup shape=mget arg=1 depth=64 clients=50 keyspace=100000 payload=64 n=1000000 ops=2183406.00 user_us=0.400 sys_us=0.060 total_us=0.460 cores=1.00 client_cores=0.56 evicted=0 evicted_per_op=0.000
cell arm=valkey-iot1 kind=warmup shape=mget arg=1 depth=64 clients=50 keyspace=100000 payload=64 n=1000000 ops=2183406.00 user_us=0.380 sys_us=0.080 total_us=0.460 cores=1.00 client_cores=0.55 evicted=0 evicted_per_op=0.000
cell arm=valkey-iot1 kind=warmup shape=mget arg=1 depth=64 clients=50 keyspace=100000 payload=64 n=1000000 ops=2188183.75 user_us=0.390 sys_us=0.070 total_us=0.460 cores=1.01 client_cores=0.55 evicted=0 evicted_per_op=0.000
cell arm=valkey-iot1 kind=kept shape=mget arg=1 depth=64 clients=50 keyspace=100000 payload=64 n=1000000 ops=2188183.75 user_us=0.380 sys_us=0.070 total_us=0.450 cores=0.98 client_cores=0.56 evicted=0 evicted_per_op=0.000
cell arm=valkey-iot1 kind=kept shape=mget arg=1 depth=64 clients=50 keyspace=100000 payload=64 n=1000000 ops=2188183.75 user_us=0.370 sys_us=0.090 total_us=0.460 cores=1.01 client_cores=0.55 evicted=0 evicted_per_op=0.000
cell arm=valkey-iot1 kind=kept shape=mget arg=1 depth=64 clients=50 keyspace=100000 payload=64 n=1000000 ops=2173913.00 user_us=0.410 sys_us=0.060 total_us=0.470 cores=1.02 client_cores=0.56 evicted=0 evicted_per_op=0.000
cell arm=valkey-iot1 kind=warmup shape=mget arg=4 depth=64 clients=50 keyspace=100000 payload=64 n=1000000 ops=997008.94 user_us=0.880 sys_us=0.110 total_us=0.990 cores=0.99 client_cores=0.52 evicted=0 evicted_per_op=0.000
cell arm=valkey-iot1 kind=warmup shape=mget arg=4 depth=64 clients=50 keyspace=100000 payload=64 n=1000000 ops=997008.94 user_us=0.890 sys_us=0.120 total_us=1.010 cores=1.01 client_cores=0.52 evicted=0 evicted_per_op=0.000
cell arm=valkey-iot1 kind=warmup shape=mget arg=4 depth=64 clients=50 keyspace=100000 payload=64 n=1000000 ops=995024.88 user_us=0.900 sys_us=0.110 total_us=1.010 cores=1.00 client_cores=0.53 evicted=0 evicted_per_op=0.000
cell arm=valkey-iot1 kind=kept shape=mget arg=4 depth=64 clients=50 keyspace=100000 payload=64 n=1000000 ops=996016.00 user_us=0.880 sys_us=0.110 total_us=0.990 cores=0.99 client_cores=0.52 evicted=0 evicted_per_op=0.000
cell arm=valkey-iot1 kind=kept shape=mget arg=4 depth=64 clients=50 keyspace=100000 payload=64 n=1000000 ops=998004.00 user_us=0.890 sys_us=0.120 total_us=1.010 cores=1.01 client_cores=0.53 evicted=0 evicted_per_op=0.000
cell arm=valkey-iot1 kind=kept shape=mget arg=4 depth=64 clients=50 keyspace=100000 payload=64 n=1000000 ops=999000.94 user_us=0.900 sys_us=0.100 total_us=1.000 cores=1.00 client_cores=0.52 evicted=0 evicted_per_op=0.000
cell arm=valkey-iot1 kind=warmup shape=mget arg=16 depth=64 clients=50 keyspace=100000 payload=64 n=1000000 ops=294637.59 user_us=3.070 sys_us=0.330 total_us=3.400 cores=1.00 client_cores=0.47 evicted=0 evicted_per_op=0.000
cell arm=valkey-iot1 kind=warmup shape=mget arg=16 depth=64 clients=50 keyspace=100000 payload=64 n=1000000 ops=294117.62 user_us=3.070 sys_us=0.330 total_us=3.400 cores=1.00 client_cores=0.47 evicted=0 evicted_per_op=0.000
cell arm=valkey-iot1 kind=warmup shape=mget arg=16 depth=64 clients=50 keyspace=100000 payload=64 n=1000000 ops=293944.75 user_us=3.090 sys_us=0.310 total_us=3.400 cores=1.00 client_cores=0.47 evicted=0 evicted_per_op=0.000
cell arm=valkey-iot1 kind=kept shape=mget arg=16 depth=64 clients=50 keyspace=100000 payload=64 n=1000000 ops=296296.28 user_us=3.050 sys_us=0.330 total_us=3.380 cores=1.00 client_cores=0.47 evicted=0 evicted_per_op=0.000
cell arm=valkey-iot1 kind=kept shape=mget arg=16 depth=64 clients=50 keyspace=100000 payload=64 n=1000000 ops=297176.81 user_us=3.040 sys_us=0.330 total_us=3.370 cores=1.00 client_cores=0.47 evicted=0 evicted_per_op=0.000
cell arm=valkey-iot1 kind=kept shape=mget arg=16 depth=64 clients=50 keyspace=100000 payload=64 n=1000000 ops=296824.00 user_us=3.040 sys_us=0.330 total_us=3.370 cores=1.00 client_cores=0.47 evicted=0 evicted_per_op=0.000

--- valkey-iot4 [populate] pid=18789 threads=13 load:2.30
    cmd: /home/stefanobaldo/valkey-9.1.1/src/valkey-server --port 6393 --save  --appendonly no --io-threads 4
    redis_version:7.2.4
    valkey_version:9.1.1
    os:Linux 6.17.0-1022-gcp aarch64
    gcc_version:13.3.0
    probe: 45/50 hits on key:%012d  dbsize=95078
cell arm=valkey-iot4 kind=warmup shape=mget arg=1 depth=64 clients=50 keyspace=100000 payload=64 n=1000000 ops=3048780.50 user_us=0.630 sys_us=0.070 total_us=0.700 cores=2.13 client_cores=0.80 evicted=0 evicted_per_op=0.000
cell arm=valkey-iot4 kind=warmup shape=mget arg=1 depth=64 clients=50 keyspace=100000 payload=64 n=1000000 ops=3389830.75 user_us=1.070 sys_us=0.080 total_us=1.150 cores=3.90 client_cores=0.89 evicted=0 evicted_per_op=0.000
cell arm=valkey-iot4 kind=warmup shape=mget arg=1 depth=64 clients=50 keyspace=100000 payload=64 n=1000000 ops=3412969.25 user_us=1.120 sys_us=0.080 total_us=1.200 cores=4.10 client_cores=0.89 evicted=0 evicted_per_op=0.000
cell arm=valkey-iot4 kind=kept shape=mget arg=1 depth=64 clients=50 keyspace=100000 payload=64 n=1000000 ops=3401360.50 user_us=1.120 sys_us=0.080 total_us=1.200 cores=4.08 client_cores=0.91 evicted=0 evicted_per_op=0.000
cell arm=valkey-iot4 kind=kept shape=mget arg=1 depth=64 clients=50 keyspace=100000 payload=64 n=1000000 ops=3412969.25 user_us=1.130 sys_us=0.070 total_us=1.200 cores=4.10 client_cores=0.90 evicted=0 evicted_per_op=0.000
cell arm=valkey-iot4 kind=kept shape=mget arg=1 depth=64 clients=50 keyspace=100000 payload=64 n=1000000 ops=3412969.25 user_us=1.110 sys_us=0.090 total_us=1.200 cores=4.10 client_cores=0.91 evicted=0 evicted_per_op=0.000
cell arm=valkey-iot4 kind=warmup shape=mget arg=4 depth=64 clients=50 keyspace=100000 payload=64 n=1000000 ops=1430615.12 user_us=2.700 sys_us=0.110 total_us=2.810 cores=4.02 client_cores=0.79 evicted=0 evicted_per_op=0.000
cell arm=valkey-iot4 kind=warmup shape=mget arg=4 depth=64 clients=50 keyspace=100000 payload=64 n=1000000 ops=1430615.12 user_us=2.690 sys_us=0.120 total_us=2.810 cores=4.02 client_cores=0.80 evicted=0 evicted_per_op=0.000
cell arm=valkey-iot4 kind=warmup shape=mget arg=4 depth=64 clients=50 keyspace=100000 payload=64 n=1000000 ops=1428571.50 user_us=2.700 sys_us=0.130 total_us=2.830 cores=4.04 client_cores=0.79 evicted=0 evicted_per_op=0.000
cell arm=valkey-iot4 kind=kept shape=mget arg=4 depth=64 clients=50 keyspace=100000 payload=64 n=1000000 ops=1428571.50 user_us=2.690 sys_us=0.130 total_us=2.820 cores=4.03 client_cores=0.79 evicted=0 evicted_per_op=0.000
cell arm=valkey-iot4 kind=kept shape=mget arg=4 depth=64 clients=50 keyspace=100000 payload=64 n=1000000 ops=1430615.12 user_us=2.700 sys_us=0.120 total_us=2.820 cores=4.03 client_cores=0.80 evicted=0 evicted_per_op=0.000
cell arm=valkey-iot4 kind=kept shape=mget arg=4 depth=64 clients=50 keyspace=100000 payload=64 n=1000000 ops=1430615.12 user_us=2.690 sys_us=0.130 total_us=2.820 cores=4.03 client_cores=0.79 evicted=0 evicted_per_op=0.000
cell arm=valkey-iot4 kind=warmup shape=mget arg=16 depth=64 clients=50 keyspace=100000 payload=64 n=1000000 ops=418410.03 user_us=9.240 sys_us=0.340 total_us=9.580 cores=4.01 client_cores=0.68 evicted=0 evicted_per_op=0.000
cell arm=valkey-iot4 kind=warmup shape=mget arg=16 depth=64 clients=50 keyspace=100000 payload=64 n=1000000 ops=420875.44 user_us=9.200 sys_us=0.330 total_us=9.530 cores=4.01 client_cores=0.68 evicted=0 evicted_per_op=0.000
cell arm=valkey-iot4 kind=warmup shape=mget arg=16 depth=64 clients=50 keyspace=100000 payload=64 n=1000000 ops=421407.53 user_us=9.190 sys_us=0.320 total_us=9.510 cores=4.01 client_cores=0.71 evicted=0 evicted_per_op=0.000
cell arm=valkey-iot4 kind=kept shape=mget arg=16 depth=64 clients=50 keyspace=100000 payload=64 n=1000000 ops=421229.97 user_us=9.210 sys_us=0.320 total_us=9.530 cores=4.01 client_cores=0.68 evicted=0 evicted_per_op=0.000
cell arm=valkey-iot4 kind=kept shape=mget arg=16 depth=64 clients=50 keyspace=100000 payload=64 n=1000000 ops=421407.53 user_us=9.220 sys_us=0.300 total_us=9.520 cores=4.01 client_cores=0.68 evicted=0 evicted_per_op=0.000
cell arm=valkey-iot4 kind=kept shape=mget arg=16 depth=64 clients=50 keyspace=100000 payload=64 n=1000000 ops=421585.16 user_us=9.190 sys_us=0.320 total_us=9.510 cores=4.01 client_cores=0.69 evicted=0 evicted_per_op=0.000

--- dragonfly [populate] pid=19356 threads=11 load:3.00
    cmd: /home/stefanobaldo/dragonfly/dragonfly-aarch64 --port=6392 --proactor_threads=10 --dbfilename= --logtostderr=false
    redis_version:7.4.0
    dragonfly_version:df-v1.40.2
    os:Linux 6.17.0-1022-gcp aarch64
    probe: 50/50 hits on key:%012d  dbsize=95010
cell arm=dragonfly kind=warmup shape=mget arg=1 depth=64 clients=50 keyspace=100000 payload=64 n=1000000 ops=3816794.00 user_us=1.760 sys_us=0.320 total_us=2.080 cores=7.94 client_cores=1.01 evicted=0 evicted_per_op=0.000
cell arm=dragonfly kind=warmup shape=mget arg=1 depth=64 clients=50 keyspace=100000 payload=64 n=1000000 ops=3846154.00 user_us=1.800 sys_us=0.280 total_us=2.080 cores=8.00 client_cores=1.01 evicted=0 evicted_per_op=0.000
cell arm=dragonfly kind=warmup shape=mget arg=1 depth=64 clients=50 keyspace=100000 payload=64 n=1000000 ops=3703703.50 user_us=1.810 sys_us=0.300 total_us=2.110 cores=7.81 client_cores=1.01 evicted=0 evicted_per_op=0.000
cell arm=dragonfly kind=kept shape=mget arg=1 depth=64 clients=50 keyspace=100000 payload=64 n=1000000 ops=3802281.25 user_us=1.790 sys_us=0.310 total_us=2.100 cores=7.98 client_cores=1.01 evicted=0 evicted_per_op=0.000
cell arm=dragonfly kind=kept shape=mget arg=1 depth=64 clients=50 keyspace=100000 payload=64 n=1000000 ops=3773585.00 user_us=1.810 sys_us=0.290 total_us=2.100 cores=7.92 client_cores=1.01 evicted=0 evicted_per_op=0.000
cell arm=dragonfly kind=kept shape=mget arg=1 depth=64 clients=50 keyspace=100000 payload=64 n=1000000 ops=3816794.00 user_us=1.810 sys_us=0.290 total_us=2.100 cores=8.02 client_cores=1.01 evicted=0 evicted_per_op=0.000
cell arm=dragonfly kind=warmup shape=mget arg=4 depth=64 clients=50 keyspace=100000 payload=64 n=1000000 ops=1164144.38 user_us=6.470 sys_us=1.000 total_us=7.470 cores=8.70 client_cores=0.65 evicted=0 evicted_per_op=0.000
cell arm=dragonfly kind=warmup shape=mget arg=4 depth=64 clients=50 keyspace=100000 payload=64 n=1000000 ops=1162790.62 user_us=6.510 sys_us=0.960 total_us=7.470 cores=8.69 client_cores=0.65 evicted=0 evicted_per_op=0.000
cell arm=dragonfly kind=warmup shape=mget arg=4 depth=64 clients=50 keyspace=100000 payload=64 n=1000000 ops=1165501.25 user_us=6.490 sys_us=0.970 total_us=7.460 cores=8.69 client_cores=0.64 evicted=0 evicted_per_op=0.000
cell arm=dragonfly kind=kept shape=mget arg=4 depth=64 clients=50 keyspace=100000 payload=64 n=1000000 ops=1157407.38 user_us=6.520 sys_us=0.970 total_us=7.490 cores=8.67 client_cores=0.64 evicted=0 evicted_per_op=0.000
cell arm=dragonfly kind=kept shape=mget arg=4 depth=64 clients=50 keyspace=100000 payload=64 n=1000000 ops=1160092.88 user_us=6.470 sys_us=1.010 total_us=7.480 cores=8.68 client_cores=0.65 evicted=0 evicted_per_op=0.000
cell arm=dragonfly kind=kept shape=mget arg=4 depth=64 clients=50 keyspace=100000 payload=64 n=1000000 ops=1161440.12 user_us=6.460 sys_us=1.020 total_us=7.480 cores=8.69 client_cores=0.64 evicted=0 evicted_per_op=0.000
cell arm=dragonfly kind=warmup shape=mget arg=16 depth=64 clients=50 keyspace=100000 payload=64 n=1000000 ops=429368.84 user_us=16.310 sys_us=2.540 total_us=18.850 cores=8.09 client_cores=0.72 evicted=0 evicted_per_op=0.000
cell arm=dragonfly kind=warmup shape=mget arg=16 depth=64 clients=50 keyspace=100000 payload=64 n=1000000 ops=430107.53 user_us=16.270 sys_us=2.580 total_us=18.850 cores=8.11 client_cores=0.71 evicted=0 evicted_per_op=0.000
cell arm=dragonfly kind=warmup shape=mget arg=16 depth=64 clients=50 keyspace=100000 payload=64 n=1000000 ops=428265.53 user_us=16.220 sys_us=2.630 total_us=18.850 cores=8.07 client_cores=0.72 evicted=0 evicted_per_op=0.000
cell arm=dragonfly kind=kept shape=mget arg=16 depth=64 clients=50 keyspace=100000 payload=64 n=1000000 ops=430477.84 user_us=16.240 sys_us=2.570 total_us=18.810 cores=8.10 client_cores=0.72 evicted=0 evicted_per_op=0.000
cell arm=dragonfly kind=kept shape=mget arg=16 depth=64 clients=50 keyspace=100000 payload=64 n=1000000 ops=429368.84 user_us=16.360 sys_us=2.530 total_us=18.890 cores=8.11 client_cores=0.72 evicted=0 evicted_per_op=0.000
cell arm=dragonfly kind=kept shape=mget arg=16 depth=64 clients=50 keyspace=100000 payload=64 n=1000000 ops=429184.56 user_us=16.420 sys_us=2.460 total_us=18.880 cores=8.10 client_cores=0.72 evicted=0 evicted_per_op=0.000

--- garnet [populate] pid=19922 threads=27 load:4.86
    cmd: /home/stefanobaldo/garnet/net8.0/GarnetServer --port 6394
    garnet_version:2.1.5
    os:Unix 6.17.0.1022
    redis_version:7.4.3
    probe: 46/50 hits on key:%012d  dbsize=94910
cell arm=garnet kind=warmup shape=mget arg=1 depth=64 clients=50 keyspace=100000 payload=64 n=1000000 ops=3164556.75 user_us=2.760 sys_us=0.370 total_us=3.130 cores=9.91 client_cores=0.93 evicted=- evicted_per_op=-
cell arm=garnet kind=warmup shape=mget arg=1 depth=64 clients=50 keyspace=100000 payload=64 n=1000000 ops=3246753.25 user_us=2.680 sys_us=0.380 total_us=3.060 cores=9.94 client_cores=0.95 evicted=- evicted_per_op=-
cell arm=garnet kind=warmup shape=mget arg=1 depth=64 clients=50 keyspace=100000 payload=64 n=1000000 ops=3508772.00 user_us=1.590 sys_us=0.540 total_us=2.130 cores=7.47 client_cores=1.00 evicted=- evicted_per_op=-
cell arm=garnet kind=kept shape=mget arg=1 depth=64 clients=50 keyspace=100000 payload=64 n=1000000 ops=3623188.50 user_us=1.200 sys_us=0.550 total_us=1.750 cores=6.34 client_cores=1.01 evicted=- evicted_per_op=-
cell arm=garnet kind=kept shape=mget arg=1 depth=64 clients=50 keyspace=100000 payload=64 n=1000000 ops=3623188.50 user_us=1.120 sys_us=0.570 total_us=1.690 cores=6.12 client_cores=1.01 evicted=- evicted_per_op=-
cell arm=garnet kind=kept shape=mget arg=1 depth=64 clients=50 keyspace=100000 payload=64 n=1000000 ops=3584229.25 user_us=1.140 sys_us=0.570 total_us=1.710 cores=6.13 client_cores=1.01 evicted=- evicted_per_op=-
cell arm=garnet kind=warmup shape=mget arg=4 depth=64 clients=50 keyspace=100000 payload=64 n=1000000 ops=1818181.75 user_us=2.220 sys_us=0.730 total_us=2.950 cores=5.36 client_cores=0.99 evicted=- evicted_per_op=-
cell arm=garnet kind=warmup shape=mget arg=4 depth=64 clients=50 keyspace=100000 payload=64 n=1000000 ops=1831501.88 user_us=2.090 sys_us=0.660 total_us=2.750 cores=5.04 client_cores=1.00 evicted=- evicted_per_op=-
cell arm=garnet kind=warmup shape=mget arg=4 depth=64 clients=50 keyspace=100000 payload=64 n=1000000 ops=1785714.25 user_us=2.180 sys_us=0.700 total_us=2.880 cores=5.14 client_cores=1.00 evicted=- evicted_per_op=-
cell arm=garnet kind=kept shape=mget arg=4 depth=64 clients=50 keyspace=100000 payload=64 n=1000000 ops=1818181.75 user_us=2.220 sys_us=0.700 total_us=2.920 cores=5.31 client_cores=1.00 evicted=- evicted_per_op=-
cell arm=garnet kind=kept shape=mget arg=4 depth=64 clients=50 keyspace=100000 payload=64 n=1000000 ops=1795332.25 user_us=2.150 sys_us=0.640 total_us=2.790 cores=5.01 client_cores=1.01 evicted=- evicted_per_op=-
cell arm=garnet kind=kept shape=mget arg=4 depth=64 clients=50 keyspace=100000 payload=64 n=1000000 ops=1811594.25 user_us=2.160 sys_us=0.660 total_us=2.820 cores=5.11 client_cores=1.01 evicted=- evicted_per_op=-
cell arm=garnet kind=warmup shape=mget arg=16 depth=64 clients=50 keyspace=100000 payload=64 n=1000000 ops=608642.75 user_us=6.100 sys_us=0.970 total_us=7.070 cores=4.30 client_cores=1.00 evicted=- evicted_per_op=-
cell arm=garnet kind=warmup shape=mget arg=16 depth=64 clients=50 keyspace=100000 payload=64 n=1000000 ops=602772.75 user_us=6.110 sys_us=0.850 total_us=6.960 cores=4.20 client_cores=1.00 evicted=- evicted_per_op=-
cell arm=garnet kind=warmup shape=mget arg=16 depth=64 clients=50 keyspace=100000 payload=64 n=1000000 ops=611995.12 user_us=6.120 sys_us=1.040 total_us=7.160 cores=4.38 client_cores=1.00 evicted=- evicted_per_op=-
cell arm=garnet kind=kept shape=mget arg=16 depth=64 clients=50 keyspace=100000 payload=64 n=1000000 ops=611620.81 user_us=6.140 sys_us=0.910 total_us=7.050 cores=4.31 client_cores=1.00 evicted=- evicted_per_op=-
cell arm=garnet kind=kept shape=mget arg=16 depth=64 clients=50 keyspace=100000 payload=64 n=1000000 ops=611995.12 user_us=6.020 sys_us=0.850 total_us=6.870 cores=4.20 client_cores=1.00 evicted=- evicted_per_op=-
cell arm=garnet kind=kept shape=mget arg=16 depth=64 clients=50 keyspace=100000 payload=64 n=1000000 ops=609013.44 user_us=6.120 sys_us=0.970 total_us=7.090 cores=4.32 client_cores=1.00 evicted=- evicted_per_op=-

### stage multikey done 2026-09-05T19:27:26Z  load:5.60 3.76 2.25
