### stage calibrate start 2026-10-10T01:38:34Z
### load at start: 0.42 0.19 0.07
### kernel 7.0.0-1011-gcp aarch64  cpus server=0-9 client=10-15
### os Ubuntu 24.04.4 LTS  memtotal 62.7 GiB
### seedstone seedstone 0.3.0  benchmark redis-benchmark 8.10.0

### calibrate: how many runs until each arm settles. NOTHING HERE IS A MEASUREMENT.
### Every figure below is discarded; this stage's output is one integer, W.
### Rule, fixed in advance: per arm, the smallest i such that runs i, i+1, i+2 lie
### within 2 % (max - min <= 2 % of their median); that arm needs i-1 discarded runs.
### W is the largest i-1 across all arms. Cap 12 runs; an arm that never
### settles inside the cap is a finding, not a number to round.
--- seedstone [populate] pid=2748 threads=11 load:0.42
    cmd: /home/stefanobaldo/src/seedstone-v0.3.0/target/release/seedstone --bind 127.0.0.1:6390 --max-clients 2000 --no-auth
    redis_version:0.3.0
    probe: 46/50 hits on key:%012d  dbsize=95022
cell arm=seedstone kind=cal shape=get arg=- depth=64 clients=50 keyspace=100000 payload=64 n=1000000 ops=4545454.50 user_us=1.190 sys_us=0.280 total_us=1.470 cores=6.68 client_cores=1.01 evicted=0 evicted_per_op=0.000
cell arm=seedstone kind=cal shape=get arg=- depth=64 clients=50 keyspace=100000 payload=64 n=1000000 ops=4545454.50 user_us=1.150 sys_us=0.290 total_us=1.440 cores=6.55 client_cores=1.01 evicted=0 evicted_per_op=0.000
cell arm=seedstone kind=cal shape=get arg=- depth=64 clients=50 keyspace=100000 payload=64 n=1000000 ops=4608295.00 user_us=1.160 sys_us=0.290 total_us=1.450 cores=6.68 client_cores=1.01 evicted=0 evicted_per_op=0.000
cell arm=seedstone kind=cal shape=get arg=- depth=64 clients=50 keyspace=100000 payload=64 n=1000000 ops=4424779.00 user_us=1.170 sys_us=0.270 total_us=1.440 cores=6.37 client_cores=1.01 evicted=0 evicted_per_op=0.000
cell arm=seedstone kind=cal shape=get arg=- depth=64 clients=50 keyspace=100000 payload=64 n=1000000 ops=4608295.00 user_us=1.200 sys_us=0.260 total_us=1.460 cores=6.73 client_cores=1.01 evicted=0 evicted_per_op=0.000
cell arm=seedstone kind=cal shape=get arg=- depth=64 clients=50 keyspace=100000 payload=64 n=1000000 ops=4608295.00 user_us=1.190 sys_us=0.260 total_us=1.450 cores=6.68 client_cores=1.01 evicted=0 evicted_per_op=0.000
cell arm=seedstone kind=cal shape=get arg=- depth=64 clients=50 keyspace=100000 payload=64 n=1000000 ops=4545454.50 user_us=1.190 sys_us=0.280 total_us=1.470 cores=6.68 client_cores=1.01 evicted=0 evicted_per_op=0.000
cell arm=seedstone kind=cal shape=get arg=- depth=64 clients=50 keyspace=100000 payload=64 n=1000000 ops=4545454.50 user_us=1.160 sys_us=0.300 total_us=1.460 cores=6.64 client_cores=1.01 evicted=0 evicted_per_op=0.000
cell arm=seedstone kind=cal shape=get arg=- depth=64 clients=50 keyspace=100000 payload=64 n=1000000 ops=4651162.50 user_us=1.200 sys_us=0.260 total_us=1.460 cores=6.79 client_cores=1.01 evicted=0 evicted_per_op=0.000
cell arm=seedstone kind=cal shape=get arg=- depth=64 clients=50 keyspace=100000 payload=64 n=1000000 ops=4651162.50 user_us=1.180 sys_us=0.270 total_us=1.450 cores=6.74 client_cores=1.01 evicted=0 evicted_per_op=0.000
cell arm=seedstone kind=cal shape=get arg=- depth=64 clients=50 keyspace=100000 payload=64 n=1000000 ops=4694835.50 user_us=1.180 sys_us=0.280 total_us=1.460 cores=6.85 client_cores=1.01 evicted=0 evicted_per_op=0.000
cell arm=seedstone kind=cal shape=get arg=- depth=64 clients=50 keyspace=100000 payload=64 n=1000000 ops=4424779.00 user_us=1.210 sys_us=0.260 total_us=1.470 cores=6.50 client_cores=1.01 evicted=0 evicted_per_op=0.000

--- redis-iot1 [populate] pid=3224 threads=6 load:1.19
    cmd: /home/stefanobaldo/redis-8.10.0/src/redis-server --port 6391 --save  --appendonly no --io-threads 1
    redis_version:8.10.0
    os:Linux 7.0.0-1011-gcp aarch64
    gcc_version:13.3.0
    probe: 46/50 hits on key:%012d  dbsize=94986
cell arm=redis-iot1 kind=cal shape=get arg=- depth=64 clients=50 keyspace=100000 payload=64 n=1000000 ops=2645502.75 user_us=0.310 sys_us=0.080 total_us=0.390 cores=1.03 client_cores=0.54 evicted=0 evicted_per_op=0.000
cell arm=redis-iot1 kind=cal shape=get arg=- depth=64 clients=50 keyspace=100000 payload=64 n=1000000 ops=2631579.00 user_us=0.300 sys_us=0.070 total_us=0.370 cores=0.97 client_cores=0.54 evicted=0 evicted_per_op=0.000
cell arm=redis-iot1 kind=cal shape=get arg=- depth=64 clients=50 keyspace=100000 payload=64 n=1000000 ops=2652519.75 user_us=0.300 sys_us=0.080 total_us=0.380 cores=1.01 client_cores=0.54 evicted=0 evicted_per_op=0.000
cell arm=redis-iot1 kind=cal shape=get arg=- depth=64 clients=50 keyspace=100000 payload=64 n=1000000 ops=2652519.75 user_us=0.310 sys_us=0.070 total_us=0.380 cores=1.01 client_cores=0.54 evicted=0 evicted_per_op=0.000
cell arm=redis-iot1 kind=cal shape=get arg=- depth=64 clients=50 keyspace=100000 payload=64 n=1000000 ops=2659574.50 user_us=0.300 sys_us=0.080 total_us=0.380 cores=1.01 client_cores=0.55 evicted=0 evicted_per_op=0.000
cell arm=redis-iot1 kind=cal shape=get arg=- depth=64 clients=50 keyspace=100000 payload=64 n=1000000 ops=2631579.00 user_us=0.300 sys_us=0.080 total_us=0.380 cores=1.00 client_cores=0.55 evicted=0 evicted_per_op=0.000
cell arm=redis-iot1 kind=cal shape=get arg=- depth=64 clients=50 keyspace=100000 payload=64 n=1000000 ops=2624671.75 user_us=0.300 sys_us=0.080 total_us=0.380 cores=1.00 client_cores=0.56 evicted=0 evicted_per_op=0.000
cell arm=redis-iot1 kind=cal shape=get arg=- depth=64 clients=50 keyspace=100000 payload=64 n=1000000 ops=2645502.75 user_us=0.300 sys_us=0.080 total_us=0.380 cores=1.01 client_cores=0.54 evicted=0 evicted_per_op=0.000
cell arm=redis-iot1 kind=cal shape=get arg=- depth=64 clients=50 keyspace=100000 payload=64 n=1000000 ops=2638522.25 user_us=0.290 sys_us=0.090 total_us=0.380 cores=1.00 client_cores=0.55 evicted=0 evicted_per_op=0.000
cell arm=redis-iot1 kind=cal shape=get arg=- depth=64 clients=50 keyspace=100000 payload=64 n=1000000 ops=2645502.75 user_us=0.300 sys_us=0.080 total_us=0.380 cores=1.01 client_cores=0.54 evicted=0 evicted_per_op=0.000
cell arm=redis-iot1 kind=cal shape=get arg=- depth=64 clients=50 keyspace=100000 payload=64 n=1000000 ops=2652519.75 user_us=0.300 sys_us=0.080 total_us=0.380 cores=1.01 client_cores=0.54 evicted=0 evicted_per_op=0.000
cell arm=redis-iot1 kind=cal shape=get arg=- depth=64 clients=50 keyspace=100000 payload=64 n=1000000 ops=2652519.75 user_us=0.310 sys_us=0.070 total_us=0.380 cores=1.01 client_cores=0.54 evicted=0 evicted_per_op=0.000

--- redis-iot4 [populate] pid=3642 threads=9 load:1.15
    cmd: /home/stefanobaldo/redis-8.10.0/src/redis-server --port 6391 --save  --appendonly no --io-threads 4
    redis_version:8.10.0
    os:Linux 7.0.0-1011-gcp aarch64
    gcc_version:13.3.0
    probe: 49/50 hits on key:%012d  dbsize=94981
cell arm=redis-iot4 kind=cal shape=get arg=- depth=64 clients=50 keyspace=100000 payload=64 n=1000000 ops=3278688.50 user_us=0.350 sys_us=0.110 total_us=0.460 cores=1.51 client_cores=0.83 evicted=0 evicted_per_op=0.000
cell arm=redis-iot4 kind=cal shape=get arg=- depth=64 clients=50 keyspace=100000 payload=64 n=1000000 ops=3289473.75 user_us=0.380 sys_us=0.090 total_us=0.470 cores=1.55 client_cores=0.76 evicted=0 evicted_per_op=0.000
cell arm=redis-iot4 kind=cal shape=get arg=- depth=64 clients=50 keyspace=100000 payload=64 n=1000000 ops=3289473.75 user_us=0.350 sys_us=0.120 total_us=0.470 cores=1.55 client_cores=0.76 evicted=0 evicted_per_op=0.000
cell arm=redis-iot4 kind=cal shape=get arg=- depth=64 clients=50 keyspace=100000 payload=64 n=1000000 ops=3289473.75 user_us=0.370 sys_us=0.100 total_us=0.470 cores=1.55 client_cores=0.76 evicted=0 evicted_per_op=0.000
cell arm=redis-iot4 kind=cal shape=get arg=- depth=64 clients=50 keyspace=100000 payload=64 n=1000000 ops=3300330.00 user_us=0.360 sys_us=0.110 total_us=0.470 cores=1.55 client_cores=0.81 evicted=0 evicted_per_op=0.000
cell arm=redis-iot4 kind=cal shape=get arg=- depth=64 clients=50 keyspace=100000 payload=64 n=1000000 ops=3300330.00 user_us=0.370 sys_us=0.100 total_us=0.470 cores=1.55 client_cores=0.83 evicted=0 evicted_per_op=0.000
cell arm=redis-iot4 kind=cal shape=get arg=- depth=64 clients=50 keyspace=100000 payload=64 n=1000000 ops=3300330.00 user_us=0.360 sys_us=0.100 total_us=0.460 cores=1.52 client_cores=0.77 evicted=0 evicted_per_op=0.000
cell arm=redis-iot4 kind=cal shape=get arg=- depth=64 clients=50 keyspace=100000 payload=64 n=1000000 ops=3300330.00 user_us=0.370 sys_us=0.100 total_us=0.470 cores=1.55 client_cores=0.79 evicted=0 evicted_per_op=0.000
cell arm=redis-iot4 kind=cal shape=get arg=- depth=64 clients=50 keyspace=100000 payload=64 n=1000000 ops=3300330.00 user_us=0.370 sys_us=0.100 total_us=0.470 cores=1.55 client_cores=0.81 evicted=0 evicted_per_op=0.000
cell arm=redis-iot4 kind=cal shape=get arg=- depth=64 clients=50 keyspace=100000 payload=64 n=1000000 ops=3300330.00 user_us=0.370 sys_us=0.110 total_us=0.480 cores=1.58 client_cores=0.78 evicted=0 evicted_per_op=0.000
cell arm=redis-iot4 kind=cal shape=get arg=- depth=64 clients=50 keyspace=100000 payload=64 n=1000000 ops=3289473.75 user_us=0.360 sys_us=0.100 total_us=0.460 cores=1.51 client_cores=0.82 evicted=0 evicted_per_op=0.000
cell arm=redis-iot4 kind=cal shape=get arg=- depth=64 clients=50 keyspace=100000 payload=64 n=1000000 ops=3300330.00 user_us=0.370 sys_us=0.100 total_us=0.470 cores=1.55 client_cores=0.76 evicted=0 evicted_per_op=0.000

--- valkey-iot1 [populate] pid=4065 threads=7 load:1.30
    cmd: /home/stefanobaldo/valkey-9.1.1/src/valkey-server --port 6393 --save  --appendonly no --io-threads 1
    redis_version:7.2.4
    valkey_version:9.1.1
    os:Linux 7.0.0-1011-gcp aarch64
    gcc_version:13.3.0
    probe: 47/50 hits on key:%012d  dbsize=94946
cell arm=valkey-iot1 kind=cal shape=get arg=- depth=64 clients=50 keyspace=100000 payload=64 n=1000000 ops=2252252.25 user_us=0.360 sys_us=0.090 total_us=0.450 cores=1.01 client_cores=0.47 evicted=0 evicted_per_op=0.000
cell arm=valkey-iot1 kind=cal shape=get arg=- depth=64 clients=50 keyspace=100000 payload=64 n=1000000 ops=2262443.50 user_us=0.390 sys_us=0.050 total_us=0.440 cores=1.00 client_cores=0.47 evicted=0 evicted_per_op=0.000
cell arm=valkey-iot1 kind=cal shape=get arg=- depth=64 clients=50 keyspace=100000 payload=64 n=1000000 ops=2257336.50 user_us=0.380 sys_us=0.060 total_us=0.440 cores=0.99 client_cores=0.47 evicted=0 evicted_per_op=0.000
cell arm=valkey-iot1 kind=cal shape=get arg=- depth=64 clients=50 keyspace=100000 payload=64 n=1000000 ops=2262443.50 user_us=0.370 sys_us=0.080 total_us=0.450 cores=1.02 client_cores=0.47 evicted=0 evicted_per_op=0.000
cell arm=valkey-iot1 kind=cal shape=get arg=- depth=64 clients=50 keyspace=100000 payload=64 n=1000000 ops=2262443.50 user_us=0.370 sys_us=0.070 total_us=0.440 cores=1.00 client_cores=0.47 evicted=0 evicted_per_op=0.000
cell arm=valkey-iot1 kind=cal shape=get arg=- depth=64 clients=50 keyspace=100000 payload=64 n=1000000 ops=2252252.25 user_us=0.360 sys_us=0.090 total_us=0.450 cores=1.01 client_cores=0.47 evicted=0 evicted_per_op=0.000
cell arm=valkey-iot1 kind=cal shape=get arg=- depth=64 clients=50 keyspace=100000 payload=64 n=1000000 ops=2242152.50 user_us=0.390 sys_us=0.060 total_us=0.450 cores=1.01 client_cores=0.48 evicted=0 evicted_per_op=0.000
cell arm=valkey-iot1 kind=cal shape=get arg=- depth=64 clients=50 keyspace=100000 payload=64 n=1000000 ops=2262443.50 user_us=0.370 sys_us=0.070 total_us=0.440 cores=1.00 client_cores=0.47 evicted=0 evicted_per_op=0.000
cell arm=valkey-iot1 kind=cal shape=get arg=- depth=64 clients=50 keyspace=100000 payload=64 n=1000000 ops=2267573.50 user_us=0.380 sys_us=0.060 total_us=0.440 cores=1.00 client_cores=0.47 evicted=0 evicted_per_op=0.000
cell arm=valkey-iot1 kind=cal shape=get arg=- depth=64 clients=50 keyspace=100000 payload=64 n=1000000 ops=2262443.50 user_us=0.380 sys_us=0.060 total_us=0.440 cores=1.00 client_cores=0.47 evicted=0 evicted_per_op=0.000
cell arm=valkey-iot1 kind=cal shape=get arg=- depth=64 clients=50 keyspace=100000 payload=64 n=1000000 ops=2252252.25 user_us=0.380 sys_us=0.060 total_us=0.440 cores=0.99 client_cores=0.47 evicted=0 evicted_per_op=0.000
cell arm=valkey-iot1 kind=cal shape=get arg=- depth=64 clients=50 keyspace=100000 payload=64 n=1000000 ops=2262443.50 user_us=0.370 sys_us=0.080 total_us=0.450 cores=1.02 client_cores=0.47 evicted=0 evicted_per_op=0.000

--- valkey-iot4 [populate] pid=4484 threads=13 load:1.17
    cmd: /home/stefanobaldo/valkey-9.1.1/src/valkey-server --port 6393 --save  --appendonly no --io-threads 4
    redis_version:7.2.4
    valkey_version:9.1.1
    os:Linux 7.0.0-1011-gcp aarch64
    gcc_version:13.3.0
    probe: 49/50 hits on key:%012d  dbsize=95049
cell arm=valkey-iot4 kind=cal shape=get arg=- depth=64 clients=50 keyspace=100000 payload=64 n=1000000 ops=3144654.25 user_us=0.490 sys_us=0.070 total_us=0.560 cores=1.76 client_cores=0.66 evicted=0 evicted_per_op=0.000
cell arm=valkey-iot4 kind=cal shape=get arg=- depth=64 clients=50 keyspace=100000 payload=64 n=1000000 ops=3546099.25 user_us=0.730 sys_us=0.070 total_us=0.800 cores=2.84 client_cores=0.75 evicted=0 evicted_per_op=0.000
cell arm=valkey-iot4 kind=cal shape=get arg=- depth=64 clients=50 keyspace=100000 payload=64 n=1000000 ops=3571428.50 user_us=0.810 sys_us=0.080 total_us=0.890 cores=3.18 client_cores=0.76 evicted=0 evicted_per_op=0.000
cell arm=valkey-iot4 kind=cal shape=get arg=- depth=64 clients=50 keyspace=100000 payload=64 n=1000000 ops=3663003.75 user_us=1.040 sys_us=0.080 total_us=1.120 cores=4.10 client_cores=0.81 evicted=0 evicted_per_op=0.000
cell arm=valkey-iot4 kind=cal shape=get arg=- depth=64 clients=50 keyspace=100000 payload=64 n=1000000 ops=3649635.25 user_us=1.020 sys_us=0.090 total_us=1.110 cores=4.05 client_cores=0.80 evicted=0 evicted_per_op=0.000
cell arm=valkey-iot4 kind=cal shape=get arg=- depth=64 clients=50 keyspace=100000 payload=64 n=1000000 ops=3663003.75 user_us=1.020 sys_us=0.100 total_us=1.120 cores=4.10 client_cores=0.81 evicted=0 evicted_per_op=0.000
cell arm=valkey-iot4 kind=cal shape=get arg=- depth=64 clients=50 keyspace=100000 payload=64 n=1000000 ops=3663003.75 user_us=1.050 sys_us=0.060 total_us=1.110 cores=4.07 client_cores=0.81 evicted=0 evicted_per_op=0.000
cell arm=valkey-iot4 kind=cal shape=get arg=- depth=64 clients=50 keyspace=100000 payload=64 n=1000000 ops=3663003.75 user_us=1.030 sys_us=0.090 total_us=1.120 cores=4.10 client_cores=0.82 evicted=0 evicted_per_op=0.000
cell arm=valkey-iot4 kind=cal shape=get arg=- depth=64 clients=50 keyspace=100000 payload=64 n=1000000 ops=3663003.75 user_us=1.040 sys_us=0.070 total_us=1.110 cores=4.07 client_cores=0.81 evicted=0 evicted_per_op=0.000
cell arm=valkey-iot4 kind=cal shape=get arg=- depth=64 clients=50 keyspace=100000 payload=64 n=1000000 ops=3663003.75 user_us=1.040 sys_us=0.070 total_us=1.110 cores=4.07 client_cores=0.80 evicted=0 evicted_per_op=0.000
cell arm=valkey-iot4 kind=cal shape=get arg=- depth=64 clients=50 keyspace=100000 payload=64 n=1000000 ops=3663003.75 user_us=1.040 sys_us=0.070 total_us=1.110 cores=4.07 client_cores=0.81 evicted=0 evicted_per_op=0.000
cell arm=valkey-iot4 kind=cal shape=get arg=- depth=64 clients=50 keyspace=100000 payload=64 n=1000000 ops=3649635.25 user_us=0.990 sys_us=0.080 total_us=1.070 cores=3.91 client_cores=0.79 evicted=0 evicted_per_op=0.000

--- dragonfly [populate] pid=4909 threads=11 load:1.48
    cmd: /home/stefanobaldo/dragonfly/dragonfly-aarch64 --port=6392 --proactor_threads=10 --dbfilename= --logtostderr=false
    redis_version:7.4.0
    dragonfly_version:df-v1.40.2
    os:Linux 7.0.0-1011-gcp aarch64
    probe: 47/50 hits on key:%012d  dbsize=95004
cell arm=dragonfly kind=cal shape=get arg=- depth=64 clients=50 keyspace=100000 payload=64 n=1000000 ops=4694835.50 user_us=1.190 sys_us=0.350 total_us=1.540 cores=7.23 client_cores=1.01 evicted=0 evicted_per_op=0.000
cell arm=dragonfly kind=cal shape=get arg=- depth=64 clients=50 keyspace=100000 payload=64 n=1000000 ops=4484305.00 user_us=1.210 sys_us=0.350 total_us=1.560 cores=7.00 client_cores=1.01 evicted=0 evicted_per_op=0.000
cell arm=dragonfly kind=cal shape=get arg=- depth=64 clients=50 keyspace=100000 payload=64 n=1000000 ops=4545454.50 user_us=1.220 sys_us=0.340 total_us=1.560 cores=7.09 client_cores=1.01 evicted=0 evicted_per_op=0.000
cell arm=dragonfly kind=cal shape=get arg=- depth=64 clients=50 keyspace=100000 payload=64 n=1000000 ops=4545454.50 user_us=1.200 sys_us=0.360 total_us=1.560 cores=7.09 client_cores=1.01 evicted=0 evicted_per_op=0.000
cell arm=dragonfly kind=cal shape=get arg=- depth=64 clients=50 keyspace=100000 payload=64 n=1000000 ops=4587156.00 user_us=1.220 sys_us=0.340 total_us=1.560 cores=7.16 client_cores=1.01 evicted=0 evicted_per_op=0.000
cell arm=dragonfly kind=cal shape=get arg=- depth=64 clients=50 keyspace=100000 payload=64 n=1000000 ops=4629629.50 user_us=1.190 sys_us=0.370 total_us=1.560 cores=7.22 client_cores=1.01 evicted=0 evicted_per_op=0.000
cell arm=dragonfly kind=cal shape=get arg=- depth=64 clients=50 keyspace=100000 payload=64 n=1000000 ops=4464285.50 user_us=1.270 sys_us=0.320 total_us=1.590 cores=7.10 client_cores=1.01 evicted=0 evicted_per_op=0.000
cell arm=dragonfly kind=cal shape=get arg=- depth=64 clients=50 keyspace=100000 payload=64 n=1000000 ops=4587156.00 user_us=1.190 sys_us=0.370 total_us=1.560 cores=7.16 client_cores=1.01 evicted=0 evicted_per_op=0.000
cell arm=dragonfly kind=cal shape=get arg=- depth=64 clients=50 keyspace=100000 payload=64 n=1000000 ops=4545454.50 user_us=1.240 sys_us=0.340 total_us=1.580 cores=7.18 client_cores=1.01 evicted=0 evicted_per_op=0.000
cell arm=dragonfly kind=cal shape=get arg=- depth=64 clients=50 keyspace=100000 payload=64 n=1000000 ops=4566210.00 user_us=1.210 sys_us=0.360 total_us=1.570 cores=7.17 client_cores=1.01 evicted=0 evicted_per_op=0.000
cell arm=dragonfly kind=cal shape=get arg=- depth=64 clients=50 keyspace=100000 payload=64 n=1000000 ops=4524887.00 user_us=1.250 sys_us=0.340 total_us=1.590 cores=7.19 client_cores=1.01 evicted=0 evicted_per_op=0.000
cell arm=dragonfly kind=cal shape=get arg=- depth=64 clients=50 keyspace=100000 payload=64 n=1000000 ops=4651162.50 user_us=1.220 sys_us=0.340 total_us=1.560 cores=7.26 client_cores=1.01 evicted=0 evicted_per_op=0.000

--- garnet [populate] pid=5336 threads=27 load:2.16
    cmd: /home/stefanobaldo/garnet/net8.0/GarnetServer --port 6394
    garnet_version:2.1.5
    os:Unix 7.0.0.1011
    redis_version:7.4.3
    probe: 50/50 hits on key:%012d  dbsize=95102
cell arm=garnet kind=cal shape=get arg=- depth=64 clients=50 keyspace=100000 payload=64 n=1000000 ops=3086419.75 user_us=2.940 sys_us=0.250 total_us=3.190 cores=9.85 client_cores=0.69 evicted=- evicted_per_op=-
cell arm=garnet kind=cal shape=get arg=- depth=64 clients=50 keyspace=100000 payload=64 n=1000000 ops=4405286.50 user_us=1.920 sys_us=0.330 total_us=2.250 cores=9.91 client_cores=0.96 evicted=- evicted_per_op=-
cell arm=garnet kind=cal shape=get arg=- depth=64 clients=50 keyspace=100000 payload=64 n=1000000 ops=4629629.50 user_us=1.820 sys_us=0.330 total_us=2.150 cores=9.95 client_cores=1.01 evicted=- evicted_per_op=-
cell arm=garnet kind=cal shape=get arg=- depth=64 clients=50 keyspace=100000 payload=64 n=1000000 ops=4504504.50 user_us=1.510 sys_us=0.530 total_us=2.040 cores=9.19 client_cores=1.01 evicted=- evicted_per_op=-
cell arm=garnet kind=cal shape=get arg=- depth=64 clients=50 keyspace=100000 payload=64 n=1000000 ops=4166666.75 user_us=0.980 sys_us=0.540 total_us=1.520 cores=6.33 client_cores=1.01 evicted=- evicted_per_op=-
cell arm=garnet kind=cal shape=get arg=- depth=64 clients=50 keyspace=100000 payload=64 n=1000000 ops=3984064.00 user_us=0.910 sys_us=0.550 total_us=1.460 cores=5.82 client_cores=1.01 evicted=- evicted_per_op=-
cell arm=garnet kind=cal shape=get arg=- depth=64 clients=50 keyspace=100000 payload=64 n=1000000 ops=3875969.25 user_us=0.860 sys_us=0.520 total_us=1.380 cores=5.35 client_cores=1.01 evicted=- evicted_per_op=-
cell arm=garnet kind=cal shape=get arg=- depth=64 clients=50 keyspace=100000 payload=64 n=1000000 ops=4098360.50 user_us=0.930 sys_us=0.570 total_us=1.500 cores=6.15 client_cores=1.01 evicted=- evicted_per_op=-
cell arm=garnet kind=cal shape=get arg=- depth=64 clients=50 keyspace=100000 payload=64 n=1000000 ops=4310345.00 user_us=0.980 sys_us=0.580 total_us=1.560 cores=6.72 client_cores=1.01 evicted=- evicted_per_op=-
cell arm=garnet kind=cal shape=get arg=- depth=64 clients=50 keyspace=100000 payload=64 n=1000000 ops=4132231.50 user_us=0.930 sys_us=0.610 total_us=1.540 cores=6.36 client_cores=1.01 evicted=- evicted_per_op=-
cell arm=garnet kind=cal shape=get arg=- depth=64 clients=50 keyspace=100000 payload=64 n=1000000 ops=4385965.00 user_us=0.910 sys_us=0.600 total_us=1.510 cores=6.62 client_cores=1.01 evicted=- evicted_per_op=-
cell arm=garnet kind=cal shape=get arg=- depth=64 clients=50 keyspace=100000 payload=64 n=1000000 ops=4329004.00 user_us=0.940 sys_us=0.520 total_us=1.460 cores=6.32 client_cores=1.01 evicted=- evicted_per_op=-

### stage calibrate done 2026-10-10T01:39:18Z  load:2.63 0.78 0.27
