### stage expiry start 2026-10-10T01:55:00Z
### load at start: 6.28 3.89 2.02
### kernel 7.0.0-1011-gcp aarch64  cpus server=0-9 client=10-15
### os Ubuntu 24.04.4 LTS  memtotal 62.7 GiB
### seedstone seedstone 0.3.0  benchmark redis-benchmark 8.10.0

### expiry: SET 64 B at depth 64, without and with EX 60; 50 clients; 100 000 spread keys; W=5
--- seedstone [populate] pid=15424 threads=11 load:6.28
    cmd: /home/stefanobaldo/src/seedstone-v0.3.0/target/release/seedstone --bind 127.0.0.1:6390 --max-clients 2000 --no-auth
    redis_version:0.3.0
    probe: 43/50 hits on key:%012d  dbsize=94919
cell arm=seedstone kind=warmup shape=set arg=- depth=64 clients=50 keyspace=100000 payload=64 n=1000000 ops=4424779.00 user_us=1.400 sys_us=0.270 total_us=1.670 cores=7.39 client_cores=1.01 evicted=0 evicted_per_op=0.000
cell arm=seedstone kind=warmup shape=set arg=- depth=64 clients=50 keyspace=100000 payload=64 n=1000000 ops=4629629.50 user_us=1.400 sys_us=0.230 total_us=1.630 cores=7.55 client_cores=1.01 evicted=0 evicted_per_op=0.000
cell arm=seedstone kind=warmup shape=set arg=- depth=64 clients=50 keyspace=100000 payload=64 n=1000000 ops=4484305.00 user_us=1.400 sys_us=0.250 total_us=1.650 cores=7.40 client_cores=1.01 evicted=0 evicted_per_op=0.000
cell arm=seedstone kind=warmup shape=set arg=- depth=64 clients=50 keyspace=100000 payload=64 n=1000000 ops=4566210.00 user_us=1.360 sys_us=0.270 total_us=1.630 cores=7.44 client_cores=1.01 evicted=0 evicted_per_op=0.000
cell arm=seedstone kind=warmup shape=set arg=- depth=64 clients=50 keyspace=100000 payload=64 n=1000000 ops=4672897.00 user_us=1.410 sys_us=0.230 total_us=1.640 cores=7.66 client_cores=1.01 evicted=0 evicted_per_op=0.000
cell arm=seedstone kind=kept shape=set arg=- depth=64 clients=50 keyspace=100000 payload=64 n=1000000 ops=4424779.00 user_us=1.380 sys_us=0.280 total_us=1.660 cores=7.35 client_cores=1.01 evicted=0 evicted_per_op=0.000
cell arm=seedstone kind=kept shape=set arg=- depth=64 clients=50 keyspace=100000 payload=64 n=1000000 ops=4484305.00 user_us=1.400 sys_us=0.250 total_us=1.650 cores=7.40 client_cores=1.00 evicted=0 evicted_per_op=0.000
cell arm=seedstone kind=kept shape=set arg=- depth=64 clients=50 keyspace=100000 payload=64 n=1000000 ops=4504504.50 user_us=1.390 sys_us=0.250 total_us=1.640 cores=7.39 client_cores=1.01 evicted=0 evicted_per_op=0.000
cell arm=seedstone kind=warmup shape=set-ex arg=60 depth=64 clients=50 keyspace=100000 payload=64 n=1000000 ops=4629629.50 user_us=1.540 sys_us=0.220 total_us=1.760 cores=8.15 client_cores=1.01 evicted=0 evicted_per_op=0.000
cell arm=seedstone kind=warmup shape=set-ex arg=60 depth=64 clients=50 keyspace=100000 payload=64 n=1000000 ops=4587156.00 user_us=1.510 sys_us=0.250 total_us=1.760 cores=8.07 client_cores=1.01 evicted=0 evicted_per_op=0.000
cell arm=seedstone kind=warmup shape=set-ex arg=60 depth=64 clients=50 keyspace=100000 payload=64 n=1000000 ops=4545454.50 user_us=1.540 sys_us=0.230 total_us=1.770 cores=8.05 client_cores=1.01 evicted=0 evicted_per_op=0.000
cell arm=seedstone kind=warmup shape=set-ex arg=60 depth=64 clients=50 keyspace=100000 payload=64 n=1000000 ops=4651162.50 user_us=1.520 sys_us=0.230 total_us=1.750 cores=8.14 client_cores=1.01 evicted=0 evicted_per_op=0.000
cell arm=seedstone kind=warmup shape=set-ex arg=60 depth=64 clients=50 keyspace=100000 payload=64 n=1000000 ops=4651162.50 user_us=1.510 sys_us=0.240 total_us=1.750 cores=8.14 client_cores=1.01 evicted=0 evicted_per_op=0.000
cell arm=seedstone kind=kept shape=set-ex arg=60 depth=64 clients=50 keyspace=100000 payload=64 n=1000000 ops=4629629.50 user_us=1.520 sys_us=0.230 total_us=1.750 cores=8.10 client_cores=1.01 evicted=0 evicted_per_op=0.000
cell arm=seedstone kind=kept shape=set-ex arg=60 depth=64 clients=50 keyspace=100000 payload=64 n=1000000 ops=4694835.50 user_us=1.530 sys_us=0.230 total_us=1.760 cores=8.26 client_cores=1.01 evicted=0 evicted_per_op=0.000
cell arm=seedstone kind=kept shape=set-ex arg=60 depth=64 clients=50 keyspace=100000 payload=64 n=1000000 ops=4385965.00 user_us=1.510 sys_us=0.270 total_us=1.780 cores=7.81 client_cores=1.01 evicted=0 evicted_per_op=0.000
    ttl probe: 60 (a deadline reached the server)

--- redis-iot1 [populate] pid=15983 threads=6 load:6.13
    cmd: /home/stefanobaldo/redis-8.10.0/src/redis-server --port 6391 --save  --appendonly no --io-threads 1
    redis_version:8.10.0
    os:Linux 7.0.0-1011-gcp aarch64
    gcc_version:13.3.0
    probe: 47/50 hits on key:%012d  dbsize=95096
cell arm=redis-iot1 kind=warmup shape=set arg=- depth=64 clients=50 keyspace=100000 payload=64 n=1000000 ops=2096436.12 user_us=0.410 sys_us=0.080 total_us=0.490 cores=1.03 client_cores=0.44 evicted=0 evicted_per_op=0.000
cell arm=redis-iot1 kind=warmup shape=set arg=- depth=64 clients=50 keyspace=100000 payload=64 n=1000000 ops=2109704.50 user_us=0.390 sys_us=0.070 total_us=0.460 cores=0.97 client_cores=0.44 evicted=0 evicted_per_op=0.000
cell arm=redis-iot1 kind=warmup shape=set arg=- depth=64 clients=50 keyspace=100000 payload=64 n=1000000 ops=2100840.25 user_us=0.410 sys_us=0.070 total_us=0.480 cores=1.01 client_cores=0.45 evicted=0 evicted_per_op=0.000
cell arm=redis-iot1 kind=warmup shape=set arg=- depth=64 clients=50 keyspace=100000 payload=64 n=1000000 ops=2105263.25 user_us=0.410 sys_us=0.070 total_us=0.480 cores=1.01 client_cores=0.44 evicted=0 evicted_per_op=0.000
cell arm=redis-iot1 kind=warmup shape=set arg=- depth=64 clients=50 keyspace=100000 payload=64 n=1000000 ops=2105263.25 user_us=0.420 sys_us=0.050 total_us=0.470 cores=0.99 client_cores=0.44 evicted=0 evicted_per_op=0.000
cell arm=redis-iot1 kind=kept shape=set arg=- depth=64 clients=50 keyspace=100000 payload=64 n=1000000 ops=2109704.50 user_us=0.400 sys_us=0.080 total_us=0.480 cores=1.01 client_cores=0.43 evicted=0 evicted_per_op=0.000
cell arm=redis-iot1 kind=kept shape=set arg=- depth=64 clients=50 keyspace=100000 payload=64 n=1000000 ops=2109704.50 user_us=0.410 sys_us=0.070 total_us=0.480 cores=1.01 client_cores=0.44 evicted=0 evicted_per_op=0.000
cell arm=redis-iot1 kind=kept shape=set arg=- depth=64 clients=50 keyspace=100000 payload=64 n=1000000 ops=2096436.12 user_us=0.390 sys_us=0.080 total_us=0.470 cores=0.99 client_cores=0.45 evicted=0 evicted_per_op=0.000
cell arm=redis-iot1 kind=warmup shape=set-ex arg=60 depth=64 clients=50 keyspace=100000 payload=64 n=1000000 ops=1508295.62 user_us=0.580 sys_us=0.090 total_us=0.670 cores=1.01 client_cores=0.32 evicted=0 evicted_per_op=0.000
cell arm=redis-iot1 kind=warmup shape=set-ex arg=60 depth=64 clients=50 keyspace=100000 payload=64 n=1000000 ops=1582278.38 user_us=0.540 sys_us=0.080 total_us=0.620 cores=0.98 client_cores=0.33 evicted=0 evicted_per_op=0.000
cell arm=redis-iot1 kind=warmup shape=set-ex arg=60 depth=64 clients=50 keyspace=100000 payload=64 n=1000000 ops=1584786.12 user_us=0.550 sys_us=0.090 total_us=0.640 cores=1.01 client_cores=0.33 evicted=0 evicted_per_op=0.000
cell arm=redis-iot1 kind=warmup shape=set-ex arg=60 depth=64 clients=50 keyspace=100000 payload=64 n=1000000 ops=1574803.12 user_us=0.560 sys_us=0.080 total_us=0.640 cores=1.01 client_cores=0.34 evicted=0 evicted_per_op=0.000
cell arm=redis-iot1 kind=warmup shape=set-ex arg=60 depth=64 clients=50 keyspace=100000 payload=64 n=1000000 ops=1579778.75 user_us=0.540 sys_us=0.090 total_us=0.630 cores=1.00 client_cores=0.33 evicted=0 evicted_per_op=0.000
cell arm=redis-iot1 kind=kept shape=set-ex arg=60 depth=64 clients=50 keyspace=100000 payload=64 n=1000000 ops=1582278.38 user_us=0.560 sys_us=0.080 total_us=0.640 cores=1.01 client_cores=0.33 evicted=0 evicted_per_op=0.000
cell arm=redis-iot1 kind=kept shape=set-ex arg=60 depth=64 clients=50 keyspace=100000 payload=64 n=1000000 ops=1582278.38 user_us=0.540 sys_us=0.080 total_us=0.620 cores=0.98 client_cores=0.33 evicted=0 evicted_per_op=0.000
cell arm=redis-iot1 kind=kept shape=set-ex arg=60 depth=64 clients=50 keyspace=100000 payload=64 n=1000000 ops=1574803.12 user_us=0.560 sys_us=0.090 total_us=0.650 cores=1.02 client_cores=0.33 evicted=0 evicted_per_op=0.000
    ttl probe: 60 (a deadline reached the server)

--- redis-iot4 [populate] pid=16539 threads=9 load:5.49
    cmd: /home/stefanobaldo/redis-8.10.0/src/redis-server --port 6391 --save  --appendonly no --io-threads 4
    redis_version:8.10.0
    os:Linux 7.0.0-1011-gcp aarch64
    gcc_version:13.3.0
    probe: 49/50 hits on key:%012d  dbsize=95003
cell arm=redis-iot4 kind=warmup shape=set arg=- depth=64 clients=50 keyspace=100000 payload=64 n=1000000 ops=2493765.75 user_us=0.490 sys_us=0.090 total_us=0.580 cores=1.45 client_cores=0.61 evicted=0 evicted_per_op=0.000
cell arm=redis-iot4 kind=warmup shape=set arg=- depth=64 clients=50 keyspace=100000 payload=64 n=1000000 ops=2487562.25 user_us=0.480 sys_us=0.110 total_us=0.590 cores=1.47 client_cores=0.59 evicted=0 evicted_per_op=0.000
cell arm=redis-iot4 kind=warmup shape=set arg=- depth=64 clients=50 keyspace=100000 payload=64 n=1000000 ops=2500000.00 user_us=0.490 sys_us=0.100 total_us=0.590 cores=1.48 client_cores=0.59 evicted=0 evicted_per_op=0.000
cell arm=redis-iot4 kind=warmup shape=set arg=- depth=64 clients=50 keyspace=100000 payload=64 n=1000000 ops=2506265.75 user_us=0.480 sys_us=0.110 total_us=0.590 cores=1.48 client_cores=0.60 evicted=0 evicted_per_op=0.000
cell arm=redis-iot4 kind=warmup shape=set arg=- depth=64 clients=50 keyspace=100000 payload=64 n=1000000 ops=2500000.00 user_us=0.470 sys_us=0.110 total_us=0.580 cores=1.45 client_cores=0.64 evicted=0 evicted_per_op=0.000
cell arm=redis-iot4 kind=kept shape=set arg=- depth=64 clients=50 keyspace=100000 payload=64 n=1000000 ops=2506265.75 user_us=0.480 sys_us=0.100 total_us=0.580 cores=1.45 client_cores=0.61 evicted=0 evicted_per_op=0.000
cell arm=redis-iot4 kind=kept shape=set arg=- depth=64 clients=50 keyspace=100000 payload=64 n=1000000 ops=2506265.75 user_us=0.470 sys_us=0.110 total_us=0.580 cores=1.45 client_cores=0.62 evicted=0 evicted_per_op=0.000
cell arm=redis-iot4 kind=kept shape=set arg=- depth=64 clients=50 keyspace=100000 payload=64 n=1000000 ops=2506265.75 user_us=0.490 sys_us=0.100 total_us=0.590 cores=1.48 client_cores=0.59 evicted=0 evicted_per_op=0.000
cell arm=redis-iot4 kind=warmup shape=set-ex arg=60 depth=64 clients=50 keyspace=100000 payload=64 n=1000000 ops=1736111.12 user_us=0.670 sys_us=0.110 total_us=0.780 cores=1.35 client_cores=0.40 evicted=0 evicted_per_op=0.000
cell arm=redis-iot4 kind=warmup shape=set-ex arg=60 depth=64 clients=50 keyspace=100000 payload=64 n=1000000 ops=1828153.62 user_us=0.650 sys_us=0.100 total_us=0.750 cores=1.37 client_cores=0.44 evicted=0 evicted_per_op=0.000
cell arm=redis-iot4 kind=warmup shape=set-ex arg=60 depth=64 clients=50 keyspace=100000 payload=64 n=1000000 ops=1828153.62 user_us=0.650 sys_us=0.100 total_us=0.750 cores=1.37 client_cores=0.46 evicted=0 evicted_per_op=0.000
cell arm=redis-iot4 kind=warmup shape=set-ex arg=60 depth=64 clients=50 keyspace=100000 payload=64 n=1000000 ops=1824817.62 user_us=0.650 sys_us=0.110 total_us=0.760 cores=1.39 client_cores=0.44 evicted=0 evicted_per_op=0.000
cell arm=redis-iot4 kind=warmup shape=set-ex arg=60 depth=64 clients=50 keyspace=100000 payload=64 n=1000000 ops=1821493.50 user_us=0.650 sys_us=0.100 total_us=0.750 cores=1.37 client_cores=0.44 evicted=0 evicted_per_op=0.000
cell arm=redis-iot4 kind=kept shape=set-ex arg=60 depth=64 clients=50 keyspace=100000 payload=64 n=1000000 ops=1834862.38 user_us=0.650 sys_us=0.110 total_us=0.760 cores=1.39 client_cores=0.44 evicted=0 evicted_per_op=0.000
cell arm=redis-iot4 kind=kept shape=set-ex arg=60 depth=64 clients=50 keyspace=100000 payload=64 n=1000000 ops=1824817.62 user_us=0.660 sys_us=0.080 total_us=0.740 cores=1.35 client_cores=0.42 evicted=0 evicted_per_op=0.000
cell arm=redis-iot4 kind=kept shape=set-ex arg=60 depth=64 clients=50 keyspace=100000 payload=64 n=1000000 ops=1828153.62 user_us=0.630 sys_us=0.120 total_us=0.750 cores=1.37 client_cores=0.42 evicted=0 evicted_per_op=0.000
    ttl probe: 60 (a deadline reached the server)

--- valkey-iot1 [populate] pid=17096 threads=7 load:4.80
    cmd: /home/stefanobaldo/valkey-9.1.1/src/valkey-server --port 6393 --save  --appendonly no --io-threads 1
    redis_version:7.2.4
    valkey_version:9.1.1
    os:Linux 7.0.0-1011-gcp aarch64
    gcc_version:13.3.0
    probe: 45/50 hits on key:%012d  dbsize=94981
cell arm=valkey-iot1 kind=warmup shape=set arg=- depth=64 clients=50 keyspace=100000 payload=64 n=1000000 ops=1776198.88 user_us=0.500 sys_us=0.070 total_us=0.570 cores=1.01 client_cores=0.37 evicted=0 evicted_per_op=0.000
cell arm=valkey-iot1 kind=warmup shape=set arg=- depth=64 clients=50 keyspace=100000 payload=64 n=1000000 ops=1782531.25 user_us=0.500 sys_us=0.060 total_us=0.560 cores=1.00 client_cores=0.38 evicted=0 evicted_per_op=0.000
cell arm=valkey-iot1 kind=warmup shape=set arg=- depth=64 clients=50 keyspace=100000 payload=64 n=1000000 ops=1788908.75 user_us=0.490 sys_us=0.070 total_us=0.560 cores=1.00 client_cores=0.37 evicted=0 evicted_per_op=0.000
cell arm=valkey-iot1 kind=warmup shape=set arg=- depth=64 clients=50 keyspace=100000 payload=64 n=1000000 ops=1785714.25 user_us=0.490 sys_us=0.070 total_us=0.560 cores=1.00 client_cores=0.38 evicted=0 evicted_per_op=0.000
cell arm=valkey-iot1 kind=warmup shape=set arg=- depth=64 clients=50 keyspace=100000 payload=64 n=1000000 ops=1788908.75 user_us=0.500 sys_us=0.070 total_us=0.570 cores=1.02 client_cores=0.38 evicted=0 evicted_per_op=0.000
cell arm=valkey-iot1 kind=kept shape=set arg=- depth=64 clients=50 keyspace=100000 payload=64 n=1000000 ops=1788908.75 user_us=0.480 sys_us=0.070 total_us=0.550 cores=0.98 client_cores=0.37 evicted=0 evicted_per_op=0.000
cell arm=valkey-iot1 kind=kept shape=set arg=- depth=64 clients=50 keyspace=100000 payload=64 n=1000000 ops=1792114.62 user_us=0.500 sys_us=0.070 total_us=0.570 cores=1.02 client_cores=0.37 evicted=0 evicted_per_op=0.000
cell arm=valkey-iot1 kind=kept shape=set arg=- depth=64 clients=50 keyspace=100000 payload=64 n=1000000 ops=1788908.75 user_us=0.490 sys_us=0.070 total_us=0.560 cores=1.00 client_cores=0.37 evicted=0 evicted_per_op=0.000
cell arm=valkey-iot1 kind=warmup shape=set-ex arg=60 depth=64 clients=50 keyspace=100000 payload=64 n=1000000 ops=1149425.25 user_us=0.780 sys_us=0.080 total_us=0.860 cores=0.99 client_cores=0.25 evicted=0 evicted_per_op=0.000
cell arm=valkey-iot1 kind=warmup shape=set-ex arg=60 depth=64 clients=50 keyspace=100000 payload=64 n=1000000 ops=1173708.88 user_us=0.770 sys_us=0.090 total_us=0.860 cores=1.01 client_cores=0.25 evicted=0 evicted_per_op=0.000
cell arm=valkey-iot1 kind=warmup shape=set-ex arg=60 depth=64 clients=50 keyspace=100000 payload=64 n=1000000 ops=1177856.38 user_us=0.780 sys_us=0.070 total_us=0.850 cores=1.00 client_cores=0.26 evicted=0 evicted_per_op=0.000
cell arm=valkey-iot1 kind=warmup shape=set-ex arg=60 depth=64 clients=50 keyspace=100000 payload=64 n=1000000 ops=1170960.25 user_us=0.760 sys_us=0.090 total_us=0.850 cores=1.00 client_cores=0.26 evicted=0 evicted_per_op=0.000
cell arm=valkey-iot1 kind=warmup shape=set-ex arg=60 depth=64 clients=50 keyspace=100000 payload=64 n=1000000 ops=1176470.50 user_us=0.780 sys_us=0.080 total_us=0.860 cores=1.01 client_cores=0.25 evicted=0 evicted_per_op=0.000
cell arm=valkey-iot1 kind=kept shape=set-ex arg=60 depth=64 clients=50 keyspace=100000 payload=64 n=1000000 ops=1172333.00 user_us=0.770 sys_us=0.090 total_us=0.860 cores=1.01 client_cores=0.26 evicted=0 evicted_per_op=0.000
cell arm=valkey-iot1 kind=kept shape=set-ex arg=60 depth=64 clients=50 keyspace=100000 payload=64 n=1000000 ops=1176470.50 user_us=0.760 sys_us=0.080 total_us=0.840 cores=0.99 client_cores=0.25 evicted=0 evicted_per_op=0.000
cell arm=valkey-iot1 kind=kept shape=set-ex arg=60 depth=64 clients=50 keyspace=100000 payload=64 n=1000000 ops=1182033.12 user_us=0.760 sys_us=0.090 total_us=0.850 cores=1.00 client_cores=0.25 evicted=0 evicted_per_op=0.000
    ttl probe: 60 (a deadline reached the server)

--- valkey-iot4 [populate] pid=17653 threads=13 load:3.95
    cmd: /home/stefanobaldo/valkey-9.1.1/src/valkey-server --port 6393 --save  --appendonly no --io-threads 4
    redis_version:7.2.4
    valkey_version:9.1.1
    os:Linux 7.0.0-1011-gcp aarch64
    gcc_version:13.3.0
    probe: 48/50 hits on key:%012d  dbsize=95041
cell arm=valkey-iot4 kind=warmup shape=set arg=- depth=64 clients=50 keyspace=100000 payload=64 n=1000000 ops=2403846.00 user_us=0.880 sys_us=0.080 total_us=0.960 cores=2.31 client_cores=0.54 evicted=0 evicted_per_op=0.000
cell arm=valkey-iot4 kind=warmup shape=set arg=- depth=64 clients=50 keyspace=100000 payload=64 n=1000000 ops=2610966.25 user_us=1.330 sys_us=0.100 total_us=1.430 cores=3.73 client_cores=0.61 evicted=0 evicted_per_op=0.000
cell arm=valkey-iot4 kind=warmup shape=set arg=- depth=64 clients=50 keyspace=100000 payload=64 n=1000000 ops=2610966.25 user_us=1.440 sys_us=0.110 total_us=1.550 cores=4.05 client_cores=0.62 evicted=0 evicted_per_op=0.000
cell arm=valkey-iot4 kind=warmup shape=set arg=- depth=64 clients=50 keyspace=100000 payload=64 n=1000000 ops=2631579.00 user_us=1.430 sys_us=0.110 total_us=1.540 cores=4.05 client_cores=0.63 evicted=0 evicted_per_op=0.000
cell arm=valkey-iot4 kind=warmup shape=set arg=- depth=64 clients=50 keyspace=100000 payload=64 n=1000000 ops=2631579.00 user_us=1.440 sys_us=0.090 total_us=1.530 cores=4.03 client_cores=0.61 evicted=0 evicted_per_op=0.000
cell arm=valkey-iot4 kind=kept shape=set arg=- depth=64 clients=50 keyspace=100000 payload=64 n=1000000 ops=2624671.75 user_us=1.420 sys_us=0.120 total_us=1.540 cores=4.04 client_cores=0.62 evicted=0 evicted_per_op=0.000
cell arm=valkey-iot4 kind=kept shape=set arg=- depth=64 clients=50 keyspace=100000 payload=64 n=1000000 ops=2631579.00 user_us=1.430 sys_us=0.100 total_us=1.530 cores=4.03 client_cores=0.62 evicted=0 evicted_per_op=0.000
cell arm=valkey-iot4 kind=kept shape=set arg=- depth=64 clients=50 keyspace=100000 payload=64 n=1000000 ops=2631579.00 user_us=1.430 sys_us=0.110 total_us=1.540 cores=4.05 client_cores=0.61 evicted=0 evicted_per_op=0.000
cell arm=valkey-iot4 kind=warmup shape=set-ex arg=60 depth=64 clients=50 keyspace=100000 payload=64 n=1000000 ops=1636661.25 user_us=2.350 sys_us=0.110 total_us=2.460 cores=4.03 client_cores=0.40 evicted=0 evicted_per_op=0.000
cell arm=valkey-iot4 kind=warmup shape=set-ex arg=60 depth=64 clients=50 keyspace=100000 payload=64 n=1000000 ops=1677852.25 user_us=2.280 sys_us=0.120 total_us=2.400 cores=4.03 client_cores=0.41 evicted=0 evicted_per_op=0.000
cell arm=valkey-iot4 kind=warmup shape=set-ex arg=60 depth=64 clients=50 keyspace=100000 payload=64 n=1000000 ops=1683501.75 user_us=2.270 sys_us=0.120 total_us=2.390 cores=4.02 client_cores=0.41 evicted=0 evicted_per_op=0.000
cell arm=valkey-iot4 kind=warmup shape=set-ex arg=60 depth=64 clients=50 keyspace=100000 payload=64 n=1000000 ops=1672240.88 user_us=2.290 sys_us=0.120 total_us=2.410 cores=4.03 client_cores=0.42 evicted=0 evicted_per_op=0.000
cell arm=valkey-iot4 kind=warmup shape=set-ex arg=60 depth=64 clients=50 keyspace=100000 payload=64 n=1000000 ops=1677852.25 user_us=2.290 sys_us=0.120 total_us=2.410 cores=4.04 client_cores=0.42 evicted=0 evicted_per_op=0.000
cell arm=valkey-iot4 kind=kept shape=set-ex arg=60 depth=64 clients=50 keyspace=100000 payload=64 n=1000000 ops=1675041.88 user_us=2.140 sys_us=0.110 total_us=2.250 cores=3.77 client_cores=0.42 evicted=0 evicted_per_op=0.000
cell arm=valkey-iot4 kind=kept shape=set-ex arg=60 depth=64 clients=50 keyspace=100000 payload=64 n=1000000 ops=1683501.75 user_us=2.280 sys_us=0.120 total_us=2.400 cores=4.04 client_cores=0.41 evicted=0 evicted_per_op=0.000
cell arm=valkey-iot4 kind=kept shape=set-ex arg=60 depth=64 clients=50 keyspace=100000 payload=64 n=1000000 ops=1680672.25 user_us=2.290 sys_us=0.110 total_us=2.400 cores=4.03 client_cores=0.40 evicted=0 evicted_per_op=0.000
    ttl probe: 60 (a deadline reached the server)

--- dragonfly [populate] pid=18216 threads=11 load:4.11
    cmd: /home/stefanobaldo/dragonfly/dragonfly-aarch64 --port=6392 --proactor_threads=10 --dbfilename= --logtostderr=false
    redis_version:7.4.0
    dragonfly_version:df-v1.40.2
    os:Linux 7.0.0-1011-gcp aarch64
    probe: 49/50 hits on key:%012d  dbsize=95072
cell arm=dragonfly kind=warmup shape=set arg=- depth=64 clients=50 keyspace=100000 payload=64 n=1000000 ops=4629629.50 user_us=1.290 sys_us=0.240 total_us=1.530 cores=7.08 client_cores=1.01 evicted=0 evicted_per_op=0.000
cell arm=dragonfly kind=warmup shape=set arg=- depth=64 clients=50 keyspace=100000 payload=64 n=1000000 ops=4694835.50 user_us=1.280 sys_us=0.240 total_us=1.520 cores=7.14 client_cores=1.01 evicted=0 evicted_per_op=0.000
cell arm=dragonfly kind=warmup shape=set arg=- depth=64 clients=50 keyspace=100000 payload=64 n=1000000 ops=4545454.50 user_us=1.300 sys_us=0.240 total_us=1.540 cores=7.00 client_cores=1.01 evicted=0 evicted_per_op=0.000
cell arm=dragonfly kind=warmup shape=set arg=- depth=64 clients=50 keyspace=100000 payload=64 n=1000000 ops=4629629.50 user_us=1.290 sys_us=0.250 total_us=1.540 cores=7.13 client_cores=1.01 evicted=0 evicted_per_op=0.000
cell arm=dragonfly kind=warmup shape=set arg=- depth=64 clients=50 keyspace=100000 payload=64 n=1000000 ops=4484305.00 user_us=1.320 sys_us=0.230 total_us=1.550 cores=6.95 client_cores=1.01 evicted=0 evicted_per_op=0.000
cell arm=dragonfly kind=kept shape=set arg=- depth=64 clients=50 keyspace=100000 payload=64 n=1000000 ops=4405286.50 user_us=1.330 sys_us=0.240 total_us=1.570 cores=6.92 client_cores=1.01 evicted=0 evicted_per_op=0.000
cell arm=dragonfly kind=kept shape=set arg=- depth=64 clients=50 keyspace=100000 payload=64 n=1000000 ops=4651162.50 user_us=1.310 sys_us=0.240 total_us=1.550 cores=7.21 client_cores=1.01 evicted=0 evicted_per_op=0.000
cell arm=dragonfly kind=kept shape=set arg=- depth=64 clients=50 keyspace=100000 payload=64 n=1000000 ops=4545454.50 user_us=1.300 sys_us=0.260 total_us=1.560 cores=7.09 client_cores=1.01 evicted=0 evicted_per_op=0.000
cell arm=dragonfly kind=warmup shape=set-ex arg=60 depth=64 clients=50 keyspace=100000 payload=64 n=1000000 ops=4566210.00 user_us=1.450 sys_us=0.210 total_us=1.660 cores=7.58 client_cores=1.01 evicted=0 evicted_per_op=0.000
cell arm=dragonfly kind=warmup shape=set-ex arg=60 depth=64 clients=50 keyspace=100000 payload=64 n=1000000 ops=4651162.50 user_us=1.450 sys_us=0.200 total_us=1.650 cores=7.67 client_cores=1.01 evicted=0 evicted_per_op=0.000
cell arm=dragonfly kind=warmup shape=set-ex arg=60 depth=64 clients=50 keyspace=100000 payload=64 n=1000000 ops=4608295.00 user_us=1.460 sys_us=0.210 total_us=1.670 cores=7.70 client_cores=1.01 evicted=0 evicted_per_op=0.000
cell arm=dragonfly kind=warmup shape=set-ex arg=60 depth=64 clients=50 keyspace=100000 payload=64 n=1000000 ops=4566210.00 user_us=1.460 sys_us=0.200 total_us=1.660 cores=7.58 client_cores=1.01 evicted=0 evicted_per_op=0.000
cell arm=dragonfly kind=warmup shape=set-ex arg=60 depth=64 clients=50 keyspace=100000 payload=64 n=1000000 ops=4587156.00 user_us=1.450 sys_us=0.230 total_us=1.680 cores=7.71 client_cores=1.01 evicted=0 evicted_per_op=0.000
cell arm=dragonfly kind=kept shape=set-ex arg=60 depth=64 clients=50 keyspace=100000 payload=64 n=1000000 ops=4484305.00 user_us=1.480 sys_us=0.210 total_us=1.690 cores=7.58 client_cores=1.01 evicted=0 evicted_per_op=0.000
cell arm=dragonfly kind=kept shape=set-ex arg=60 depth=64 clients=50 keyspace=100000 payload=64 n=1000000 ops=4424779.00 user_us=1.450 sys_us=0.240 total_us=1.690 cores=7.48 client_cores=1.01 evicted=0 evicted_per_op=0.000
cell arm=dragonfly kind=kept shape=set-ex arg=60 depth=64 clients=50 keyspace=100000 payload=64 n=1000000 ops=4444444.50 user_us=1.490 sys_us=0.210 total_us=1.700 cores=7.56 client_cores=1.01 evicted=0 evicted_per_op=0.000
    ttl probe: 60 (a deadline reached the server)

--- garnet [populate] pid=18773 threads=27 load:4.50
    cmd: /home/stefanobaldo/garnet/net8.0/GarnetServer --port 6394
    garnet_version:2.1.5
    os:Unix 7.0.0.1011
    redis_version:7.4.3
    probe: 47/50 hits on key:%012d  dbsize=94980
cell arm=garnet kind=warmup shape=set arg=- depth=64 clients=50 keyspace=100000 payload=64 n=1000000 ops=3076923.25 user_us=2.830 sys_us=0.360 total_us=3.190 cores=9.82 client_cores=0.70 evicted=- evicted_per_op=-
cell arm=garnet kind=warmup shape=set arg=- depth=64 clients=50 keyspace=100000 payload=64 n=1000000 ops=4166666.75 user_us=2.210 sys_us=0.200 total_us=2.410 cores=10.04 client_cores=0.92 evicted=- evicted_per_op=-
cell arm=garnet kind=warmup shape=set arg=- depth=64 clients=50 keyspace=100000 payload=64 n=1000000 ops=4587156.00 user_us=1.920 sys_us=0.230 total_us=2.150 cores=9.86 client_cores=1.00 evicted=- evicted_per_op=-
cell arm=garnet kind=warmup shape=set arg=- depth=64 clients=50 keyspace=100000 payload=64 n=1000000 ops=4716981.00 user_us=1.870 sys_us=0.240 total_us=2.110 cores=9.95 client_cores=1.01 evicted=- evicted_per_op=-
cell arm=garnet kind=warmup shape=set arg=- depth=64 clients=50 keyspace=100000 payload=64 n=1000000 ops=4385965.00 user_us=1.320 sys_us=0.510 total_us=1.830 cores=8.03 client_cores=1.01 evicted=- evicted_per_op=-
cell arm=garnet kind=kept shape=set arg=- depth=64 clients=50 keyspace=100000 payload=64 n=1000000 ops=4310345.00 user_us=0.940 sys_us=0.570 total_us=1.510 cores=6.51 client_cores=1.01 evicted=- evicted_per_op=-
cell arm=garnet kind=kept shape=set arg=- depth=64 clients=50 keyspace=100000 payload=64 n=1000000 ops=4016064.25 user_us=0.930 sys_us=0.610 total_us=1.540 cores=6.18 client_cores=1.01 evicted=- evicted_per_op=-
cell arm=garnet kind=kept shape=set arg=- depth=64 clients=50 keyspace=100000 payload=64 n=1000000 ops=4310345.00 user_us=0.950 sys_us=0.540 total_us=1.490 cores=6.42 client_cores=1.01 evicted=- evicted_per_op=-
cell arm=garnet kind=warmup shape=set-ex arg=60 depth=64 clients=50 keyspace=100000 payload=64 n=1000000 ops=3636363.50 user_us=1.820 sys_us=0.890 total_us=2.710 cores=9.85 client_cores=0.89 evicted=- evicted_per_op=-
cell arm=garnet kind=warmup shape=set-ex arg=60 depth=64 clients=50 keyspace=100000 payload=64 n=1000000 ops=4329004.00 user_us=0.980 sys_us=0.490 total_us=1.470 cores=6.36 client_cores=1.01 evicted=- evicted_per_op=-
cell arm=garnet kind=warmup shape=set-ex arg=60 depth=64 clients=50 keyspace=100000 payload=64 n=1000000 ops=4273504.50 user_us=1.020 sys_us=0.530 total_us=1.550 cores=6.62 client_cores=1.01 evicted=- evicted_per_op=-
cell arm=garnet kind=warmup shape=set-ex arg=60 depth=64 clients=50 keyspace=100000 payload=64 n=1000000 ops=4273504.50 user_us=1.000 sys_us=0.470 total_us=1.470 cores=6.28 client_cores=1.01 evicted=- evicted_per_op=-
cell arm=garnet kind=warmup shape=set-ex arg=60 depth=64 clients=50 keyspace=100000 payload=64 n=1000000 ops=4016064.25 user_us=1.150 sys_us=0.930 total_us=2.080 cores=8.35 client_cores=1.01 evicted=- evicted_per_op=-
cell arm=garnet kind=kept shape=set-ex arg=60 depth=64 clients=50 keyspace=100000 payload=64 n=1000000 ops=3921568.75 user_us=1.050 sys_us=0.580 total_us=1.630 cores=6.39 client_cores=1.01 evicted=- evicted_per_op=-
cell arm=garnet kind=kept shape=set-ex arg=60 depth=64 clients=50 keyspace=100000 payload=64 n=1000000 ops=4329004.00 user_us=1.050 sys_us=0.530 total_us=1.580 cores=6.84 client_cores=1.01 evicted=- evicted_per_op=-
cell arm=garnet kind=kept shape=set-ex arg=60 depth=64 clients=50 keyspace=100000 payload=64 n=1000000 ops=4255319.00 user_us=1.020 sys_us=0.570 total_us=1.590 cores=6.77 client_cores=1.01 evicted=- evicted_per_op=-
    ttl probe: 60 (a deadline reached the server)

### stage expiry done 2026-10-10T01:56:06Z  load:4.77 3.87 2.14
