### stage keys start 2026-10-10T02:01:29Z
### load at start: 5.60 4.06 2.66
### kernel 7.0.0-1011-gcp aarch64  cpus server=0-9 client=10-15
### os Ubuntu 24.04.4 LTS  memtotal 62.7 GiB
### seedstone seedstone 0.3.0  benchmark redis-benchmark 8.10.0

### keys: KEYS over 7 000 keys of 10 240 B, 64 prefixes, one fixed prefix matched per call
### (~109 keys); depth 1; 50 clients; 20 000 calls per run; keyspace loaded by keys-load.sh,
### the same keys every run; W=5. ops is KEYS calls per second.
--- seedstone [loadkeys] pid=25564 threads=11 load:5.60
    cmd: /home/stefanobaldo/src/seedstone-v0.3.0/target/release/seedstone --bind 127.0.0.1:6390 --max-clients 2000 --no-auth
    redis_version:0.3.0
    keyspace: 7000 keys of 10240 B over 64 prefixes, 199 B a key; dbsize=7000
    pipe: errors: 0, replies: 7000
cell arm=seedstone kind=warmup shape=keys arg=7 depth=1 clients=50 keyspace=7000 payload=10240 n=20000 ops=2973.54 user_us=3257.500 sys_us=82.500 total_us=3340.000 cores=9.93 client_cores=0.06 evicted=0 evicted_per_op=0.000
cell arm=seedstone kind=warmup shape=keys arg=7 depth=1 clients=50 keyspace=7000 payload=10240 n=20000 ops=2977.52 user_us=3255.000 sys_us=83.000 total_us=3338.000 cores=9.94 client_cores=0.06 evicted=0 evicted_per_op=0.000
cell arm=seedstone kind=warmup shape=keys arg=7 depth=1 clients=50 keyspace=7000 payload=10240 n=20000 ops=2972.21 user_us=3257.000 sys_us=84.000 total_us=3341.000 cores=9.93 client_cores=0.06 evicted=0 evicted_per_op=0.000
cell arm=seedstone kind=warmup shape=keys arg=7 depth=1 clients=50 keyspace=7000 payload=10240 n=20000 ops=2984.63 user_us=3244.500 sys_us=84.500 total_us=3329.000 cores=9.94 client_cores=0.06 evicted=0 evicted_per_op=0.000
cell arm=seedstone kind=warmup shape=keys arg=7 depth=1 clients=50 keyspace=7000 payload=10240 n=20000 ops=2983.74 user_us=3245.000 sys_us=86.000 total_us=3331.000 cores=9.94 client_cores=0.06 evicted=0 evicted_per_op=0.000
cell arm=seedstone kind=kept shape=keys arg=7 depth=1 clients=50 keyspace=7000 payload=10240 n=20000 ops=2971.33 user_us=3257.000 sys_us=85.500 total_us=3342.500 cores=9.93 client_cores=0.06 evicted=0 evicted_per_op=0.000
cell arm=seedstone kind=kept shape=keys arg=7 depth=1 clients=50 keyspace=7000 payload=10240 n=20000 ops=2973.09 user_us=3252.500 sys_us=87.500 total_us=3340.000 cores=9.93 client_cores=0.06 evicted=0 evicted_per_op=0.000
cell arm=seedstone kind=kept shape=keys arg=7 depth=1 clients=50 keyspace=7000 payload=10240 n=20000 ops=2977.96 user_us=3253.000 sys_us=83.000 total_us=3336.000 cores=9.93 client_cores=0.06 evicted=0 evicted_per_op=0.000

--- redis-iot1 [loadkeys] pid=25809 threads=6 load:8.30
    cmd: /home/stefanobaldo/redis-8.10.0/src/redis-server --port 6391 --save  --appendonly no --io-threads 1
    redis_version:8.10.0
    os:Linux 7.0.0-1011-gcp aarch64
    gcc_version:13.3.0
    keyspace: 7000 keys of 10240 B over 64 prefixes, 199 B a key; dbsize=7000
    pipe: errors: 0, replies: 7000
cell arm=redis-iot1 kind=warmup shape=keys arg=7 depth=1 clients=50 keyspace=7000 payload=10240 n=20000 ops=687.71 user_us=1445.500 sys_us=8.000 total_us=1453.500 cores=1.00 client_cores=0.01 evicted=0 evicted_per_op=0.000
cell arm=redis-iot1 kind=warmup shape=keys arg=7 depth=1 clients=50 keyspace=7000 payload=10240 n=20000 ops=687.73 user_us=1445.500 sys_us=9.000 total_us=1454.500 cores=1.00 client_cores=0.01 evicted=0 evicted_per_op=0.000
cell arm=redis-iot1 kind=warmup shape=keys arg=7 depth=1 clients=50 keyspace=7000 payload=10240 n=20000 ops=687.64 user_us=1445.000 sys_us=9.000 total_us=1454.000 cores=1.00 client_cores=0.02 evicted=0 evicted_per_op=0.000
cell arm=redis-iot1 kind=warmup shape=keys arg=7 depth=1 clients=50 keyspace=7000 payload=10240 n=20000 ops=687.64 user_us=1444.500 sys_us=10.000 total_us=1454.500 cores=1.00 client_cores=0.01 evicted=0 evicted_per_op=0.000
cell arm=redis-iot1 kind=warmup shape=keys arg=7 depth=1 clients=50 keyspace=7000 payload=10240 n=20000 ops=687.78 user_us=1444.000 sys_us=10.000 total_us=1454.000 cores=1.00 client_cores=0.01 evicted=0 evicted_per_op=0.000
cell arm=redis-iot1 kind=kept shape=keys arg=7 depth=1 clients=50 keyspace=7000 payload=10240 n=20000 ops=687.64 user_us=1446.000 sys_us=8.500 total_us=1454.500 cores=1.00 client_cores=0.01 evicted=0 evicted_per_op=0.000
cell arm=redis-iot1 kind=kept shape=keys arg=7 depth=1 clients=50 keyspace=7000 payload=10240 n=20000 ops=687.69 user_us=1445.000 sys_us=8.500 total_us=1453.500 cores=1.00 client_cores=0.01 evicted=0 evicted_per_op=0.000
cell arm=redis-iot1 kind=kept shape=keys arg=7 depth=1 clients=50 keyspace=7000 payload=10240 n=20000 ops=686.08 user_us=1449.500 sys_us=8.500 total_us=1458.000 cores=1.00 client_cores=0.01 evicted=0 evicted_per_op=0.000

--- redis-iot4 [loadkeys] pid=26057 threads=9 load:1.05
    cmd: /home/stefanobaldo/redis-8.10.0/src/redis-server --port 6391 --save  --appendonly no --io-threads 4
    redis_version:8.10.0
    os:Linux 7.0.0-1011-gcp aarch64
    gcc_version:13.3.0
    keyspace: 7000 keys of 10240 B over 64 prefixes, 199 B a key; dbsize=7000
    pipe: errors: 0, replies: 7000
cell arm=redis-iot4 kind=warmup shape=keys arg=7 depth=1 clients=50 keyspace=7000 payload=10240 n=20000 ops=697.18 user_us=1451.000 sys_us=52.500 total_us=1503.500 cores=1.05 client_cores=0.02 evicted=0 evicted_per_op=0.000
cell arm=redis-iot4 kind=warmup shape=keys arg=7 depth=1 clients=50 keyspace=7000 payload=10240 n=20000 ops=697.13 user_us=1440.500 sys_us=30.500 total_us=1471.000 cores=1.03 client_cores=0.02 evicted=0 evicted_per_op=0.000
cell arm=redis-iot4 kind=warmup shape=keys arg=7 depth=1 clients=50 keyspace=7000 payload=10240 n=20000 ops=696.82 user_us=1442.500 sys_us=28.500 total_us=1471.000 cores=1.03 client_cores=0.02 evicted=0 evicted_per_op=0.000
cell arm=redis-iot4 kind=warmup shape=keys arg=7 depth=1 clients=50 keyspace=7000 payload=10240 n=20000 ops=696.91 user_us=1443.000 sys_us=32.000 total_us=1475.000 cores=1.03 client_cores=0.02 evicted=0 evicted_per_op=0.000
cell arm=redis-iot4 kind=warmup shape=keys arg=7 depth=1 clients=50 keyspace=7000 payload=10240 n=20000 ops=696.74 user_us=1441.000 sys_us=30.000 total_us=1471.000 cores=1.02 client_cores=0.02 evicted=0 evicted_per_op=0.000
cell arm=redis-iot4 kind=kept shape=keys arg=7 depth=1 clients=50 keyspace=7000 payload=10240 n=20000 ops=697.01 user_us=1443.500 sys_us=30.500 total_us=1474.000 cores=1.03 client_cores=0.02 evicted=0 evicted_per_op=0.000
cell arm=redis-iot4 kind=kept shape=keys arg=7 depth=1 clients=50 keyspace=7000 payload=10240 n=20000 ops=696.74 user_us=1441.500 sys_us=27.500 total_us=1469.000 cores=1.02 client_cores=0.02 evicted=0 evicted_per_op=0.000
cell arm=redis-iot4 kind=kept shape=keys arg=7 depth=1 clients=50 keyspace=7000 payload=10240 n=20000 ops=696.65 user_us=1444.000 sys_us=31.500 total_us=1475.500 cores=1.03 client_cores=0.02 evicted=0 evicted_per_op=0.000

--- valkey-iot1 [loadkeys] pid=26566 threads=7 load:0.92
    cmd: /home/stefanobaldo/valkey-9.1.1/src/valkey-server --port 6393 --save  --appendonly no --io-threads 1
    redis_version:7.2.4
    valkey_version:9.1.1
    os:Linux 7.0.0-1011-gcp aarch64
    gcc_version:13.3.0
    keyspace: 7000 keys of 10240 B over 64 prefixes, 199 B a key; dbsize=7000
    pipe: errors: 0, replies: 7000
cell arm=valkey-iot1 kind=warmup shape=keys arg=7 depth=1 clients=50 keyspace=7000 payload=10240 n=20000 ops=701.31 user_us=1418.000 sys_us=8.000 total_us=1426.000 cores=1.00 client_cores=0.01 evicted=0 evicted_per_op=0.000
cell arm=valkey-iot1 kind=warmup shape=keys arg=7 depth=1 clients=50 keyspace=7000 payload=10240 n=20000 ops=700.57 user_us=1418.500 sys_us=9.500 total_us=1428.000 cores=1.00 client_cores=0.01 evicted=0 evicted_per_op=0.000
cell arm=valkey-iot1 kind=warmup shape=keys arg=7 depth=1 clients=50 keyspace=7000 payload=10240 n=20000 ops=700.55 user_us=1418.500 sys_us=9.000 total_us=1427.500 cores=1.00 client_cores=0.01 evicted=0 evicted_per_op=0.000
cell arm=valkey-iot1 kind=warmup shape=keys arg=7 depth=1 clients=50 keyspace=7000 payload=10240 n=20000 ops=701.34 user_us=1416.500 sys_us=9.000 total_us=1425.500 cores=1.00 client_cores=0.02 evicted=0 evicted_per_op=0.000
cell arm=valkey-iot1 kind=warmup shape=keys arg=7 depth=1 clients=50 keyspace=7000 payload=10240 n=20000 ops=701.34 user_us=1417.500 sys_us=8.500 total_us=1426.000 cores=1.00 client_cores=0.02 evicted=0 evicted_per_op=0.000
cell arm=valkey-iot1 kind=kept shape=keys arg=7 depth=1 clients=50 keyspace=7000 payload=10240 n=20000 ops=701.26 user_us=1418.000 sys_us=8.500 total_us=1426.500 cores=1.00 client_cores=0.02 evicted=0 evicted_per_op=0.000
cell arm=valkey-iot1 kind=kept shape=keys arg=7 depth=1 clients=50 keyspace=7000 payload=10240 n=20000 ops=701.26 user_us=1417.000 sys_us=8.500 total_us=1425.500 cores=1.00 client_cores=0.02 evicted=0 evicted_per_op=0.000
cell arm=valkey-iot1 kind=kept shape=keys arg=7 depth=1 clients=50 keyspace=7000 payload=10240 n=20000 ops=701.31 user_us=1418.500 sys_us=7.500 total_us=1426.000 cores=1.00 client_cores=0.01 evicted=0 evicted_per_op=0.000

--- valkey-iot4 [loadkeys] pid=26998 threads=13 load:1.00
    cmd: /home/stefanobaldo/valkey-9.1.1/src/valkey-server --port 6393 --save  --appendonly no --io-threads 4
    redis_version:7.2.4
    valkey_version:9.1.1
    os:Linux 7.0.0-1011-gcp aarch64
    gcc_version:13.3.0
    keyspace: 7000 keys of 10240 B over 64 prefixes, 199 B a key; dbsize=7000
    pipe: errors: 0, replies: 7000
cell arm=valkey-iot4 kind=warmup shape=keys arg=7 depth=1 clients=50 keyspace=7000 payload=10240 n=20000 ops=711.31 user_us=2783.000 sys_us=11.000 total_us=2794.000 cores=1.99 client_cores=0.02 evicted=0 evicted_per_op=0.000
cell arm=valkey-iot4 kind=warmup shape=keys arg=7 depth=1 clients=50 keyspace=7000 payload=10240 n=20000 ops=711.57 user_us=2801.500 sys_us=9.500 total_us=2811.000 cores=2.00 client_cores=0.02 evicted=0 evicted_per_op=0.000
cell arm=valkey-iot4 kind=warmup shape=keys arg=7 depth=1 clients=50 keyspace=7000 payload=10240 n=20000 ops=711.69 user_us=2800.000 sys_us=10.000 total_us=2810.000 cores=2.00 client_cores=0.02 evicted=0 evicted_per_op=0.000
cell arm=valkey-iot4 kind=warmup shape=keys arg=7 depth=1 clients=50 keyspace=7000 payload=10240 n=20000 ops=711.11 user_us=2804.000 sys_us=9.000 total_us=2813.000 cores=2.00 client_cores=0.02 evicted=0 evicted_per_op=0.000
cell arm=valkey-iot4 kind=warmup shape=keys arg=7 depth=1 clients=50 keyspace=7000 payload=10240 n=20000 ops=709.98 user_us=2807.500 sys_us=9.500 total_us=2817.000 cores=2.00 client_cores=0.02 evicted=0 evicted_per_op=0.000
cell arm=valkey-iot4 kind=kept shape=keys arg=7 depth=1 clients=50 keyspace=7000 payload=10240 n=20000 ops=711.21 user_us=2801.000 sys_us=11.000 total_us=2812.000 cores=2.00 client_cores=0.02 evicted=0 evicted_per_op=0.000
cell arm=valkey-iot4 kind=kept shape=keys arg=7 depth=1 clients=50 keyspace=7000 payload=10240 n=20000 ops=711.44 user_us=2801.000 sys_us=10.500 total_us=2811.500 cores=2.00 client_cores=0.02 evicted=0 evicted_per_op=0.000
cell arm=valkey-iot4 kind=kept shape=keys arg=7 depth=1 clients=50 keyspace=7000 payload=10240 n=20000 ops=711.36 user_us=2802.000 sys_us=9.500 total_us=2811.500 cores=2.00 client_cores=0.02 evicted=0 evicted_per_op=0.000

--- dragonfly [loadkeys] pid=27504 threads=11 load:1.83
    cmd: /home/stefanobaldo/dragonfly/dragonfly-aarch64 --port=6392 --proactor_threads=10 --dbfilename= --logtostderr=false
    redis_version:7.4.0
    dragonfly_version:df-v1.40.2
    os:Linux 7.0.0-1011-gcp aarch64
    keyspace: 7000 keys of 10240 B over 64 prefixes, 199 B a key; dbsize=7000
    pipe: errors: 6, replies: 7005
cell arm=dragonfly kind=warmup shape=keys arg=7 depth=1 clients=50 keyspace=7000 payload=10240 n=20000 ops=2118.87 user_us=2264.000 sys_us=84.500 total_us=2348.500 cores=4.98 client_cores=0.04 evicted=0 evicted_per_op=0.000
cell arm=dragonfly kind=warmup shape=keys arg=7 depth=1 clients=50 keyspace=7000 payload=10240 n=20000 ops=2134.02 user_us=2267.500 sys_us=83.000 total_us=2350.500 cores=5.02 client_cores=0.04 evicted=0 evicted_per_op=0.000
cell arm=dragonfly kind=warmup shape=keys arg=7 depth=1 clients=50 keyspace=7000 payload=10240 n=20000 ops=2131.51 user_us=2264.000 sys_us=84.000 total_us=2348.000 cores=5.00 client_cores=0.04 evicted=0 evicted_per_op=0.000
cell arm=dragonfly kind=warmup shape=keys arg=7 depth=1 clients=50 keyspace=7000 payload=10240 n=20000 ops=2120.44 user_us=2264.000 sys_us=87.500 total_us=2351.500 cores=4.99 client_cores=0.05 evicted=0 evicted_per_op=0.000
cell arm=dragonfly kind=warmup shape=keys arg=7 depth=1 clients=50 keyspace=7000 payload=10240 n=20000 ops=2102.39 user_us=2265.000 sys_us=88.000 total_us=2353.000 cores=4.95 client_cores=0.04 evicted=0 evicted_per_op=0.000
cell arm=dragonfly kind=kept shape=keys arg=7 depth=1 clients=50 keyspace=7000 payload=10240 n=20000 ops=2118.64 user_us=2263.500 sys_us=87.000 total_us=2350.500 cores=4.98 client_cores=0.04 evicted=0 evicted_per_op=0.000
cell arm=dragonfly kind=kept shape=keys arg=7 depth=1 clients=50 keyspace=7000 payload=10240 n=20000 ops=2088.77 user_us=2268.000 sys_us=86.000 total_us=2354.000 cores=4.92 client_cores=0.04 evicted=0 evicted_per_op=0.000
cell arm=dragonfly kind=kept shape=keys arg=7 depth=1 clients=50 keyspace=7000 payload=10240 n=20000 ops=2112.60 user_us=2262.500 sys_us=88.000 total_us=2350.500 cores=4.97 client_cores=0.04 evicted=0 evicted_per_op=0.000

--- garnet [loadkeys] pid=27956 threads=27 load:4.26
    cmd: /home/stefanobaldo/garnet/net8.0/GarnetServer --port 6394
    garnet_version:2.1.5
    os:Unix 7.0.0.1011
    redis_version:7.4.3
    keyspace: 7000 keys of 10240 B over 64 prefixes, 199 B a key; dbsize=7000
    pipe: errors: 0, replies: 7000
cell arm=garnet kind=warmup shape=keys arg=7 depth=1 clients=50 keyspace=7000 payload=10240 n=20000 ops=1456.35 user_us=6708.000 sys_us=102.500 total_us=6810.500 cores=9.92 client_cores=0.03 evicted=- evicted_per_op=-
cell arm=garnet kind=warmup shape=keys arg=7 depth=1 clients=50 keyspace=7000 payload=10240 n=20000 ops=1532.45 user_us=6398.000 sys_us=84.500 total_us=6482.500 cores=9.93 client_cores=0.03 evicted=- evicted_per_op=-
cell arm=garnet kind=warmup shape=keys arg=7 depth=1 clients=50 keyspace=7000 payload=10240 n=20000 ops=1480.06 user_us=6606.500 sys_us=132.000 total_us=6738.500 cores=9.97 client_cores=0.03 evicted=- evicted_per_op=-
cell arm=garnet kind=warmup shape=keys arg=7 depth=1 clients=50 keyspace=7000 payload=10240 n=20000 ops=1535.04 user_us=6397.000 sys_us=81.500 total_us=6478.500 cores=9.94 client_cores=0.03 evicted=- evicted_per_op=-
cell arm=garnet kind=warmup shape=keys arg=7 depth=1 clients=50 keyspace=7000 payload=10240 n=20000 ops=1521.49 user_us=6450.500 sys_us=91.500 total_us=6542.000 cores=9.95 client_cores=0.03 evicted=- evicted_per_op=-
cell arm=garnet kind=kept shape=keys arg=7 depth=1 clients=50 keyspace=7000 payload=10240 n=20000 ops=1518.49 user_us=6464.000 sys_us=107.000 total_us=6571.000 cores=9.98 client_cores=0.03 evicted=- evicted_per_op=-
cell arm=garnet kind=kept shape=keys arg=7 depth=1 clients=50 keyspace=7000 payload=10240 n=20000 ops=1514.00 user_us=6486.000 sys_us=106.500 total_us=6592.500 cores=9.98 client_cores=0.03 evicted=- evicted_per_op=-
cell arm=garnet kind=kept shape=keys arg=7 depth=1 clients=50 keyspace=7000 payload=10240 n=20000 ops=1506.25 user_us=6514.000 sys_us=114.500 total_us=6628.500 cores=9.98 client_cores=0.03 evicted=- evicted_per_op=-

### stage keys done 2026-10-10T02:21:28Z  load:11.75 6.20 3.62
